node.exe : npm warn config ignoring workspace config at C:\dev\Area-app\frontend/.npmrc
発生場所 C:\Program Files\nodejs\npx.ps1:29 文字:3
+   & $NODE_EXE $NPX_CLI_JS $args
+   ~~~~~~~~~~~~~~~~~~~~~~~~~~~~~
    + CategoryInfo          : NotSpecified: (npm warn config...frontend/.npmrc:String) [ 
   ], RemoteException
    + FullyQualifiedErrorId : NativeCommandError
 
app/(tabs)/_layout.tsx(32,14): error TS2786: 'Home' cannot be used as a JSX component.
  Its type 'LucideIcon' is not a valid JSX element type.
    Type 'ForwardRefExoticComponent<LucideProps>' is not assignable to type '(props: any) => ReactNode | Promise<ReactNode>'.
      Type 'ReactNode' is not assignable to type 'ReactNode | Promise<ReactNode>'.
        Type 'ReactElement<unknown, string | JSXElementConstructor<any>>' is not assignable to type 'ReactNode | Promise<ReactNode>'.
          Property 'children' is missing in type 'ReactElement<unknown, string | JSXElementConstructor<any>>' but required in type 'ReactPortal'.
app/(tabs)/_layout.tsx(41,14): error TS2786: 'Plus' cannot be used as a JSX component.
  Its type 'LucideIcon' is not a valid JSX element type.
    Type 'ForwardRefExoticComponent<LucideProps>' is not assignable to type '(props: any) => ReactNode | Promise<ReactNode>'.
      Type 'ReactNode' is not assignable to type 'ReactNode | Promise<ReactNode>'.
        Type 'ReactElement<unknown, string | JSXElementConstructor<any>>' is not assignable to type 'ReactNode | Promise<ReactNode>'.
          Property 'children' is missing in type 'ReactElement<unknown, string | JSXElementConstructor<any>>' but required in type 'ReactPortal'.
app/(tabs)/_layout.tsx(50,14): error TS2786: 'Users' cannot be used as a JSX component.
  Its type 'LucideIcon' is not a valid JSX element type.
    Type 'ForwardRefExoticComponent<LucideProps>' is not assignable to type '(props: any) => ReactNode | Promise<ReactNode>'.
      Type 'ReactNode' is not assignable to type 'ReactNode | Promise<ReactNode>'.
        Type 'ReactElement<unknown, string | JSXElementConstructor<any>>' is not assignable to type 'ReactNode | Promise<ReactNode>'.
          Property 'children' is missing in type 'ReactElement<unknown, string | JSXElementConstructor<any>>' but required in type 'ReactPortal'.
app/(tabs)/_layout.tsx(59,14): error TS2786: 'User' cannot be used as a JSX component.
  Its type 'LucideIcon' is not a valid JSX element type.
    Type 'ForwardRefExoticComponent<LucideProps>' is not assignable to type '(props: any) => ReactNode | Promise<ReactNode>'.
      Type 'ReactNode' is not assignable to type 'ReactNode | Promise<ReactNode>'.
        Type 'ReactElement<unknown, string | JSXElementConstructor<any>>' is not assignable to type 'ReactNode | Promise<ReactNode>'.
          Property 'children' is missing in type 'ReactElement<unknown, string | JSXElementConstructor<any>>' but required in type 'ReactPortal'.
app/(tabs)/add-area.tsx(70,6): error TS2786: 'SafeAreaView' cannot be used as a JSX component.
  Its type 'ForwardRefExoticComponent<NativeSafeAreaViewProps & RefAttributes<Component<NativeProps, {}, any> & Readonly<NativeMethods>>>' is not a valid JSX element type.
    Type 'ForwardRefExoticComponent<NativeSafeAreaViewProps & RefAttributes<Component<NativeProps, {}, any> & Readonly<NativeMethods>>>' is not assignable to type '(props: any) => ReactNode | Promise<ReactNode>'.
      Type 'ReactNode' is not assignable to type 'ReactNode | Promise<ReactNode>'.
        Type 'ReactElement<unknown, string | JSXElementConstructor<any>>' is not assignable to type 'ReactNode | Promise<ReactNode>'.
          Property 'children' is missing in type 'ReactElement<unknown, string | JSXElementConstructor<any>>' but required in type 'ReactPortal'.
app/(tabs)/add-area.tsx(71,8): error TS2786: 'ScrollView' cannot be used as a JSX component.
  Its type 'typeof ScrollView' is not a valid JSX element type.
    Type 'typeof ScrollView' is not assignable to type 'new (props: any) => Component<any, any, any>'.
      Construct signature return types 'ScrollView' and 'Component<any, any, any>' are incompatible.
        The types returned by 'render()' are incompatible between these types.
          Type 'import("C:/dev/Area-app/node_modules/@types/react/index").ReactNode' is not assignable to type 'React.ReactNode'.
            Type 'ReactElement<unknown, string | JSXElementConstructor<any>>' is not assignable to type 'ReactNode'.
              Property 'children' is missing in type 'ReactElement<unknown, string | JSXElementConstructor<any>>' but required in type 'ReactPortal'.
app/(tabs)/add-area.tsx(72,10): error TS2786: 'View' cannot be used as a JSX component.
  Its type 'typeof View' is not a valid JSX element type.
    Type 'typeof View' is not assignable to type 'new (props: any) => Component<any, any, any>'.
      Construct signature return types 'View' and 'Component<any, any, any>' are incompatible.
        The types returned by 'render()' are incompatible between these types.
          Type 'import("C:/dev/Area-app/node_modules/@types/react/index").ReactNode' is not assignable to type 'React.ReactNode'.
            Type 'ReactElement<unknown, string | JSXElementConstructor<any>>' is not assignable to type 'ReactNode'.
              Property 'children' is missing in type 'ReactElement<unknown, string | JSXElementConstructor<any>>' but required in type 'ReactPortal'.
app/(tabs)/add-area.tsx(73,12): error TS2786: 'Text' cannot be used as a JSX component.
  Its type 'typeof Text' is not a valid JSX element type.
    Type 'typeof Text' is not assignable to type 'new (props: any) => Component<any, any, any>'.
      Construct signature return types 'Text' and 'Component<any, any, any>' are incompatible.
        The types returned by 'render()' are incompatible between these types.
          Type 'import("C:/dev/Area-app/node_modules/@types/react/index").ReactNode' is not assignable to type 'React.ReactNode'.
            Type 'ReactElement<unknown, string | JSXElementConstructor<any>>' is not assignable to type 'ReactNode'.
              Property 'children' is missing in type 'ReactElement<unknown, string | JSXElementConstructor<any>>' but required in type 'ReactPortal'.
app/(tabs)/add-area.tsx(76,10): error TS2786: 'View' cannot be used as a JSX component.
  Its type 'typeof View' is not a valid JSX element type.
    Type 'typeof View' is not assignable to type 'new (props: any) => Component<any, any, any>'.
      Construct signature return types 'View' and 'Component<any, any, any>' are incompatible.
        The types returned by 'render()' are incompatible between these types.
          Type 'import("C:/dev/Area-app/node_modules/@types/react/index").ReactNode' is not assignable to type 'React.ReactNode'.
            Type 'ReactElement<unknown, string | JSXElementConstructor<any>>' is not assignable to type 'ReactNode'.
              Property 'children' is missing in type 'ReactElement<unknown, string | JSXElementConstructor<any>>' but required in type 'ReactPortal'.
app/(tabs)/add-area.tsx(77,12): error TS2786: 'Text' cannot be used as a JSX component.
  Its type 'typeof Text' is not a valid JSX element type.
    Type 'typeof Text' is not assignable to type 'new (props: any) => Component<any, any, any>'.
      Construct signature return types 'Text' and 'Component<any, any, any>' are incompatible.
        The types returned by 'render()' are incompatible between these types.
          Type 'import("C:/dev/Area-app/node_modules/@types/react/index").ReactNode' is not assignable to type 'React.ReactNode'.
            Type 'ReactElement<unknown, string | JSXElementConstructor<any>>' is not assignable to type 'ReactNode'.
              Property 'children' is missing in type 'ReactElement<unknown, string | JSXElementConstructor<any>>' but required in type 'ReactPortal'.
app/(tabs)/add-area.tsx(80,12): error TS2786: 'Text' cannot be used as a JSX component.
  Its type 'typeof Text' is not a valid JSX element type.
    Type 'typeof Text' is not assignable to type 'new (props: any) => Component<any, any, any>'.
      Construct signature return types 'Text' and 'Component<any, any, any>' are incompatible.
        The types returned by 'render()' are incompatible between these types.
          Type 'import("C:/dev/Area-app/node_modules/@types/react/index").ReactNode' is not assignable to type 'React.ReactNode'.
            Type 'ReactElement<unknown, string | JSXElementConstructor<any>>' is not assignable to type 'ReactNode'.
              Property 'children' is missing in type 'ReactElement<unknown, string | JSXElementConstructor<any>>' but required in type 'ReactPortal'.
app/(tabs)/add-area.tsx(85,10): error TS2786: 'View' cannot be used as a JSX component.
  Its type 'typeof View' is not a valid JSX element type.
    Type 'typeof View' is not assignable to type 'new (props: any) => Component<any, any, any>'.
      Construct signature return types 'View' and 'Component<any, any, any>' are incompatible.
        The types returned by 'render()' are incompatible between these types.
          Type 'import("C:/dev/Area-app/node_modules/@types/react/index").ReactNode' is not assignable to type 'React.ReactNode'.
            Type 'ReactElement<unknown, string | JSXElementConstructor<any>>' is not assignable to type 'ReactNode'.
              Property 'children' is missing in type 'ReactElement<unknown, string | JSXElementConstructor<any>>' but required in type 'ReactPortal'.
app/(tabs)/add-area.tsx(86,12): error TS2786: 'TextInput' cannot be used as a JSX component.
  Its type 'typeof TextInput' is not a valid JSX element type.
    Type 'typeof TextInput' is not assignable to type 'new (props: any) => Component<any, any, any>'.
      Construct signature return types 'TextInput' and 'Component<any, any, any>' are incompatible.
        The types returned by 'render()' are incompatible between these types.
          Type 'import("C:/dev/Area-app/node_modules/@types/react/index").ReactNode' is not assignable to type 'React.ReactNode'.
            Type 'ReactElement<unknown, string | JSXElementConstructor<any>>' is not assignable to type 'ReactNode'.
              Property 'children' is missing in type 'ReactElement<unknown, string | JSXElementConstructor<any>>' but required in type 'ReactPortal'.
app/(tabs)/add-area.tsx(95,10): error TS2786: 'View' cannot be used as a JSX component.
  Its type 'typeof View' is not a valid JSX element type.
    Type 'typeof View' is not assignable to type 'new (props: any) => Component<any, any, any>'.
      Construct signature return types 'View' and 'Component<any, any, any>' are incompatible.
        The types returned by 'render()' are incompatible between these types.
          Type 'import("C:/dev/Area-app/node_modules/@types/react/index").ReactNode' is not assignable to type 'React.ReactNode'.
            Type 'ReactElement<unknown, string | JSXElementConstructor<any>>' is not assignable to type 'ReactNode'.
              Property 'children' is missing in type 'ReactElement<unknown, string | JSXElementConstructor<any>>' but required in type 'ReactPortal'.
app/(tabs)/add-area.tsx(112,18): error TS2786: 'View' cannot be used as a JSX component.
  Its type 'typeof View' is not a valid JSX element type.
    Type 'typeof View' is not assignable to type 'new (props: any) => Component<any, any, any>'.
      Construct signature return types 'View' and 'Component<any, any, any>' are incompatible.
        The types returned by 'render()' are incompatible between these types.
          Type 'import("C:/dev/Area-app/node_modules/@types/react/index").ReactNode' is not assignable to type 'React.ReactNode'.
            Type 'ReactElement<unknown, string | JSXElementConstructor<any>>' is not assignable to type 'ReactNode'.
              Property 'children' is missing in type 'ReactElement<unknown, string | JSXElementConstructor<any>>' but required in type 'ReactPortal'.
app/(tabs)/add-area.tsx(116,20): error TS2786: 'Text' cannot be used as a JSX component.
  Its type 'typeof Text' is not a valid JSX element type.
    Type 'typeof Text' is not assignable to type 'new (props: any) => Component<any, any, any>'.
      Construct signature return types 'Text' and 'Component<any, any, any>' are incompatible.
        The types returned by 'render()' are incompatible between these types.
          Type 'import("C:/dev/Area-app/node_modules/@types/react/index").ReactNode' is not assignable to type 'React.ReactNode'.
            Type 'ReactElement<unknown, string | JSXElementConstructor<any>>' is not assignable to type 'ReactNode'.
              Property 'children' is missing in type 'ReactElement<unknown, string | JSXElementConstructor<any>>' but required in type 'ReactPortal'.
app/(tabs)/add-area.tsx(132,10): error TS2786: 'View' cannot be used as a JSX component.
  Its type 'typeof View' is not a valid JSX element type.
    Type 'typeof View' is not assignable to type 'new (props: any) => Component<any, any, any>'.
      Construct signature return types 'View' and 'Component<any, any, any>' are incompatible.
        The types returned by 'render()' are incompatible between these types.
          Type 'import("C:/dev/Area-app/node_modules/@types/react/index").ReactNode' is not assignable to type 'React.ReactNode'.
            Type 'ReactElement<unknown, string | JSXElementConstructor<any>>' is not assignable to type 'ReactNode'.
              Property 'children' is missing in type 'ReactElement<unknown, string | JSXElementConstructor<any>>' but required in type 'ReactPortal'.
app/(tabs)/add-area.tsx(133,12): error TS2786: 'Text' cannot be used as a JSX component.
  Its type 'typeof Text' is not a valid JSX element type.
    Type 'typeof Text' is not assignable to type 'new (props: any) => Component<any, any, any>'.
      Construct signature return types 'Text' and 'Component<any, any, any>' are incompatible.
        The types returned by 'render()' are incompatible between these types.
          Type 'import("C:/dev/Area-app/node_modules/@types/react/index").ReactNode' is not assignable to type 'React.ReactNode'.
            Type 'ReactElement<unknown, string | JSXElementConstructor<any>>' is not assignable to type 'ReactNode'.
              Property 'children' is missing in type 'ReactElement<unknown, string | JSXElementConstructor<any>>' but required in type 'ReactPortal'.
app/(tabs)/add-area.tsx(136,12): error TS2786: 'View' cannot be used as a JSX component.
  Its type 'typeof View' is not a valid JSX element type.
    Type 'typeof View' is not assignable to type 'new (props: any) => Component<any, any, any>'.
      Construct signature return types 'View' and 'Component<any, any, any>' are incompatible.
        The types returned by 'render()' are incompatible between these types.
          Type 'import("C:/dev/Area-app/node_modules/@types/react/index").ReactNode' is not assignable to type 'React.ReactNode'.
            Type 'ReactElement<unknown, string | JSXElementConstructor<any>>' is not assignable to type 'ReactNode'.
              Property 'children' is missing in type 'ReactElement<unknown, string | JSXElementConstructor<any>>' but required in type 'ReactPortal'.
app/(tabs)/add-area.tsx(137,14): error TS2786: 'TouchableOpacity' cannot be used as a JSX component.
  Its type 'ForwardRefExoticComponent<TouchableOpacityProps & RefAttributes<View>>' is not a valid JSX element type.
    Type 'ForwardRefExoticComponent<TouchableOpacityProps & RefAttributes<View>>' is not assignable to type '(props: any) => ReactNode | Promise<ReactNode>'.
      Type 'ReactNode' is not assignable to type 'ReactNode | Promise<ReactNode>'.
        Type 'ReactElement<unknown, string | JSXElementConstructor<any>>' is not assignable to type 'ReactNode | Promise<ReactNode>'.
          Property 'children' is missing in type 'ReactElement<unknown, string | JSXElementConstructor<any>>' but required in type 'ReactPortal'.
app/(tabs)/add-area.tsx(142,16): error TS2786: 'Text' cannot be used as a JSX component.
  Its type 'typeof Text' is not a valid JSX element type.
    Type 'typeof Text' is not assignable to type 'new (props: any) => Component<any, any, any>'.
      Construct signature return types 'Text' and 'Component<any, any, any>' are incompatible.
        The types returned by 'render()' are incompatible between these types.
          Type 'import("C:/dev/Area-app/node_modules/@types/react/index").ReactNode' is not assignable to type 'React.ReactNode'.
            Type 'ReactElement<unknown, string | JSXElementConstructor<any>>' is not assignable to type 'ReactNode'.
              Property 'children' is missing in type 'ReactElement<unknown, string | JSXElementConstructor<any>>' but required in type 'ReactPortal'.
app/(tabs)/add-area.tsx(149,14): error TS2786: 'TouchableOpacity' cannot be used as a JSX component.
  Its type 'ForwardRefExoticComponent<TouchableOpacityProps & RefAttributes<View>>' is not a valid JSX element type.
    Type 'ForwardRefExoticComponent<TouchableOpacityProps & RefAttributes<View>>' is not assignable to type '(props: any) => ReactNode | Promise<ReactNode>'.
      Type 'ReactNode' is not assignable to type 'ReactNode | Promise<ReactNode>'.
        Type 'ReactElement<unknown, string | JSXElementConstructor<any>>' is not assignable to type 'ReactNode | Promise<ReactNode>'.
          Property 'children' is missing in type 'ReactElement<unknown, string | JSXElementConstructor<any>>' but required in type 'ReactPortal'.
app/(tabs)/add-area.tsx(160,18): error TS2786: 'ActivityIndicator' cannot be used as a JSX component.
  Its type 'typeof ActivityIndicator' is not a valid JSX element type.
    Type 'typeof ActivityIndicator' is not assignable to type 'new (props: any) => Component<any, any, any>'.
      Construct signature return types 'ActivityIndicator' and 'Component<any, any, any>' are incompatible.
        The types returned by 'render()' are incompatible between these types.
          Type 'import("C:/dev/Area-app/node_modules/@types/react/index").ReactNode' is not assignable to type 'React.ReactNode'.
            Type 'ReactElement<unknown, string | JSXElementConstructor<any>>' is not assignable to type 'ReactNode'.
              Property 'children' is missing in type 'ReactElement<unknown, string | JSXElementConstructor<any>>' but required in type 'ReactPortal'.
app/(tabs)/add-area.tsx(162,18): error TS2786: 'Check' cannot be used as a JSX component.
  Its type 'LucideIcon' is not a valid JSX element type.
    Type 'ForwardRefExoticComponent<LucideProps>' is not assignable to type '(props: any) => ReactNode | Promise<ReactNode>'.
      Type 'ReactNode' is not assignable to type 'ReactNode | Promise<ReactNode>'.
        Type 'ReactElement<unknown, string | JSXElementConstructor<any>>' is not assignable to type 'ReactNode | Promise<ReactNode>'.
          Property 'children' is missing in type 'ReactElement<unknown, string | JSXElementConstructor<any>>' but required in type 'ReactPortal'.
app/(tabs)/add-area.tsx(164,16): error TS2786: 'Text' cannot be used as a JSX component.
  Its type 'typeof Text' is not a valid JSX element type.
    Type 'typeof Text' is not assignable to type 'new (props: any) => Component<any, any, any>'.
      Construct signature return types 'Text' and 'Component<any, any, any>' are incompatible.
        The types returned by 'render()' are incompatible between these types.
          Type 'import("C:/dev/Area-app/node_modules/@types/react/index").ReactNode' is not assignable to type 'React.ReactNode'.
            Type 'ReactElement<unknown, string | JSXElementConstructor<any>>' is not assignable to type 'ReactNode'.
              Property 'children' is missing in type 'ReactElement<unknown, string | JSXElementConstructor<any>>' but required in type 'ReactPortal'.
app/(tabs)/friends.tsx(211,8): error TS2786: 'SafeAreaView' cannot be used as a JSX component.
  Its type 'ForwardRefExoticComponent<NativeSafeAreaViewProps & RefAttributes<Component<NativeProps, {}, any> & Readonly<NativeMethods>>>' is not a valid JSX element type.
    Type 'ForwardRefExoticComponent<NativeSafeAreaViewProps & RefAttributes<Component<NativeProps, {}, any> & Readonly<NativeMethods>>>' is not assignable to type '(props: any) => ReactNode | Promise<ReactNode>'.
      Type 'ReactNode' is not assignable to type 'ReactNode | Promise<ReactNode>'.
        Type 'ReactElement<unknown, string | JSXElementConstructor<any>>' is not assignable to type 'ReactNode | Promise<ReactNode>'.
          Property 'children' is missing in type 'ReactElement<unknown, string | JSXElementConstructor<any>>' but required in type 'ReactPortal'.
app/(tabs)/friends.tsx(212,10): error TS2786: 'View' cannot be used as a JSX component.
  Its type 'typeof View' is not a valid JSX element type.
    Type 'typeof View' is not assignable to type 'new (props: any) => Component<any, any, any>'.
      Construct signature return types 'View' and 'Component<any, any, any>' are incompatible.
        The types returned by 'render()' are incompatible between these types.
          Type 'import("C:/dev/Area-app/node_modules/@types/react/index").ReactNode' is not assignable to type 'React.ReactNode'.
            Type 'ReactElement<unknown, string | JSXElementConstructor<any>>' is not assignable to type 'ReactNode'.
              Property 'children' is missing in type 'ReactElement<unknown, string | JSXElementConstructor<any>>' but required in type 'ReactPortal'.
app/(tabs)/friends.tsx(213,12): error TS2786: 'ActivityIndicator' cannot be used as a JSX component.
  Its type 'typeof ActivityIndicator' is not a valid JSX element type.
    Type 'typeof ActivityIndicator' is not assignable to type 'new (props: any) => Component<any, any, any>'.
      Construct signature return types 'ActivityIndicator' and 'Component<any, any, any>' are incompatible.
        The types returned by 'render()' are incompatible between these types.
          Type 'import("C:/dev/Area-app/node_modules/@types/react/index").ReactNode' is not assignable to type 'React.ReactNode'.
            Type 'ReactElement<unknown, string | JSXElementConstructor<any>>' is not assignable to type 'ReactNode'.
              Property 'children' is missing in type 'ReactElement<unknown, string | JSXElementConstructor<any>>' but required in type 'ReactPortal'.
app/(tabs)/friends.tsx(214,12): error TS2786: 'Text' cannot be used as a JSX component.
  Its type 'typeof Text' is not a valid JSX element type.
    Type 'typeof Text' is not assignable to type 'new (props: any) => Component<any, any, any>'.
      Construct signature return types 'Text' and 'Component<any, any, any>' are incompatible.
        The types returned by 'render()' are incompatible between these types.
          Type 'import("C:/dev/Area-app/node_modules/@types/react/index").ReactNode' is not assignable to type 'React.ReactNode'.
            Type 'ReactElement<unknown, string | JSXElementConstructor<any>>' is not assignable to type 'ReactNode'.
              Property 'children' is missing in type 'ReactElement<unknown, string | JSXElementConstructor<any>>' but required in type 'ReactPortal'.
app/(tabs)/friends.tsx(221,6): error TS2786: 'View' cannot be used as a JSX component.
  Its type 'typeof View' is not a valid JSX element type.
    Type 'typeof View' is not assignable to type 'new (props: any) => Component<any, any, any>'.
      Construct signature return types 'View' and 'Component<any, any, any>' are incompatible.
        The types returned by 'render()' are incompatible between these types.
          Type 'import("C:/dev/Area-app/node_modules/@types/react/index").ReactNode' is not assignable to type 'React.ReactNode'.
            Type 'ReactElement<unknown, string | JSXElementConstructor<any>>' is not assignable to type 'ReactNode'.
              Property 'children' is missing in type 'ReactElement<unknown, string | JSXElementConstructor<any>>' but required in type 'ReactPortal'.
app/(tabs)/friends.tsx(222,8): error TS2786: 'View' cannot be used as a JSX component.
  Its type 'typeof View' is not a valid JSX element type.
    Type 'typeof View' is not assignable to type 'new (props: any) => Component<any, any, any>'.
      Construct signature return types 'View' and 'Component<any, any, any>' are incompatible.
        The types returned by 'render()' are incompatible between these types.
          Type 'import("C:/dev/Area-app/node_modules/@types/react/index").ReactNode' is not assignable to type 'React.ReactNode'.
            Type 'ReactElement<unknown, string | JSXElementConstructor<any>>' is not assignable to type 'ReactNode'.
              Property 'children' is missing in type 'ReactElement<unknown, string | JSXElementConstructor<any>>' but required in type 'ReactPortal'.
app/(tabs)/friends.tsx(223,10): error TS2786: 'Text' cannot be used as a JSX component.
  Its type 'typeof Text' is not a valid JSX element type.
    Type 'typeof Text' is not assignable to type 'new (props: any) => Component<any, any, any>'.
      Construct signature return types 'Text' and 'Component<any, any, any>' are incompatible.
        The types returned by 'render()' are incompatible between these types.
          Type 'import("C:/dev/Area-app/node_modules/@types/react/index").ReactNode' is not assignable to type 'React.ReactNode'.
            Type 'ReactElement<unknown, string | JSXElementConstructor<any>>' is not assignable to type 'ReactNode'.
              Property 'children' is missing in type 'ReactElement<unknown, string | JSXElementConstructor<any>>' but required in type 'ReactPortal'.
app/(tabs)/friends.tsx(224,10): error TS2786: 'Text' cannot be used as a JSX component.
  Its type 'typeof Text' is not a valid JSX element type.
    Type 'typeof Text' is not assignable to type 'new (props: any) => Component<any, any, any>'.
      Construct signature return types 'Text' and 'Component<any, any, any>' are incompatible.
        The types returned by 'render()' are incompatible between these types.
          Type 'import("C:/dev/Area-app/node_modules/@types/react/index").ReactNode' is not assignable to type 'React.ReactNode'.
            Type 'ReactElement<unknown, string | JSXElementConstructor<any>>' is not assignable to type 'ReactNode'.
              Property 'children' is missing in type 'ReactElement<unknown, string | JSXElementConstructor<any>>' but required in type 'ReactPortal'.
app/(tabs)/friends.tsx(226,8): error TS2786: 'View' cannot be used as a JSX component.
  Its type 'typeof View' is not a valid JSX element type.
    Type 'typeof View' is not assignable to type 'new (props: any) => Component<any, any, any>'.
      Construct signature return types 'View' and 'Component<any, any, any>' are incompatible.
        The types returned by 'render()' are incompatible between these types.
          Type 'import("C:/dev/Area-app/node_modules/@types/react/index").ReactNode' is not assignable to type 'React.ReactNode'.
            Type 'ReactElement<unknown, string | JSXElementConstructor<any>>' is not assignable to type 'ReactNode'.
              Property 'children' is missing in type 'ReactElement<unknown, string | JSXElementConstructor<any>>' but required in type 'ReactPortal'.
app/(tabs)/friends.tsx(227,10): error TS2786: 'TouchableOpacity' cannot be used as a JSX component.
  Its type 'ForwardRefExoticComponent<TouchableOpacityProps & RefAttributes<View>>' is not a valid JSX element type.
    Type 'ForwardRefExoticComponent<TouchableOpacityProps & RefAttributes<View>>' is not assignable to type '(props: any) => ReactNode | Promise<ReactNode>'.
      Type 'ReactNode' is not assignable to type 'ReactNode | Promise<ReactNode>'.
        Type 'ReactElement<unknown, string | JSXElementConstructor<any>>' is not assignable to type 'ReactNode | Promise<ReactNode>'.
          Property 'children' is missing in type 'ReactElement<unknown, string | JSXElementConstructor<any>>' but required in type 'ReactPortal'.
app/(tabs)/friends.tsx(231,12): error TS2786: 'Check' cannot be used as a JSX component.
  Its type 'LucideIcon' is not a valid JSX element type.
    Type 'ForwardRefExoticComponent<LucideProps>' is not assignable to type '(props: any) => ReactNode | Promise<ReactNode>'.
      Type 'ReactNode' is not assignable to type 'ReactNode | Promise<ReactNode>'.
        Type 'ReactElement<unknown, string | JSXElementConstructor<any>>' is not assignable to type 'ReactNode | Promise<ReactNode>'.
          Property 'children' is missing in type 'ReactElement<unknown, string | JSXElementConstructor<any>>' but required in type 'ReactPortal'.
app/(tabs)/friends.tsx(233,10): error TS2786: 'TouchableOpacity' cannot be used as a JSX component.
  Its type 'ForwardRefExoticComponent<TouchableOpacityProps & RefAttributes<View>>' is not a valid JSX element type.
    Type 'ForwardRefExoticComponent<TouchableOpacityProps & RefAttributes<View>>' is not assignable to type '(props: any) => ReactNode | Promise<ReactNode>'.
      Type 'ReactNode' is not assignable to type 'ReactNode | Promise<ReactNode>'.
        Type 'ReactElement<unknown, string | JSXElementConstructor<any>>' is not assignable to type 'ReactNode | Promise<ReactNode>'.
          Property 'children' is missing in type 'ReactElement<unknown, string | JSXElementConstructor<any>>' but required in type 'ReactPortal'.
app/(tabs)/friends.tsx(237,12): error TS2786: 'X' cannot be used as a JSX component.
  Its type 'LucideIcon' is not a valid JSX element type.
    Type 'ForwardRefExoticComponent<LucideProps>' is not assignable to type '(props: any) => ReactNode | Promise<ReactNode>'.
      Type 'ReactNode' is not assignable to type 'ReactNode | Promise<ReactNode>'.
        Type 'ReactElement<unknown, string | JSXElementConstructor<any>>' is not assignable to type 'ReactNode | Promise<ReactNode>'.
          Property 'children' is missing in type 'ReactElement<unknown, string | JSXElementConstructor<any>>' but required in type 'ReactPortal'.
app/(tabs)/friends.tsx(244,6): error TS2786: 'View' cannot be used as a JSX component.
  Its type 'typeof View' is not a valid JSX element type.
    Type 'typeof View' is not assignable to type 'new (props: any) => Component<any, any, any>'.
      Construct signature return types 'View' and 'Component<any, any, any>' are incompatible.
        The types returned by 'render()' are incompatible between these types.
          Type 'import("C:/dev/Area-app/node_modules/@types/react/index").ReactNode' is not assignable to type 'React.ReactNode'.
            Type 'ReactElement<unknown, string | JSXElementConstructor<any>>' is not assignable to type 'ReactNode'.
              Property 'children' is missing in type 'ReactElement<unknown, string | JSXElementConstructor<any>>' but required in type 'ReactPortal'.
app/(tabs)/friends.tsx(245,8): error TS2786: 'View' cannot be used as a JSX component.
  Its type 'typeof View' is not a valid JSX element type.
    Type 'typeof View' is not assignable to type 'new (props: any) => Component<any, any, any>'.
      Construct signature return types 'View' and 'Component<any, any, any>' are incompatible.
        The types returned by 'render()' are incompatible between these types.
          Type 'import("C:/dev/Area-app/node_modules/@types/react/index").ReactNode' is not assignable to type 'React.ReactNode'.
            Type 'ReactElement<unknown, string | JSXElementConstructor<any>>' is not assignable to type 'ReactNode'.
              Property 'children' is missing in type 'ReactElement<unknown, string | JSXElementConstructor<any>>' but required in type 'ReactPortal'.
app/(tabs)/friends.tsx(246,10): error TS2786: 'Text' cannot be used as a JSX component.
  Its type 'typeof Text' is not a valid JSX element type.
    Type 'typeof Text' is not assignable to type 'new (props: any) => Component<any, any, any>'.
      Construct signature return types 'Text' and 'Component<any, any, any>' are incompatible.
        The types returned by 'render()' are incompatible between these types.
          Type 'import("C:/dev/Area-app/node_modules/@types/react/index").ReactNode' is not assignable to type 'React.ReactNode'.
            Type 'ReactElement<unknown, string | JSXElementConstructor<any>>' is not assignable to type 'ReactNode'.
              Property 'children' is missing in type 'ReactElement<unknown, string | JSXElementConstructor<any>>' but required in type 'ReactPortal'.
app/(tabs)/friends.tsx(247,10): error TS2786: 'Text' cannot be used as a JSX component.
  Its type 'typeof Text' is not a valid JSX element type.
    Type 'typeof Text' is not assignable to type 'new (props: any) => Component<any, any, any>'.
      Construct signature return types 'Text' and 'Component<any, any, any>' are incompatible.
        The types returned by 'render()' are incompatible between these types.
          Type 'import("C:/dev/Area-app/node_modules/@types/react/index").ReactNode' is not assignable to type 'React.ReactNode'.
            Type 'ReactElement<unknown, string | JSXElementConstructor<any>>' is not assignable to type 'ReactNode'.
              Property 'children' is missing in type 'ReactElement<unknown, string | JSXElementConstructor<any>>' but required in type 'ReactPortal'.
app/(tabs)/friends.tsx(248,10): error TS2786: 'TouchableOpacity' cannot be used as a JSX component.
  Its type 'ForwardRefExoticComponent<TouchableOpacityProps & RefAttributes<View>>' is not a valid JSX element type.
    Type 'ForwardRefExoticComponent<TouchableOpacityProps & RefAttributes<View>>' is not assignable to type '(props: any) => ReactNode | Promise<ReactNode>'.
      Type 'ReactNode' is not assignable to type 'ReactNode | Promise<ReactNode>'.
        Type 'ReactElement<unknown, string | JSXElementConstructor<any>>' is not assignable to type 'ReactNode | Promise<ReactNode>'.
          Property 'children' is missing in type 'ReactElement<unknown, string | JSXElementConstructor<any>>' but required in type 'ReactPortal'.
app/(tabs)/friends.tsx(252,12): error TS2786: 'Text' cannot be used as a JSX component.
  Its type 'typeof Text' is not a valid JSX element type.
    Type 'typeof Text' is not assignable to type 'new (props: any) => Component<any, any, any>'.
      Construct signature return types 'Text' and 'Component<any, any, any>' are incompatible.
        The types returned by 'render()' are incompatible between these types.
          Type 'import("C:/dev/Area-app/node_modules/@types/react/index").ReactNode' is not assignable to type 'React.ReactNode'.
            Type 'ReactElement<unknown, string | JSXElementConstructor<any>>' is not assignable to type 'ReactNode'.
              Property 'children' is missing in type 'ReactElement<unknown, string | JSXElementConstructor<any>>' but required in type 'ReactPortal'.
app/(tabs)/friends.tsx(255,8): error TS2786: 'View' cannot be used as a JSX component.
  Its type 'typeof View' is not a valid JSX element type.
    Type 'typeof View' is not assignable to type 'new (props: any) => Component<any, any, any>'.
      Construct signature return types 'View' and 'Component<any, any, any>' are incompatible.
        The types returned by 'render()' are incompatible between these types.
          Type 'import("C:/dev/Area-app/node_modules/@types/react/index").ReactNode' is not assignable to type 'React.ReactNode'.
            Type 'ReactElement<unknown, string | JSXElementConstructor<any>>' is not assignable to type 'ReactNode'.
              Property 'children' is missing in type 'ReactElement<unknown, string | JSXElementConstructor<any>>' but required in type 'ReactPortal'.
app/(tabs)/friends.tsx(256,10): error TS2786: 'TouchableOpacity' cannot be used as a JSX component.
  Its type 'ForwardRefExoticComponent<TouchableOpacityProps & RefAttributes<View>>' is not a valid JSX element type.
    Type 'ForwardRefExoticComponent<TouchableOpacityProps & RefAttributes<View>>' is not assignable to type '(props: any) => ReactNode | Promise<ReactNode>'.
      Type 'ReactNode' is not assignable to type 'ReactNode | Promise<ReactNode>'.
        Type 'ReactElement<unknown, string | JSXElementConstructor<any>>' is not assignable to type 'ReactNode | Promise<ReactNode>'.
          Property 'children' is missing in type 'ReactElement<unknown, string | JSXElementConstructor<any>>' but required in type 'ReactPortal'.
app/(tabs)/friends.tsx(260,12): error TS2786: 'Check' cannot be used as a JSX component.
  Its type 'LucideIcon' is not a valid JSX element type.
    Type 'ForwardRefExoticComponent<LucideProps>' is not assignable to type '(props: any) => ReactNode | Promise<ReactNode>'.
      Type 'ReactNode' is not assignable to type 'ReactNode | Promise<ReactNode>'.
        Type 'ReactElement<unknown, string | JSXElementConstructor<any>>' is not assignable to type 'ReactNode | Promise<ReactNode>'.
          Property 'children' is missing in type 'ReactElement<unknown, string | JSXElementConstructor<any>>' but required in type 'ReactPortal'.
app/(tabs)/friends.tsx(262,10): error TS2786: 'TouchableOpacity' cannot be used as a JSX component.
  Its type 'ForwardRefExoticComponent<TouchableOpacityProps & RefAttributes<View>>' is not a valid JSX element type.
    Type 'ForwardRefExoticComponent<TouchableOpacityProps & RefAttributes<View>>' is not assignable to type '(props: any) => ReactNode | Promise<ReactNode>'.
      Type 'ReactNode' is not assignable to type 'ReactNode | Promise<ReactNode>'.
        Type 'ReactElement<unknown, string | JSXElementConstructor<any>>' is not assignable to type 'ReactNode | Promise<ReactNode>'.
          Property 'children' is missing in type 'ReactElement<unknown, string | JSXElementConstructor<any>>' but required in type 'ReactPortal'.
app/(tabs)/friends.tsx(266,12): error TS2786: 'X' cannot be used as a JSX component.
  Its type 'LucideIcon' is not a valid JSX element type.
    Type 'ForwardRefExoticComponent<LucideProps>' is not assignable to type '(props: any) => ReactNode | Promise<ReactNode>'.
      Type 'ReactNode' is not assignable to type 'ReactNode | Promise<ReactNode>'.
        Type 'ReactElement<unknown, string | JSXElementConstructor<any>>' is not assignable to type 'ReactNode | Promise<ReactNode>'.
          Property 'children' is missing in type 'ReactElement<unknown, string | JSXElementConstructor<any>>' but required in type 'ReactPortal'.
app/(tabs)/friends.tsx(273,6): error TS2786: 'View' cannot be used as a JSX component.
  Its type 'typeof View' is not a valid JSX element type.
    Type 'typeof View' is not assignable to type 'new (props: any) => Component<any, any, any>'.
      Construct signature return types 'View' and 'Component<any, any, any>' are incompatible.
        The types returned by 'render()' are incompatible between these types.
          Type 'import("C:/dev/Area-app/node_modules/@types/react/index").ReactNode' is not assignable to type 'React.ReactNode'.
            Type 'ReactElement<unknown, string | JSXElementConstructor<any>>' is not assignable to type 'ReactNode'.
              Property 'children' is missing in type 'ReactElement<unknown, string | JSXElementConstructor<any>>' but required in type 'ReactPortal'.
app/(tabs)/friends.tsx(274,8): error TS2786: 'View' cannot be used as a JSX component.
  Its type 'typeof View' is not a valid JSX element type.
    Type 'typeof View' is not assignable to type 'new (props: any) => Component<any, any, any>'.
      Construct signature return types 'View' and 'Component<any, any, any>' are incompatible.
        The types returned by 'render()' are incompatible between these types.
          Type 'import("C:/dev/Area-app/node_modules/@types/react/index").ReactNode' is not assignable to type 'React.ReactNode'.
            Type 'ReactElement<unknown, string | JSXElementConstructor<any>>' is not assignable to type 'ReactNode'.
              Property 'children' is missing in type 'ReactElement<unknown, string | JSXElementConstructor<any>>' but required in type 'ReactPortal'.
app/(tabs)/friends.tsx(275,10): error TS2786: 'View' cannot be used as a JSX component.
  Its type 'typeof View' is not a valid JSX element type.
    Type 'typeof View' is not assignable to type 'new (props: any) => Component<any, any, any>'.
      Construct signature return types 'View' and 'Component<any, any, any>' are incompatible.
        The types returned by 'render()' are incompatible between these types.
          Type 'import("C:/dev/Area-app/node_modules/@types/react/index").ReactNode' is not assignable to type 'React.ReactNode'.
            Type 'ReactElement<unknown, string | JSXElementConstructor<any>>' is not assignable to type 'ReactNode'.
              Property 'children' is missing in type 'ReactElement<unknown, string | JSXElementConstructor<any>>' but required in type 'ReactPortal'.
app/(tabs)/friends.tsx(276,12): error TS2786: 'Text' cannot be used as a JSX component.
  Its type 'typeof Text' is not a valid JSX element type.
    Type 'typeof Text' is not assignable to type 'new (props: any) => Component<any, any, any>'.
      Construct signature return types 'Text' and 'Component<any, any, any>' are incompatible.
        The types returned by 'render()' are incompatible between these types.
          Type 'import("C:/dev/Area-app/node_modules/@types/react/index").ReactNode' is not assignable to type 'React.ReactNode'.
            Type 'ReactElement<unknown, string | JSXElementConstructor<any>>' is not assignable to type 'ReactNode'.
              Property 'children' is missing in type 'ReactElement<unknown, string | JSXElementConstructor<any>>' but required in type 'ReactPortal'.
app/(tabs)/friends.tsx(277,12): error TS2786: 'View' cannot be used as a JSX component.
  Its type 'typeof View' is not a valid JSX element type.
    Type 'typeof View' is not assignable to type 'new (props: any) => Component<any, any, any>'.
      Construct signature return types 'View' and 'Component<any, any, any>' are incompatible.
        The types returned by 'render()' are incompatible between these types.
          Type 'import("C:/dev/Area-app/node_modules/@types/react/index").ReactNode' is not assignable to type 'React.ReactNode'.
            Type 'ReactElement<unknown, string | JSXElementConstructor<any>>' is not assignable to type 'ReactNode'.
              Property 'children' is missing in type 'ReactElement<unknown, string | JSXElementConstructor<any>>' but required in type 'ReactPortal'.
app/(tabs)/friends.tsx(279,10): error TS2786: 'Text' cannot be used as a JSX component.
  Its type 'typeof Text' is not a valid JSX element type.
    Type 'typeof Text' is not assignable to type 'new (props: any) => Component<any, any, any>'.
      Construct signature return types 'Text' and 'Component<any, any, any>' are incompatible.
        The types returned by 'render()' are incompatible between these types.
          Type 'import("C:/dev/Area-app/node_modules/@types/react/index").ReactNode' is not assignable to type 'React.ReactNode'.
            Type 'ReactElement<unknown, string | JSXElementConstructor<any>>' is not assignable to type 'ReactNode'.
              Property 'children' is missing in type 'ReactElement<unknown, string | JSXElementConstructor<any>>' but required in type 'ReactPortal'.
app/(tabs)/friends.tsx(281,8): error TS2786: 'TouchableOpacity' cannot be used as a JSX component.
  Its type 'ForwardRefExoticComponent<TouchableOpacityProps & RefAttributes<View>>' is not a valid JSX element type.
    Type 'ForwardRefExoticComponent<TouchableOpacityProps & RefAttributes<View>>' is not assignable to type '(props: any) => ReactNode | Promise<ReactNode>'.
      Type 'ReactNode' is not assignable to type 'ReactNode | Promise<ReactNode>'.
        Type 'ReactElement<unknown, string | JSXElementConstructor<any>>' is not assignable to type 'ReactNode | Promise<ReactNode>'.
          Property 'children' is missing in type 'ReactElement<unknown, string | JSXElementConstructor<any>>' but required in type 'ReactPortal'.
app/(tabs)/friends.tsx(285,10): error TS2786: 'Plus' cannot be used as a JSX component.
  Its type 'LucideIcon' is not a valid JSX element type.
    Type 'ForwardRefExoticComponent<LucideProps>' is not assignable to type '(props: any) => ReactNode | Promise<ReactNode>'.
      Type 'ReactNode' is not assignable to type 'ReactNode | Promise<ReactNode>'.
        Type 'ReactElement<unknown, string | JSXElementConstructor<any>>' is not assignable to type 'ReactNode | Promise<ReactNode>'.
          Property 'children' is missing in type 'ReactElement<unknown, string | JSXElementConstructor<any>>' but required in type 'ReactPortal'.
app/(tabs)/friends.tsx(286,10): error TS2786: 'Text' cannot be used as a JSX component.
  Its type 'typeof Text' is not a valid JSX element type.
    Type 'typeof Text' is not assignable to type 'new (props: any) => Component<any, any, any>'.
      Construct signature return types 'Text' and 'Component<any, any, any>' are incompatible.
        The types returned by 'render()' are incompatible between these types.
          Type 'import("C:/dev/Area-app/node_modules/@types/react/index").ReactNode' is not assignable to type 'React.ReactNode'.
            Type 'ReactElement<unknown, string | JSXElementConstructor<any>>' is not assignable to type 'ReactNode'.
              Property 'children' is missing in type 'ReactElement<unknown, string | JSXElementConstructor<any>>' but required in type 'ReactPortal'.
app/(tabs)/friends.tsx(292,6): error TS2786: 'View' cannot be used as a JSX component.
  Its type 'typeof View' is not a valid JSX element type.
    Type 'typeof View' is not assignable to type 'new (props: any) => Component<any, any, any>'.
      Construct signature return types 'View' and 'Component<any, any, any>' are incompatible.
        The types returned by 'render()' are incompatible between these types.
          Type 'import("C:/dev/Area-app/node_modules/@types/react/index").ReactNode' is not assignable to type 'React.ReactNode'.
            Type 'ReactElement<unknown, string | JSXElementConstructor<any>>' is not assignable to type 'ReactNode'.
              Property 'children' is missing in type 'ReactElement<unknown, string | JSXElementConstructor<any>>' but required in type 'ReactPortal'.
app/(tabs)/friends.tsx(293,8): error TS2786: 'View' cannot be used as a JSX component.
  Its type 'typeof View' is not a valid JSX element type.
    Type 'typeof View' is not assignable to type 'new (props: any) => Component<any, any, any>'.
      Construct signature return types 'View' and 'Component<any, any, any>' are incompatible.
        The types returned by 'render()' are incompatible between these types.
          Type 'import("C:/dev/Area-app/node_modules/@types/react/index").ReactNode' is not assignable to type 'React.ReactNode'.
            Type 'ReactElement<unknown, string | JSXElementConstructor<any>>' is not assignable to type 'ReactNode'.
              Property 'children' is missing in type 'ReactElement<unknown, string | JSXElementConstructor<any>>' but required in type 'ReactPortal'.
app/(tabs)/friends.tsx(294,10): error TS2786: 'View' cannot be used as a JSX component.
  Its type 'typeof View' is not a valid JSX element type.
    Type 'typeof View' is not assignable to type 'new (props: any) => Component<any, any, any>'.
      Construct signature return types 'View' and 'Component<any, any, any>' are incompatible.
        The types returned by 'render()' are incompatible between these types.
          Type 'import("C:/dev/Area-app/node_modules/@types/react/index").ReactNode' is not assignable to type 'React.ReactNode'.
            Type 'ReactElement<unknown, string | JSXElementConstructor<any>>' is not assignable to type 'ReactNode'.
              Property 'children' is missing in type 'ReactElement<unknown, string | JSXElementConstructor<any>>' but required in type 'ReactPortal'.
app/(tabs)/friends.tsx(295,12): error TS2786: 'Text' cannot be used as a JSX component.
  Its type 'typeof Text' is not a valid JSX element type.
    Type 'typeof Text' is not assignable to type 'new (props: any) => Component<any, any, any>'.
      Construct signature return types 'Text' and 'Component<any, any, any>' are incompatible.
        The types returned by 'render()' are incompatible between these types.
          Type 'import("C:/dev/Area-app/node_modules/@types/react/index").ReactNode' is not assignable to type 'React.ReactNode'.
            Type 'ReactElement<unknown, string | JSXElementConstructor<any>>' is not assignable to type 'ReactNode'.
              Property 'children' is missing in type 'ReactElement<unknown, string | JSXElementConstructor<any>>' but required in type 'ReactPortal'.
app/(tabs)/friends.tsx(296,12): error TS2786: 'View' cannot be used as a JSX component.
  Its type 'typeof View' is not a valid JSX element type.
    Type 'typeof View' is not assignable to type 'new (props: any) => Component<any, any, any>'.
      Construct signature return types 'View' and 'Component<any, any, any>' are incompatible.
        The types returned by 'render()' are incompatible between these types.
          Type 'import("C:/dev/Area-app/node_modules/@types/react/index").ReactNode' is not assignable to type 'React.ReactNode'.
            Type 'ReactElement<unknown, string | JSXElementConstructor<any>>' is not assignable to type 'ReactNode'.
              Property 'children' is missing in type 'ReactElement<unknown, string | JSXElementConstructor<any>>' but required in type 'ReactPortal'.
app/(tabs)/friends.tsx(298,10): error TS2786: 'Text' cannot be used as a JSX component.
  Its type 'typeof Text' is not a valid JSX element type.
    Type 'typeof Text' is not assignable to type 'new (props: any) => Component<any, any, any>'.
      Construct signature return types 'Text' and 'Component<any, any, any>' are incompatible.
        The types returned by 'render()' are incompatible between these types.
          Type 'import("C:/dev/Area-app/node_modules/@types/react/index").ReactNode' is not assignable to type 'React.ReactNode'.
            Type 'ReactElement<unknown, string | JSXElementConstructor<any>>' is not assignable to type 'ReactNode'.
              Property 'children' is missing in type 'ReactElement<unknown, string | JSXElementConstructor<any>>' but required in type 'ReactPortal'.
app/(tabs)/friends.tsx(300,8): error TS2786: 'TouchableOpacity' cannot be used as a JSX component.
  Its type 'ForwardRefExoticComponent<TouchableOpacityProps & RefAttributes<View>>' is not a valid JSX element type.
    Type 'ForwardRefExoticComponent<TouchableOpacityProps & RefAttributes<View>>' is not assignable to type '(props: any) => ReactNode | Promise<ReactNode>'.
      Type 'ReactNode' is not assignable to type 'ReactNode | Promise<ReactNode>'.
        Type 'ReactElement<unknown, string | JSXElementConstructor<any>>' is not assignable to type 'ReactNode | Promise<ReactNode>'.
          Property 'children' is missing in type 'ReactElement<unknown, string | JSXElementConstructor<any>>' but required in type 'ReactPortal'.
app/(tabs)/friends.tsx(304,10): error TS2786: 'Text' cannot be used as a JSX component.
  Its type 'typeof Text' is not a valid JSX element type.
    Type 'typeof Text' is not assignable to type 'new (props: any) => Component<any, any, any>'.
      Construct signature return types 'Text' and 'Component<any, any, any>' are incompatible.
        The types returned by 'render()' are incompatible between these types.
          Type 'import("C:/dev/Area-app/node_modules/@types/react/index").ReactNode' is not assignable to type 'React.ReactNode'.
            Type 'ReactElement<unknown, string | JSXElementConstructor<any>>' is not assignable to type 'ReactNode'.
              Property 'children' is missing in type 'ReactElement<unknown, string | JSXElementConstructor<any>>' but required in type 'ReactPortal'.
app/(tabs)/friends.tsx(310,6): error TS2786: 'SafeAreaView' cannot be used as a JSX component.
  Its type 'ForwardRefExoticComponent<NativeSafeAreaViewProps & RefAttributes<Component<NativeProps, {}, any> & Readonly<NativeMethods>>>' is not a valid JSX element type.
    Type 'ForwardRefExoticComponent<NativeSafeAreaViewProps & RefAttributes<Component<NativeProps, {}, any> & Readonly<NativeMethods>>>' is not assignable to type '(props: any) => ReactNode | Promise<ReactNode>'.
      Type 'ReactNode' is not assignable to type 'ReactNode | Promise<ReactNode>'.
        Type 'ReactElement<unknown, string | JSXElementConstructor<any>>' is not assignable to type 'ReactNode | Promise<ReactNode>'.
          Property 'children' is missing in type 'ReactElement<unknown, string | JSXElementConstructor<any>>' but required in type 'ReactPortal'.
app/(tabs)/friends.tsx(311,8): error TS2786: 'ScrollView' cannot be used as a JSX component.
  Its type 'typeof ScrollView' is not a valid JSX element type.
    Type 'typeof ScrollView' is not assignable to type 'new (props: any) => Component<any, any, any>'.
      Construct signature return types 'ScrollView' and 'Component<any, any, any>' are incompatible.
        The types returned by 'render()' are incompatible between these types.
          Type 'import("C:/dev/Area-app/node_modules/@types/react/index").ReactNode' is not assignable to type 'React.ReactNode'.
            Type 'ReactElement<unknown, string | JSXElementConstructor<any>>' is not assignable to type 'ReactNode'.
              Property 'children' is missing in type 'ReactElement<unknown, string | JSXElementConstructor<any>>' but required in type 'ReactPortal'.
app/(tabs)/friends.tsx(312,10): error TS2786: 'View' cannot be used as a JSX component.
  Its type 'typeof View' is not a valid JSX element type.
    Type 'typeof View' is not assignable to type 'new (props: any) => Component<any, any, any>'.
      Construct signature return types 'View' and 'Component<any, any, any>' are incompatible.
        The types returned by 'render()' are incompatible between these types.
          Type 'import("C:/dev/Area-app/node_modules/@types/react/index").ReactNode' is not assignable to type 'React.ReactNode'.
            Type 'ReactElement<unknown, string | JSXElementConstructor<any>>' is not assignable to type 'ReactNode'.
              Property 'children' is missing in type 'ReactElement<unknown, string | JSXElementConstructor<any>>' but required in type 'ReactPortal'.
app/(tabs)/friends.tsx(313,12): error TS2786: 'Text' cannot be used as a JSX component.
  Its type 'typeof Text' is not a valid JSX element type.
    Type 'typeof Text' is not assignable to type 'new (props: any) => Component<any, any, any>'.
      Construct signature return types 'Text' and 'Component<any, any, any>' are incompatible.
        The types returned by 'render()' are incompatible between these types.
          Type 'import("C:/dev/Area-app/node_modules/@types/react/index").ReactNode' is not assignable to type 'React.ReactNode'.
            Type 'ReactElement<unknown, string | JSXElementConstructor<any>>' is not assignable to type 'ReactNode'.
              Property 'children' is missing in type 'ReactElement<unknown, string | JSXElementConstructor<any>>' but required in type 'ReactPortal'.
app/(tabs)/friends.tsx(316,10): error TS2786: 'View' cannot be used as a JSX component.
  Its type 'typeof View' is not a valid JSX element type.
    Type 'typeof View' is not assignable to type 'new (props: any) => Component<any, any, any>'.
      Construct signature return types 'View' and 'Component<any, any, any>' are incompatible.
        The types returned by 'render()' are incompatible between these types.
          Type 'import("C:/dev/Area-app/node_modules/@types/react/index").ReactNode' is not assignable to type 'React.ReactNode'.
            Type 'ReactElement<unknown, string | JSXElementConstructor<any>>' is not assignable to type 'ReactNode'.
              Property 'children' is missing in type 'ReactElement<unknown, string | JSXElementConstructor<any>>' but required in type 'ReactPortal'.
app/(tabs)/friends.tsx(317,12): error TS2786: 'Text' cannot be used as a JSX component.
  Its type 'typeof Text' is not a valid JSX element type.
    Type 'typeof Text' is not assignable to type 'new (props: any) => Component<any, any, any>'.
      Construct signature return types 'Text' and 'Component<any, any, any>' are incompatible.
        The types returned by 'render()' are incompatible between these types.
          Type 'import("C:/dev/Area-app/node_modules/@types/react/index").ReactNode' is not assignable to type 'React.ReactNode'.
            Type 'ReactElement<unknown, string | JSXElementConstructor<any>>' is not assignable to type 'ReactNode'.
              Property 'children' is missing in type 'ReactElement<unknown, string | JSXElementConstructor<any>>' but required in type 'ReactPortal'.
app/(tabs)/friends.tsx(318,12): error TS2786: 'View' cannot be used as a JSX component.
  Its type 'typeof View' is not a valid JSX element type.
    Type 'typeof View' is not assignable to type 'new (props: any) => Component<any, any, any>'.
      Construct signature return types 'View' and 'Component<any, any, any>' are incompatible.
        The types returned by 'render()' are incompatible between these types.
          Type 'import("C:/dev/Area-app/node_modules/@types/react/index").ReactNode' is not assignable to type 'React.ReactNode'.
            Type 'ReactElement<unknown, string | JSXElementConstructor<any>>' is not assignable to type 'ReactNode'.
              Property 'children' is missing in type 'ReactElement<unknown, string | JSXElementConstructor<any>>' but required in type 'ReactPortal'.
app/(tabs)/friends.tsx(319,14): error TS2786: 'TextInput' cannot be used as a JSX component.
  Its type 'typeof TextInput' is not a valid JSX element type.
    Type 'typeof TextInput' is not assignable to type 'new (props: any) => Component<any, any, any>'.
      Construct signature return types 'TextInput' and 'Component<any, any, any>' are incompatible.
        The types returned by 'render()' are incompatible between these types.
          Type 'import("C:/dev/Area-app/node_modules/@types/react/index").ReactNode' is not assignable to type 'React.ReactNode'.
            Type 'ReactElement<unknown, string | JSXElementConstructor<any>>' is not assignable to type 'ReactNode'.
              Property 'children' is missing in type 'ReactElement<unknown, string | JSXElementConstructor<any>>' but required in type 'ReactPortal'.
app/(tabs)/friends.tsx(326,14): error TS2786: 'TouchableOpacity' cannot be used as a JSX component.
  Its type 'ForwardRefExoticComponent<TouchableOpacityProps & RefAttributes<View>>' is not a valid JSX element type.
    Type 'ForwardRefExoticComponent<TouchableOpacityProps & RefAttributes<View>>' is not assignable to type '(props: any) => ReactNode | Promise<ReactNode>'.
      Type 'ReactNode' is not assignable to type 'ReactNode | Promise<ReactNode>'.
        Type 'ReactElement<unknown, string | JSXElementConstructor<any>>' is not assignable to type 'ReactNode | Promise<ReactNode>'.
          Property 'children' is missing in type 'ReactElement<unknown, string | JSXElementConstructor<any>>' but required in type 'ReactPortal'.
app/(tabs)/friends.tsx(331,16): error TS2786: 'UserPlus' cannot be used as a JSX component.
  Its type 'LucideIcon' is not a valid JSX element type.
    Type 'ForwardRefExoticComponent<LucideProps>' is not assignable to type '(props: any) => ReactNode | Promise<ReactNode>'.
      Type 'ReactNode' is not assignable to type 'ReactNode | Promise<ReactNode>'.
        Type 'ReactElement<unknown, string | JSXElementConstructor<any>>' is not assignable to type 'ReactNode | Promise<ReactNode>'.
          Property 'children' is missing in type 'ReactElement<unknown, string | JSXElementConstructor<any>>' but required in type 'ReactPortal'.
app/(tabs)/friends.tsx(334,12): error TS2786: 'View' cannot be used as a JSX component.
  Its type 'typeof View' is not a valid JSX element type.
    Type 'typeof View' is not assignable to type 'new (props: any) => Component<any, any, any>'.
      Construct signature return types 'View' and 'Component<any, any, any>' are incompatible.
        The types returned by 'render()' are incompatible between these types.
          Type 'import("C:/dev/Area-app/node_modules/@types/react/index").ReactNode' is not assignable to type 'React.ReactNode'.
            Type 'ReactElement<unknown, string | JSXElementConstructor<any>>' is not assignable to type 'ReactNode'.
              Property 'children' is missing in type 'ReactElement<unknown, string | JSXElementConstructor<any>>' but required in type 'ReactPortal'.
app/(tabs)/friends.tsx(335,14): error TS2786: 'Text' cannot be used as a JSX component.
  Its type 'typeof Text' is not a valid JSX element type.
    Type 'typeof Text' is not assignable to type 'new (props: any) => Component<any, any, any>'.
      Construct signature return types 'Text' and 'Component<any, any, any>' are incompatible.
        The types returned by 'render()' are incompatible between these types.
          Type 'import("C:/dev/Area-app/node_modules/@types/react/index").ReactNode' is not assignable to type 'React.ReactNode'.
            Type 'ReactElement<unknown, string | JSXElementConstructor<any>>' is not assignable to type 'ReactNode'.
              Property 'children' is missing in type 'ReactElement<unknown, string | JSXElementConstructor<any>>' but required in type 'ReactPortal'.
app/(tabs)/friends.tsx(336,14): error TS2786: 'View' cannot be used as a JSX component.
  Its type 'typeof View' is not a valid JSX element type.
    Type 'typeof View' is not assignable to type 'new (props: any) => Component<any, any, any>'.
      Construct signature return types 'View' and 'Component<any, any, any>' are incompatible.
        The types returned by 'render()' are incompatible between these types.
          Type 'import("C:/dev/Area-app/node_modules/@types/react/index").ReactNode' is not assignable to type 'React.ReactNode'.
            Type 'ReactElement<unknown, string | JSXElementConstructor<any>>' is not assignable to type 'ReactNode'.
              Property 'children' is missing in type 'ReactElement<unknown, string | JSXElementConstructor<any>>' but required in type 'ReactPortal'.
app/(tabs)/friends.tsx(337,16): error TS2786: 'Text' cannot be used as a JSX component.
  Its type 'typeof Text' is not a valid JSX element type.
    Type 'typeof Text' is not assignable to type 'new (props: any) => Component<any, any, any>'.
      Construct signature return types 'Text' and 'Component<any, any, any>' are incompatible.
        The types returned by 'render()' are incompatible between these types.
          Type 'import("C:/dev/Area-app/node_modules/@types/react/index").ReactNode' is not assignable to type 'React.ReactNode'.
            Type 'ReactElement<unknown, string | JSXElementConstructor<any>>' is not assignable to type 'ReactNode'.
              Property 'children' is missing in type 'ReactElement<unknown, string | JSXElementConstructor<any>>' but required in type 'ReactPortal'.
app/(tabs)/friends.tsx(338,16): error TS2786: 'TouchableOpacity' cannot be used as a JSX component.
  Its type 'ForwardRefExoticComponent<TouchableOpacityProps & RefAttributes<View>>' is not a valid JSX element type.
    Type 'ForwardRefExoticComponent<TouchableOpacityProps & RefAttributes<View>>' is not assignable to type '(props: any) => ReactNode | Promise<ReactNode>'.
      Type 'ReactNode' is not assignable to type 'ReactNode | Promise<ReactNode>'.
        Type 'ReactElement<unknown, string | JSXElementConstructor<any>>' is not assignable to type 'ReactNode | Promise<ReactNode>'.
          Property 'children' is missing in type 'ReactElement<unknown, string | JSXElementConstructor<any>>' but required in type 'ReactPortal'.
app/(tabs)/friends.tsx(339,18): error TS2786: 'Text' cannot be used as a JSX component.
  Its type 'typeof Text' is not a valid JSX element type.
    Type 'typeof Text' is not assignable to type 'new (props: any) => Component<any, any, any>'.
      Construct signature return types 'Text' and 'Component<any, any, any>' are incompatible.
        The types returned by 'render()' are incompatible between these types.
          Type 'import("C:/dev/Area-app/node_modules/@types/react/index").ReactNode' is not assignable to type 'React.ReactNode'.
            Type 'ReactElement<unknown, string | JSXElementConstructor<any>>' is not assignable to type 'ReactNode'.
              Property 'children' is missing in type 'ReactElement<unknown, string | JSXElementConstructor<any>>' but required in type 'ReactPortal'.
app/(tabs)/friends.tsx(346,12): error TS2786: 'View' cannot be used as a JSX component.
  Its type 'typeof View' is not a valid JSX element type.
    Type 'typeof View' is not assignable to type 'new (props: any) => Component<any, any, any>'.
      Construct signature return types 'View' and 'Component<any, any, any>' are incompatible.
        The types returned by 'render()' are incompatible between these types.
          Type 'import("C:/dev/Area-app/node_modules/@types/react/index").ReactNode' is not assignable to type 'React.ReactNode'.
            Type 'ReactElement<unknown, string | JSXElementConstructor<any>>' is not assignable to type 'ReactNode'.
              Property 'children' is missing in type 'ReactElement<unknown, string | JSXElementConstructor<any>>' but required in type 'ReactPortal'.
app/(tabs)/friends.tsx(347,14): error TS2786: 'Text' cannot be used as a JSX component.
  Its type 'typeof Text' is not a valid JSX element type.
    Type 'typeof Text' is not assignable to type 'new (props: any) => Component<any, any, any>'.
      Construct signature return types 'Text' and 'Component<any, any, any>' are incompatible.
        The types returned by 'render()' are incompatible between these types.
          Type 'import("C:/dev/Area-app/node_modules/@types/react/index").ReactNode' is not assignable to type 'React.ReactNode'.
            Type 'ReactElement<unknown, string | JSXElementConstructor<any>>' is not assignable to type 'ReactNode'.
              Property 'children' is missing in type 'ReactElement<unknown, string | JSXElementConstructor<any>>' but required in type 'ReactPortal'.
app/(tabs)/friends.tsx(348,14): error TS2786: 'FlatList' cannot be used as a JSX component.
  Its type 'typeof FlatList' is not a valid JSX element type.
    Type 'typeof FlatList' is not assignable to type 'new (props: any) => Component<any, any, any>'.
      Construct signature return types 'FlatList<any>' and 'Component<any, any, any>' are incompatible.
        The types returned by 'render()' are incompatible between these types.
          Type 'import("C:/dev/Area-app/node_modules/@types/react/index").ReactNode' is not assignable to type 'React.ReactNode'.
            Type 'ReactElement<unknown, string | JSXElementConstructor<any>>' is not assignable to type 'ReactNode'.
              Property 'children' is missing in type 'ReactElement<unknown, string | JSXElementConstructor<any>>' but required in type 'ReactPortal'.
app/(tabs)/friends.tsx(358,12): error TS2786: 'View' cannot be used as a JSX component.
  Its type 'typeof View' is not a valid JSX element type.
    Type 'typeof View' is not assignable to type 'new (props: any) => Component<any, any, any>'.
      Construct signature return types 'View' and 'Component<any, any, any>' are incompatible.
        The types returned by 'render()' are incompatible between these types.
          Type 'import("C:/dev/Area-app/node_modules/@types/react/index").ReactNode' is not assignable to type 'React.ReactNode'.
            Type 'ReactElement<unknown, string | JSXElementConstructor<any>>' is not assignable to type 'ReactNode'.
              Property 'children' is missing in type 'ReactElement<unknown, string | JSXElementConstructor<any>>' but required in type 'ReactPortal'.
app/(tabs)/friends.tsx(359,14): error TS2786: 'Text' cannot be used as a JSX component.
  Its type 'typeof Text' is not a valid JSX element type.
    Type 'typeof Text' is not assignable to type 'new (props: any) => Component<any, any, any>'.
      Construct signature return types 'Text' and 'Component<any, any, any>' are incompatible.
        The types returned by 'render()' are incompatible between these types.
          Type 'import("C:/dev/Area-app/node_modules/@types/react/index").ReactNode' is not assignable to type 'React.ReactNode'.
            Type 'ReactElement<unknown, string | JSXElementConstructor<any>>' is not assignable to type 'ReactNode'.
              Property 'children' is missing in type 'ReactElement<unknown, string | JSXElementConstructor<any>>' but required in type 'ReactPortal'.
app/(tabs)/friends.tsx(360,14): error TS2786: 'FlatList' cannot be used as a JSX component.
  Its type 'typeof FlatList' is not a valid JSX element type.
    Type 'typeof FlatList' is not assignable to type 'new (props: any) => Component<any, any, any>'.
      Construct signature return types 'FlatList<any>' and 'Component<any, any, any>' are incompatible.
        The types returned by 'render()' are incompatible between these types.
          Type 'import("C:/dev/Area-app/node_modules/@types/react/index").ReactNode' is not assignable to type 'React.ReactNode'.
            Type 'ReactElement<unknown, string | JSXElementConstructor<any>>' is not assignable to type 'ReactNode'.
              Property 'children' is missing in type 'ReactElement<unknown, string | JSXElementConstructor<any>>' but required in type 'ReactPortal'.
app/(tabs)/friends.tsx(369,10): error TS2786: 'View' cannot be used as a JSX component.
  Its type 'typeof View' is not a valid JSX element type.
    Type 'typeof View' is not assignable to type 'new (props: any) => Component<any, any, any>'.
      Construct signature return types 'View' and 'Component<any, any, any>' are incompatible.
        The types returned by 'render()' are incompatible between these types.
          Type 'import("C:/dev/Area-app/node_modules/@types/react/index").ReactNode' is not assignable to type 'React.ReactNode'.
            Type 'ReactElement<unknown, string | JSXElementConstructor<any>>' is not assignable to type 'ReactNode'.
              Property 'children' is missing in type 'ReactElement<unknown, string | JSXElementConstructor<any>>' but required in type 'ReactPortal'.
app/(tabs)/friends.tsx(370,12): error TS2786: 'Text' cannot be used as a JSX component.
  Its type 'typeof Text' is not a valid JSX element type.
    Type 'typeof Text' is not assignable to type 'new (props: any) => Component<any, any, any>'.
      Construct signature return types 'Text' and 'Component<any, any, any>' are incompatible.
        The types returned by 'render()' are incompatible between these types.
          Type 'import("C:/dev/Area-app/node_modules/@types/react/index").ReactNode' is not assignable to type 'React.ReactNode'.
            Type 'ReactElement<unknown, string | JSXElementConstructor<any>>' is not assignable to type 'ReactNode'.
              Property 'children' is missing in type 'ReactElement<unknown, string | JSXElementConstructor<any>>' but required in type 'ReactPortal'.
app/(tabs)/friends.tsx(371,12): error TS2786: 'FlatList' cannot be used as a JSX component.
  Its type 'typeof FlatList' is not a valid JSX element type.
    Type 'typeof FlatList' is not assignable to type 'new (props: any) => Component<any, any, any>'.
      Construct signature return types 'FlatList<any>' and 'Component<any, any, any>' are incompatible.
        The types returned by 'render()' are incompatible between these types.
          Type 'import("C:/dev/Area-app/node_modules/@types/react/index").ReactNode' is not assignable to type 'React.ReactNode'.
            Type 'ReactElement<unknown, string | JSXElementConstructor<any>>' is not assignable to type 'ReactNode'.
              Property 'children' is missing in type 'ReactElement<unknown, string | JSXElementConstructor<any>>' but required in type 'ReactPortal'.
app/(tabs)/friends.tsx(381,8): error TS2786: 'Modal' cannot be used as a JSX component.
  Its type 'typeof Modal' is not a valid JSX element type.
    Type 'typeof Modal' is not assignable to type 'new (props: any) => Component<any, any, any>'.
      Construct signature return types 'Modal' and 'Component<any, any, any>' are incompatible.
        The types returned by 'render()' are incompatible between these types.
          Type 'import("C:/dev/Area-app/node_modules/@types/react/index").ReactNode' is not assignable to type 'React.ReactNode'.
            Type 'ReactElement<unknown, string | JSXElementConstructor<any>>' is not assignable to type 'ReactNode'.
              Property 'children' is missing in type 'ReactElement<unknown, string | JSXElementConstructor<any>>' but required in type 'ReactPortal'.
app/(tabs)/friends.tsx(387,10): error TS2786: 'View' cannot be used as a JSX component.
  Its type 'typeof View' is not a valid JSX element type.
    Type 'typeof View' is not assignable to type 'new (props: any) => Component<any, any, any>'.
      Construct signature return types 'View' and 'Component<any, any, any>' are incompatible.
        The types returned by 'render()' are incompatible between these types.
          Type 'import("C:/dev/Area-app/node_modules/@types/react/index").ReactNode' is not assignable to type 'React.ReactNode'.
            Type 'ReactElement<unknown, string | JSXElementConstructor<any>>' is not assignable to type 'ReactNode'.
              Property 'children' is missing in type 'ReactElement<unknown, string | JSXElementConstructor<any>>' but required in type 'ReactPortal'.
app/(tabs)/friends.tsx(388,12): error TS2786: 'View' cannot be used as a JSX component.
  Its type 'typeof View' is not a valid JSX element type.
    Type 'typeof View' is not assignable to type 'new (props: any) => Component<any, any, any>'.
      Construct signature return types 'View' and 'Component<any, any, any>' are incompatible.
        The types returned by 'render()' are incompatible between these types.
          Type 'import("C:/dev/Area-app/node_modules/@types/react/index").ReactNode' is not assignable to type 'React.ReactNode'.
            Type 'ReactElement<unknown, string | JSXElementConstructor<any>>' is not assignable to type 'ReactNode'.
              Property 'children' is missing in type 'ReactElement<unknown, string | JSXElementConstructor<any>>' but required in type 'ReactPortal'.
app/(tabs)/friends.tsx(389,14): error TS2786: 'View' cannot be used as a JSX component.
  Its type 'typeof View' is not a valid JSX element type.
    Type 'typeof View' is not assignable to type 'new (props: any) => Component<any, any, any>'.
      Construct signature return types 'View' and 'Component<any, any, any>' are incompatible.
        The types returned by 'render()' are incompatible between these types.
          Type 'import("C:/dev/Area-app/node_modules/@types/react/index").ReactNode' is not assignable to type 'React.ReactNode'.
            Type 'ReactElement<unknown, string | JSXElementConstructor<any>>' is not assignable to type 'ReactNode'.
              Property 'children' is missing in type 'ReactElement<unknown, string | JSXElementConstructor<any>>' but required in type 'ReactPortal'.
app/(tabs)/friends.tsx(390,16): error TS2786: 'Text' cannot be used as a JSX component.
  Its type 'typeof Text' is not a valid JSX element type.
    Type 'typeof Text' is not assignable to type 'new (props: any) => Component<any, any, any>'.
      Construct signature return types 'Text' and 'Component<any, any, any>' are incompatible.
        The types returned by 'render()' are incompatible between these types.
          Type 'import("C:/dev/Area-app/node_modules/@types/react/index").ReactNode' is not assignable to type 'React.ReactNode'.
            Type 'ReactElement<unknown, string | JSXElementConstructor<any>>' is not assignable to type 'ReactNode'.
              Property 'children' is missing in type 'ReactElement<unknown, string | JSXElementConstructor<any>>' but required in type 'ReactPortal'.
app/(tabs)/friends.tsx(393,16): error TS2786: 'TouchableOpacity' cannot be used as a JSX component.
  Its type 'ForwardRefExoticComponent<TouchableOpacityProps & RefAttributes<View>>' is not a valid JSX element type.
    Type 'ForwardRefExoticComponent<TouchableOpacityProps & RefAttributes<View>>' is not assignable to type '(props: any) => ReactNode | Promise<ReactNode>'.
      Type 'ReactNode' is not assignable to type 'ReactNode | Promise<ReactNode>'.
        Type 'ReactElement<unknown, string | JSXElementConstructor<any>>' is not assignable to type 'ReactNode | Promise<ReactNode>'.
          Property 'children' is missing in type 'ReactElement<unknown, string | JSXElementConstructor<any>>' but required in type 'ReactPortal'.
app/(tabs)/friends.tsx(394,18): error TS2786: 'X' cannot be used as a JSX component.
  Its type 'LucideIcon' is not a valid JSX element type.
    Type 'ForwardRefExoticComponent<LucideProps>' is not assignable to type '(props: any) => ReactNode | Promise<ReactNode>'.
      Type 'ReactNode' is not assignable to type 'ReactNode | Promise<ReactNode>'.
        Type 'ReactElement<unknown, string | JSXElementConstructor<any>>' is not assignable to type 'ReactNode | Promise<ReactNode>'.
          Property 'children' is missing in type 'ReactElement<unknown, string | JSXElementConstructor<any>>' but required in type 'ReactPortal'.
app/(tabs)/friends.tsx(420,8): error TS2786: 'Modal' cannot be used as a JSX component.
  Its type 'typeof Modal' is not a valid JSX element type.
    Type 'typeof Modal' is not assignable to type 'new (props: any) => Component<any, any, any>'.
      Construct signature return types 'Modal' and 'Component<any, any, any>' are incompatible.
        The types returned by 'render()' are incompatible between these types.
          Type 'import("C:/dev/Area-app/node_modules/@types/react/index").ReactNode' is not assignable to type 'React.ReactNode'.
            Type 'ReactElement<unknown, string | JSXElementConstructor<any>>' is not assignable to type 'ReactNode'.
              Property 'children' is missing in type 'ReactElement<unknown, string | JSXElementConstructor<any>>' but required in type 'ReactPortal'.
app/(tabs)/friends.tsx(426,10): error TS2786: 'View' cannot be used as a JSX component.
  Its type 'typeof View' is not a valid JSX element type.
    Type 'typeof View' is not assignable to type 'new (props: any) => Component<any, any, any>'.
      Construct signature return types 'View' and 'Component<any, any, any>' are incompatible.
        The types returned by 'render()' are incompatible between these types.
          Type 'import("C:/dev/Area-app/node_modules/@types/react/index").ReactNode' is not assignable to type 'React.ReactNode'.
            Type 'ReactElement<unknown, string | JSXElementConstructor<any>>' is not assignable to type 'ReactNode'.
              Property 'children' is missing in type 'ReactElement<unknown, string | JSXElementConstructor<any>>' but required in type 'ReactPortal'.
app/(tabs)/friends.tsx(427,12): error TS2786: 'View' cannot be used as a JSX component.
  Its type 'typeof View' is not a valid JSX element type.
    Type 'typeof View' is not assignable to type 'new (props: any) => Component<any, any, any>'.
      Construct signature return types 'View' and 'Component<any, any, any>' are incompatible.
        The types returned by 'render()' are incompatible between these types.
          Type 'import("C:/dev/Area-app/node_modules/@types/react/index").ReactNode' is not assignable to type 'React.ReactNode'.
            Type 'ReactElement<unknown, string | JSXElementConstructor<any>>' is not assignable to type 'ReactNode'.
              Property 'children' is missing in type 'ReactElement<unknown, string | JSXElementConstructor<any>>' but required in type 'ReactPortal'.
app/(tabs)/friends.tsx(428,14): error TS2786: 'View' cannot be used as a JSX component.
  Its type 'typeof View' is not a valid JSX element type.
    Type 'typeof View' is not assignable to type 'new (props: any) => Component<any, any, any>'.
      Construct signature return types 'View' and 'Component<any, any, any>' are incompatible.
        The types returned by 'render()' are incompatible between these types.
          Type 'import("C:/dev/Area-app/node_modules/@types/react/index").ReactNode' is not assignable to type 'React.ReactNode'.
            Type 'ReactElement<unknown, string | JSXElementConstructor<any>>' is not assignable to type 'ReactNode'.
              Property 'children' is missing in type 'ReactElement<unknown, string | JSXElementConstructor<any>>' but required in type 'ReactPortal'.
app/(tabs)/friends.tsx(429,16): error TS2786: 'Text' cannot be used as a JSX component.
  Its type 'typeof Text' is not a valid JSX element type.
    Type 'typeof Text' is not assignable to type 'new (props: any) => Component<any, any, any>'.
      Construct signature return types 'Text' and 'Component<any, any, any>' are incompatible.
        The types returned by 'render()' are incompatible between these types.
          Type 'import("C:/dev/Area-app/node_modules/@types/react/index").ReactNode' is not assignable to type 'React.ReactNode'.
            Type 'ReactElement<unknown, string | JSXElementConstructor<any>>' is not assignable to type 'ReactNode'.
              Property 'children' is missing in type 'ReactElement<unknown, string | JSXElementConstructor<any>>' but required in type 'ReactPortal'.
app/(tabs)/friends.tsx(432,16): error TS2786: 'TouchableOpacity' cannot be used as a JSX component.
  Its type 'ForwardRefExoticComponent<TouchableOpacityProps & RefAttributes<View>>' is not a valid JSX element type.
    Type 'ForwardRefExoticComponent<TouchableOpacityProps & RefAttributes<View>>' is not assignable to type '(props: any) => ReactNode | Promise<ReactNode>'.
      Type 'ReactNode' is not assignable to type 'ReactNode | Promise<ReactNode>'.
        Type 'ReactElement<unknown, string | JSXElementConstructor<any>>' is not assignable to type 'ReactNode | Promise<ReactNode>'.
          Property 'children' is missing in type 'ReactElement<unknown, string | JSXElementConstructor<any>>' but required in type 'ReactPortal'.
app/(tabs)/friends.tsx(433,18): error TS2786: 'X' cannot be used as a JSX component.
  Its type 'LucideIcon' is not a valid JSX element type.
    Type 'ForwardRefExoticComponent<LucideProps>' is not assignable to type '(props: any) => ReactNode | Promise<ReactNode>'.
      Type 'ReactNode' is not assignable to type 'ReactNode | Promise<ReactNode>'.
        Type 'ReactElement<unknown, string | JSXElementConstructor<any>>' is not assignable to type 'ReactNode | Promise<ReactNode>'.
          Property 'children' is missing in type 'ReactElement<unknown, string | JSXElementConstructor<any>>' but required in type 'ReactPortal'.
app/(tabs)/friends.tsx(436,14): error TS2786: 'FlatList' cannot be used as a JSX component.
  Its type 'typeof FlatList' is not a valid JSX element type.
    Type 'typeof FlatList' is not assignable to type 'new (props: any) => Component<any, any, any>'.
      Construct signature return types 'FlatList<any>' and 'Component<any, any, any>' are incompatible.
        The types returned by 'render()' are incompatible between these types.
          Type 'import("C:/dev/Area-app/node_modules/@types/react/index").ReactNode' is not assignable to type 'React.ReactNode'.
            Type 'ReactElement<unknown, string | JSXElementConstructor<any>>' is not assignable to type 'ReactNode'.
              Property 'children' is missing in type 'ReactElement<unknown, string | JSXElementConstructor<any>>' but required in type 'ReactPortal'.
app/(tabs)/friends.tsx(440,18): error TS2786: 'TouchableOpacity' cannot be used as a JSX component.
  Its type 'ForwardRefExoticComponent<TouchableOpacityProps & RefAttributes<View>>' is not a valid JSX element type.
    Type 'ForwardRefExoticComponent<TouchableOpacityProps & RefAttributes<View>>' is not assignable to type '(props: any) => ReactNode | Promise<ReactNode>'.
      Type 'ReactNode' is not assignable to type 'ReactNode | Promise<ReactNode>'.
        Type 'ReactElement<unknown, string | JSXElementConstructor<any>>' is not assignable to type 'ReactNode | Promise<ReactNode>'.
          Property 'children' is missing in type 'ReactElement<unknown, string | JSXElementConstructor<any>>' but required in type 'ReactPortal'.
app/(tabs)/friends.tsx(444,20): error TS2786: 'Text' cannot be used as a JSX component.
  Its type 'typeof Text' is not a valid JSX element type.
    Type 'typeof Text' is not assignable to type 'new (props: any) => Component<any, any, any>'.
      Construct signature return types 'Text' and 'Component<any, any, any>' are incompatible.
        The types returned by 'render()' are incompatible between these types.
          Type 'import("C:/dev/Area-app/node_modules/@types/react/index").ReactNode' is not assignable to type 'React.ReactNode'.
            Type 'ReactElement<unknown, string | JSXElementConstructor<any>>' is not assignable to type 'ReactNode'.
              Property 'children' is missing in type 'ReactElement<unknown, string | JSXElementConstructor<any>>' but required in type 'ReactPortal'.
app/(tabs)/friends.tsx(453,8): error TS2786: 'Modal' cannot be used as a JSX component.
  Its type 'typeof Modal' is not a valid JSX element type.
    Type 'typeof Modal' is not assignable to type 'new (props: any) => Component<any, any, any>'.
      Construct signature return types 'Modal' and 'Component<any, any, any>' are incompatible.
        The types returned by 'render()' are incompatible between these types.
          Type 'import("C:/dev/Area-app/node_modules/@types/react/index").ReactNode' is not assignable to type 'React.ReactNode'.
            Type 'ReactElement<unknown, string | JSXElementConstructor<any>>' is not assignable to type 'ReactNode'.
              Property 'children' is missing in type 'ReactElement<unknown, string | JSXElementConstructor<any>>' but required in type 'ReactPortal'.
app/(tabs)/friends.tsx(459,10): error TS2786: 'View' cannot be used as a JSX component.
  Its type 'typeof View' is not a valid JSX element type.
    Type 'typeof View' is not assignable to type 'new (props: any) => Component<any, any, any>'.
      Construct signature return types 'View' and 'Component<any, any, any>' are incompatible.
        The types returned by 'render()' are incompatible between these types.
          Type 'import("C:/dev/Area-app/node_modules/@types/react/index").ReactNode' is not assignable to type 'React.ReactNode'.
            Type 'ReactElement<unknown, string | JSXElementConstructor<any>>' is not assignable to type 'ReactNode'.
              Property 'children' is missing in type 'ReactElement<unknown, string | JSXElementConstructor<any>>' but required in type 'ReactPortal'.
app/(tabs)/friends.tsx(460,12): error TS2786: 'View' cannot be used as a JSX component.
  Its type 'typeof View' is not a valid JSX element type.
    Type 'typeof View' is not assignable to type 'new (props: any) => Component<any, any, any>'.
      Construct signature return types 'View' and 'Component<any, any, any>' are incompatible.
        The types returned by 'render()' are incompatible between these types.
          Type 'import("C:/dev/Area-app/node_modules/@types/react/index").ReactNode' is not assignable to type 'React.ReactNode'.
            Type 'ReactElement<unknown, string | JSXElementConstructor<any>>' is not assignable to type 'ReactNode'.
              Property 'children' is missing in type 'ReactElement<unknown, string | JSXElementConstructor<any>>' but required in type 'ReactPortal'.
app/(tabs)/friends.tsx(461,14): error TS2786: 'View' cannot be used as a JSX component.
  Its type 'typeof View' is not a valid JSX element type.
    Type 'typeof View' is not assignable to type 'new (props: any) => Component<any, any, any>'.
      Construct signature return types 'View' and 'Component<any, any, any>' are incompatible.
        The types returned by 'render()' are incompatible between these types.
          Type 'import("C:/dev/Area-app/node_modules/@types/react/index").ReactNode' is not assignable to type 'React.ReactNode'.
            Type 'ReactElement<unknown, string | JSXElementConstructor<any>>' is not assignable to type 'ReactNode'.
              Property 'children' is missing in type 'ReactElement<unknown, string | JSXElementConstructor<any>>' but required in type 'ReactPortal'.
app/(tabs)/friends.tsx(462,16): error TS2786: 'Text' cannot be used as a JSX component.
  Its type 'typeof Text' is not a valid JSX element type.
    Type 'typeof Text' is not assignable to type 'new (props: any) => Component<any, any, any>'.
      Construct signature return types 'Text' and 'Component<any, any, any>' are incompatible.
        The types returned by 'render()' are incompatible between these types.
          Type 'import("C:/dev/Area-app/node_modules/@types/react/index").ReactNode' is not assignable to type 'React.ReactNode'.
            Type 'ReactElement<unknown, string | JSXElementConstructor<any>>' is not assignable to type 'ReactNode'.
              Property 'children' is missing in type 'ReactElement<unknown, string | JSXElementConstructor<any>>' but required in type 'ReactPortal'.
app/(tabs)/friends.tsx(465,16): error TS2786: 'TouchableOpacity' cannot be used as a JSX component.
  Its type 'ForwardRefExoticComponent<TouchableOpacityProps & RefAttributes<View>>' is not a valid JSX element type.
    Type 'ForwardRefExoticComponent<TouchableOpacityProps & RefAttributes<View>>' is not assignable to type '(props: any) => ReactNode | Promise<ReactNode>'.
      Type 'ReactNode' is not assignable to type 'ReactNode | Promise<ReactNode>'.
        Type 'ReactElement<unknown, string | JSXElementConstructor<any>>' is not assignable to type 'ReactNode | Promise<ReactNode>'.
          Property 'children' is missing in type 'ReactElement<unknown, string | JSXElementConstructor<any>>' but required in type 'ReactPortal'.
app/(tabs)/friends.tsx(466,18): error TS2786: 'X' cannot be used as a JSX component.
  Its type 'LucideIcon' is not a valid JSX element type.
    Type 'ForwardRefExoticComponent<LucideProps>' is not assignable to type '(props: any) => ReactNode | Promise<ReactNode>'.
      Type 'ReactNode' is not assignable to type 'ReactNode | Promise<ReactNode>'.
        Type 'ReactElement<unknown, string | JSXElementConstructor<any>>' is not assignable to type 'ReactNode | Promise<ReactNode>'.
          Property 'children' is missing in type 'ReactElement<unknown, string | JSXElementConstructor<any>>' but required in type 'ReactPortal'.
app/(tabs)/friends.tsx(469,14): error TS2786: 'FlatList' cannot be used as a JSX component.
  Its type 'typeof FlatList' is not a valid JSX element type.
    Type 'typeof FlatList' is not assignable to type 'new (props: any) => Component<any, any, any>'.
      Construct signature return types 'FlatList<any>' and 'Component<any, any, any>' are incompatible.
        The types returned by 'render()' are incompatible between these types.
          Type 'import("C:/dev/Area-app/node_modules/@types/react/index").ReactNode' is not assignable to type 'React.ReactNode'.
            Type 'ReactElement<unknown, string | JSXElementConstructor<any>>' is not assignable to type 'ReactNode'.
              Property 'children' is missing in type 'ReactElement<unknown, string | JSXElementConstructor<any>>' but required in type 'ReactPortal'.
app/(tabs)/index.tsx(97,8): error TS2786: 'View' cannot be used as a JSX component.
  Its type 'typeof View' is not a valid JSX element type.
    Type 'typeof View' is not assignable to type 'new (props: any) => Component<any, any, any>'.
      Construct signature return types 'View' and 'Component<any, any, any>' are incompatible.
        The types returned by 'render()' are incompatible between these types.
          Type 'import("C:/dev/Area-app/node_modules/@types/react/index").ReactNode' is not assignable to type 'React.ReactNode'.
            Type 'ReactElement<unknown, string | JSXElementConstructor<any>>' is not assignable to type 'ReactNode'.
              Property 'children' is missing in type 'ReactElement<unknown, string | JSXElementConstructor<any>>' but required in type 'ReactPortal'.
app/(tabs)/index.tsx(98,10): error TS2786: 'ActivityIndicator' cannot be used as a JSX component.
  Its type 'typeof ActivityIndicator' is not a valid JSX element type.
    Type 'typeof ActivityIndicator' is not assignable to type 'new (props: any) => Component<any, any, any>'.
      Construct signature return types 'ActivityIndicator' and 'Component<any, any, any>' are incompatible.
        The types returned by 'render()' are incompatible between these types.
          Type 'import("C:/dev/Area-app/node_modules/@types/react/index").ReactNode' is not assignable to type 'React.ReactNode'.
            Type 'ReactElement<unknown, string | JSXElementConstructor<any>>' is not assignable to type 'ReactNode'.
              Property 'children' is missing in type 'ReactElement<unknown, string | JSXElementConstructor<any>>' but required in type 'ReactPortal'.
app/(tabs)/index.tsx(99,10): error TS2786: 'Text' cannot be used as a JSX component.
  Its type 'typeof Text' is not a valid JSX element type.
    Type 'typeof Text' is not assignable to type 'new (props: any) => Component<any, any, any>'.
      Construct signature return types 'Text' and 'Component<any, any, any>' are incompatible.
        The types returned by 'render()' are incompatible between these types.
          Type 'import("C:/dev/Area-app/node_modules/@types/react/index").ReactNode' is not assignable to type 'React.ReactNode'.
            Type 'ReactElement<unknown, string | JSXElementConstructor<any>>' is not assignable to type 'ReactNode'.
              Property 'children' is missing in type 'ReactElement<unknown, string | JSXElementConstructor<any>>' but required in type 'ReactPortal'.
app/(tabs)/index.tsx(105,6): error TS2786: 'View' cannot be used as a JSX component.
  Its type 'typeof View' is not a valid JSX element type.
    Type 'typeof View' is not assignable to type 'new (props: any) => Component<any, any, any>'.
      Construct signature return types 'View' and 'Component<any, any, any>' are incompatible.
        The types returned by 'render()' are incompatible between these types.
          Type 'import("C:/dev/Area-app/node_modules/@types/react/index").ReactNode' is not assignable to type 'React.ReactNode'.
            Type 'ReactElement<unknown, string | JSXElementConstructor<any>>' is not assignable to type 'ReactNode'.
              Property 'children' is missing in type 'ReactElement<unknown, string | JSXElementConstructor<any>>' but required in type 'ReactPortal'.
app/(tabs)/index.tsx(133,14): error TS2786: 'View' cannot be used as a JSX component.
  Its type 'typeof View' is not a valid JSX element type.
    Type 'typeof View' is not assignable to type 'new (props: any) => Component<any, any, any>'.
      Construct signature return types 'View' and 'Component<any, any, any>' are incompatible.
        The types returned by 'render()' are incompatible between these types.
          Type 'import("C:/dev/Area-app/node_modules/@types/react/index").ReactNode' is not assignable to type 'React.ReactNode'.
            Type 'ReactElement<unknown, string | JSXElementConstructor<any>>' is not assignable to type 'ReactNode'.
              Property 'children' is missing in type 'ReactElement<unknown, string | JSXElementConstructor<any>>' but required in type 'ReactPortal'.
app/(tabs)/index.tsx(134,16): error TS2786: 'View' cannot be used as a JSX component.
  Its type 'typeof View' is not a valid JSX element type.
    Type 'typeof View' is not assignable to type 'new (props: any) => Component<any, any, any>'.
      Construct signature return types 'View' and 'Component<any, any, any>' are incompatible.
        The types returned by 'render()' are incompatible between these types.
          Type 'import("C:/dev/Area-app/node_modules/@types/react/index").ReactNode' is not assignable to type 'React.ReactNode'.
            Type 'ReactElement<unknown, string | JSXElementConstructor<any>>' is not assignable to type 'ReactNode'.
              Property 'children' is missing in type 'ReactElement<unknown, string | JSXElementConstructor<any>>' but required in type 'ReactPortal'.
app/(tabs)/index.tsx(135,18): error TS2786: 'Text' cannot be used as a JSX component.
  Its type 'typeof Text' is not a valid JSX element type.
    Type 'typeof Text' is not assignable to type 'new (props: any) => Component<any, any, any>'.
      Construct signature return types 'Text' and 'Component<any, any, any>' are incompatible.
        The types returned by 'render()' are incompatible between these types.
          Type 'import("C:/dev/Area-app/node_modules/@types/react/index").ReactNode' is not assignable to type 'React.ReactNode'.
            Type 'ReactElement<unknown, string | JSXElementConstructor<any>>' is not assignable to type 'ReactNode'.
              Property 'children' is missing in type 'ReactElement<unknown, string | JSXElementConstructor<any>>' but required in type 'ReactPortal'.
app/(tabs)/index.tsx(137,16): error TS2786: 'View' cannot be used as a JSX component.
  Its type 'typeof View' is not a valid JSX element type.
    Type 'typeof View' is not assignable to type 'new (props: any) => Component<any, any, any>'.
      Construct signature return types 'View' and 'Component<any, any, any>' are incompatible.
        The types returned by 'render()' are incompatible between these types.
          Type 'import("C:/dev/Area-app/node_modules/@types/react/index").ReactNode' is not assignable to type 'React.ReactNode'.
            Type 'ReactElement<unknown, string | JSXElementConstructor<any>>' is not assignable to type 'ReactNode'.
              Property 'children' is missing in type 'ReactElement<unknown, string | JSXElementConstructor<any>>' but required in type 'ReactPortal'.
app/(tabs)/index.tsx(138,18): error TS2786: 'Text' cannot be used as a JSX component.
  Its type 'typeof Text' is not a valid JSX element type.
    Type 'typeof Text' is not assignable to type 'new (props: any) => Component<any, any, any>'.
      Construct signature return types 'Text' and 'Component<any, any, any>' are incompatible.
        The types returned by 'render()' are incompatible between these types.
          Type 'import("C:/dev/Area-app/node_modules/@types/react/index").ReactNode' is not assignable to type 'React.ReactNode'.
            Type 'ReactElement<unknown, string | JSXElementConstructor<any>>' is not assignable to type 'ReactNode'.
              Property 'children' is missing in type 'ReactElement<unknown, string | JSXElementConstructor<any>>' but required in type 'ReactPortal'.
app/(tabs)/index.tsx(146,8): error TS2786: 'View' cannot be used as a JSX component.
  Its type 'typeof View' is not a valid JSX element type.
    Type 'typeof View' is not assignable to type 'new (props: any) => Component<any, any, any>'.
      Construct signature return types 'View' and 'Component<any, any, any>' are incompatible.
        The types returned by 'render()' are incompatible between these types.
          Type 'import("C:/dev/Area-app/node_modules/@types/react/index").ReactNode' is not assignable to type 'React.ReactNode'.
            Type 'ReactElement<unknown, string | JSXElementConstructor<any>>' is not assignable to type 'ReactNode'.
              Property 'children' is missing in type 'ReactElement<unknown, string | JSXElementConstructor<any>>' but required in type 'ReactPortal'.
app/(tabs)/index.tsx(147,10): error TS2786: 'Text' cannot be used as a JSX component.
  Its type 'typeof Text' is not a valid JSX element type.
    Type 'typeof Text' is not assignable to type 'new (props: any) => Component<any, any, any>'.
      Construct signature return types 'Text' and 'Component<any, any, any>' are incompatible.
        The types returned by 'render()' are incompatible between these types.
          Type 'import("C:/dev/Area-app/node_modules/@types/react/index").ReactNode' is not assignable to type 'React.ReactNode'.
            Type 'ReactElement<unknown, string | JSXElementConstructor<any>>' is not assignable to type 'ReactNode'.
              Property 'children' is missing in type 'ReactElement<unknown, string | JSXElementConstructor<any>>' but required in type 'ReactPortal'.
app/(tabs)/index.tsx(149,10): error TS2786: 'TouchableOpacity' cannot be used as a JSX component.
  Its type 'ForwardRefExoticComponent<TouchableOpacityProps & RefAttributes<View>>' is not a valid JSX element type.
    Type 'ForwardRefExoticComponent<TouchableOpacityProps & RefAttributes<View>>' is not assignable to type '(props: any) => ReactNode | Promise<ReactNode>'.
      Type 'ReactNode' is not assignable to type 'ReactNode | Promise<ReactNode>'.
        Type 'ReactElement<unknown, string | JSXElementConstructor<any>>' is not assignable to type 'ReactNode | Promise<ReactNode>'.
          Property 'children' is missing in type 'ReactElement<unknown, string | JSXElementConstructor<any>>' but required in type 'ReactPortal'.
app/(tabs)/index.tsx(153,12): error TS2786: 'Text' cannot be used as a JSX component.
  Its type 'typeof Text' is not a valid JSX element type.
    Type 'typeof Text' is not assignable to type 'new (props: any) => Component<any, any, any>'.
      Construct signature return types 'Text' and 'Component<any, any, any>' are incompatible.
        The types returned by 'render()' are incompatible between these types.
          Type 'import("C:/dev/Area-app/node_modules/@types/react/index").ReactNode' is not assignable to type 'React.ReactNode'.
            Type 'ReactElement<unknown, string | JSXElementConstructor<any>>' is not assignable to type 'ReactNode'.
              Property 'children' is missing in type 'ReactElement<unknown, string | JSXElementConstructor<any>>' but required in type 'ReactPortal'.
app/(tabs)/index.tsx(156,12): error TS2786: 'ChevronDown' cannot be used as a JSX component.
  Its type 'LucideIcon' is not a valid JSX element type.
    Type 'ForwardRefExoticComponent<LucideProps>' is not assignable to type '(props: any) => ReactNode | Promise<ReactNode>'.
      Type 'ReactNode' is not assignable to type 'ReactNode | Promise<ReactNode>'.
        Type 'ReactElement<unknown, string | JSXElementConstructor<any>>' is not assignable to type 'ReactNode | Promise<ReactNode>'.
          Property 'children' is missing in type 'ReactElement<unknown, string | JSXElementConstructor<any>>' but required in type 'ReactPortal'.
app/(tabs)/index.tsx(160,12): error TS2786: 'View' cannot be used as a JSX component.
  Its type 'typeof View' is not a valid JSX element type.
    Type 'typeof View' is not assignable to type 'new (props: any) => Component<any, any, any>'.
      Construct signature return types 'View' and 'Component<any, any, any>' are incompatible.
        The types returned by 'render()' are incompatible between these types.
          Type 'import("C:/dev/Area-app/node_modules/@types/react/index").ReactNode' is not assignable to type 'React.ReactNode'.
            Type 'ReactElement<unknown, string | JSXElementConstructor<any>>' is not assignable to type 'ReactNode'.
              Property 'children' is missing in type 'ReactElement<unknown, string | JSXElementConstructor<any>>' but required in type 'ReactPortal'.
app/(tabs)/index.tsx(161,14): error TS2786: 'Text' cannot be used as a JSX component.
  Its type 'typeof Text' is not a valid JSX element type.
    Type 'typeof Text' is not assignable to type 'new (props: any) => Component<any, any, any>'.
      Construct signature return types 'Text' and 'Component<any, any, any>' are incompatible.
        The types returned by 'render()' are incompatible between these types.
          Type 'import("C:/dev/Area-app/node_modules/@types/react/index").ReactNode' is not assignable to type 'React.ReactNode'.
            Type 'ReactElement<unknown, string | JSXElementConstructor<any>>' is not assignable to type 'ReactNode'.
              Property 'children' is missing in type 'ReactElement<unknown, string | JSXElementConstructor<any>>' but required in type 'ReactPortal'.
app/(tabs)/index.tsx(169,8): error TS2786: 'Modal' cannot be used as a JSX component.
  Its type 'typeof Modal' is not a valid JSX element type.
    Type 'typeof Modal' is not assignable to type 'new (props: any) => Component<any, any, any>'.
      Construct signature return types 'Modal' and 'Component<any, any, any>' are incompatible.
        The types returned by 'render()' are incompatible between these types.
          Type 'import("C:/dev/Area-app/node_modules/@types/react/index").ReactNode' is not assignable to type 'React.ReactNode'.
            Type 'ReactElement<unknown, string | JSXElementConstructor<any>>' is not assignable to type 'ReactNode'.
              Property 'children' is missing in type 'ReactElement<unknown, string | JSXElementConstructor<any>>' but required in type 'ReactPortal'.
app/(tabs)/index.tsx(174,10): error TS2786: 'View' cannot be used as a JSX component.
  Its type 'typeof View' is not a valid JSX element type.
    Type 'typeof View' is not assignable to type 'new (props: any) => Component<any, any, any>'.
      Construct signature return types 'View' and 'Component<any, any, any>' are incompatible.
        The types returned by 'render()' are incompatible between these types.
          Type 'import("C:/dev/Area-app/node_modules/@types/react/index").ReactNode' is not assignable to type 'React.ReactNode'.
            Type 'ReactElement<unknown, string | JSXElementConstructor<any>>' is not assignable to type 'ReactNode'.
              Property 'children' is missing in type 'ReactElement<unknown, string | JSXElementConstructor<any>>' but required in type 'ReactPortal'.
app/(tabs)/index.tsx(175,12): error TS2786: 'View' cannot be used as a JSX component.
  Its type 'typeof View' is not a valid JSX element type.
    Type 'typeof View' is not assignable to type 'new (props: any) => Component<any, any, any>'.
      Construct signature return types 'View' and 'Component<any, any, any>' are incompatible.
        The types returned by 'render()' are incompatible between these types.
          Type 'import("C:/dev/Area-app/node_modules/@types/react/index").ReactNode' is not assignable to type 'React.ReactNode'.
            Type 'ReactElement<unknown, string | JSXElementConstructor<any>>' is not assignable to type 'ReactNode'.
              Property 'children' is missing in type 'ReactElement<unknown, string | JSXElementConstructor<any>>' but required in type 'ReactPortal'.
app/(tabs)/index.tsx(176,14): error TS2786: 'View' cannot be used as a JSX component.
  Its type 'typeof View' is not a valid JSX element type.
    Type 'typeof View' is not assignable to type 'new (props: any) => Component<any, any, any>'.
      Construct signature return types 'View' and 'Component<any, any, any>' are incompatible.
        The types returned by 'render()' are incompatible between these types.
          Type 'import("C:/dev/Area-app/node_modules/@types/react/index").ReactNode' is not assignable to type 'React.ReactNode'.
            Type 'ReactElement<unknown, string | JSXElementConstructor<any>>' is not assignable to type 'ReactNode'.
              Property 'children' is missing in type 'ReactElement<unknown, string | JSXElementConstructor<any>>' but required in type 'ReactPortal'.
app/(tabs)/index.tsx(177,16): error TS2786: 'Text' cannot be used as a JSX component.
  Its type 'typeof Text' is not a valid JSX element type.
    Type 'typeof Text' is not assignable to type 'new (props: any) => Component<any, any, any>'.
      Construct signature return types 'Text' and 'Component<any, any, any>' are incompatible.
        The types returned by 'render()' are incompatible between these types.
          Type 'import("C:/dev/Area-app/node_modules/@types/react/index").ReactNode' is not assignable to type 'React.ReactNode'.
            Type 'ReactElement<unknown, string | JSXElementConstructor<any>>' is not assignable to type 'ReactNode'.
              Property 'children' is missing in type 'ReactElement<unknown, string | JSXElementConstructor<any>>' but required in type 'ReactPortal'.
app/(tabs)/index.tsx(178,16): error TS2786: 'TouchableOpacity' cannot be used as a JSX component.
  Its type 'ForwardRefExoticComponent<TouchableOpacityProps & RefAttributes<View>>' is not a valid JSX element type.
    Type 'ForwardRefExoticComponent<TouchableOpacityProps & RefAttributes<View>>' is not assignable to type '(props: any) => ReactNode | Promise<ReactNode>'.
      Type 'ReactNode' is not assignable to type 'ReactNode | Promise<ReactNode>'.
        Type 'ReactElement<unknown, string | JSXElementConstructor<any>>' is not assignable to type 'ReactNode | Promise<ReactNode>'.
          Property 'children' is missing in type 'ReactElement<unknown, string | JSXElementConstructor<any>>' but required in type 'ReactPortal'.
app/(tabs)/index.tsx(181,18): error TS2786: 'X' cannot be used as a JSX component.
  Its type 'LucideIcon' is not a valid JSX element type.
    Type 'ForwardRefExoticComponent<LucideProps>' is not assignable to type '(props: any) => ReactNode | Promise<ReactNode>'.
      Type 'ReactNode' is not assignable to type 'ReactNode | Promise<ReactNode>'.
        Type 'ReactElement<unknown, string | JSXElementConstructor<any>>' is not assignable to type 'ReactNode | Promise<ReactNode>'.
          Property 'children' is missing in type 'ReactElement<unknown, string | JSXElementConstructor<any>>' but required in type 'ReactPortal'.
app/(tabs)/index.tsx(185,14): error TS2786: 'ScrollView' cannot be used as a JSX component.
  Its type 'typeof ScrollView' is not a valid JSX element type.
    Type 'typeof ScrollView' is not assignable to type 'new (props: any) => Component<any, any, any>'.
      Construct signature return types 'ScrollView' and 'Component<any, any, any>' are incompatible.
        The types returned by 'render()' are incompatible between these types.
          Type 'import("C:/dev/Area-app/node_modules/@types/react/index").ReactNode' is not assignable to type 'React.ReactNode'.
            Type 'ReactElement<unknown, string | JSXElementConstructor<any>>' is not assignable to type 'ReactNode'.
              Property 'children' is missing in type 'ReactElement<unknown, string | JSXElementConstructor<any>>' but required in type 'ReactPortal'.
app/(tabs)/index.tsx(187,18): error TS2786: 'TouchableOpacity' cannot be used as a JSX component.
  Its type 'ForwardRefExoticComponent<TouchableOpacityProps & RefAttributes<View>>' is not a valid JSX element type.
    Type 'ForwardRefExoticComponent<TouchableOpacityProps & RefAttributes<View>>' is not assignable to type '(props: any) => ReactNode | Promise<ReactNode>'.
      Type 'ReactNode' is not assignable to type 'ReactNode | Promise<ReactNode>'.
        Type 'ReactElement<unknown, string | JSXElementConstructor<any>>' is not assignable to type 'ReactNode | Promise<ReactNode>'.
          Property 'children' is missing in type 'ReactElement<unknown, string | JSXElementConstructor<any>>' but required in type 'ReactPortal'.
app/(tabs)/index.tsx(197,20): error TS2786: 'Text' cannot be used as a JSX component.
  Its type 'typeof Text' is not a valid JSX element type.
    Type 'typeof Text' is not assignable to type 'new (props: any) => Component<any, any, any>'.
      Construct signature return types 'Text' and 'Component<any, any, any>' are incompatible.
        The types returned by 'render()' are incompatible between these types.
          Type 'import("C:/dev/Area-app/node_modules/@types/react/index").ReactNode' is not assignable to type 'React.ReactNode'.
            Type 'ReactElement<unknown, string | JSXElementConstructor<any>>' is not assignable to type 'ReactNode'.
              Property 'children' is missing in type 'ReactElement<unknown, string | JSXElementConstructor<any>>' but required in type 'ReactPortal'.
app/(tabs)/index.tsx(208,14): error TS2786: 'TouchableOpacity' cannot be used as a JSX component.
  Its type 'ForwardRefExoticComponent<TouchableOpacityProps & RefAttributes<View>>' is not a valid JSX element type.
    Type 'ForwardRefExoticComponent<TouchableOpacityProps & RefAttributes<View>>' is not assignable to type '(props: any) => ReactNode | Promise<ReactNode>'.
      Type 'ReactNode' is not assignable to type 'ReactNode | Promise<ReactNode>'.
        Type 'ReactElement<unknown, string | JSXElementConstructor<any>>' is not assignable to type 'ReactNode | Promise<ReactNode>'.
          Property 'children' is missing in type 'ReactElement<unknown, string | JSXElementConstructor<any>>' but required in type 'ReactPortal'.
app/(tabs)/index.tsx(211,16): error TS2786: 'Text' cannot be used as a JSX component.
  Its type 'typeof Text' is not a valid JSX element type.
    Type 'typeof Text' is not assignable to type 'new (props: any) => Component<any, any, any>'.
      Construct signature return types 'Text' and 'Component<any, any, any>' are incompatible.
        The types returned by 'render()' are incompatible between these types.
          Type 'import("C:/dev/Area-app/node_modules/@types/react/index").ReactNode' is not assignable to type 'React.ReactNode'.
            Type 'ReactElement<unknown, string | JSXElementConstructor<any>>' is not assignable to type 'ReactNode'.
              Property 'children' is missing in type 'ReactElement<unknown, string | JSXElementConstructor<any>>' but required in type 'ReactPortal'.
app/(tabs)/profile.tsx(117,8): error TS2786: 'SafeAreaView' cannot be used as a JSX component.
  Its type 'ForwardRefExoticComponent<NativeSafeAreaViewProps & RefAttributes<Component<NativeProps, {}, any> & Readonly<NativeMethods>>>' is not a valid JSX element type.
    Type 'ForwardRefExoticComponent<NativeSafeAreaViewProps & RefAttributes<Component<NativeProps, {}, any> & Readonly<NativeMethods>>>' is not assignable to type '(props: any) => ReactNode | Promise<ReactNode>'.
      Type 'ReactNode' is not assignable to type 'ReactNode | Promise<ReactNode>'.
        Type 'ReactElement<unknown, string | JSXElementConstructor<any>>' is not assignable to type 'ReactNode | Promise<ReactNode>'.
          Property 'children' is missing in type 'ReactElement<unknown, string | JSXElementConstructor<any>>' but required in type 'ReactPortal'.
app/(tabs)/profile.tsx(118,10): error TS2786: 'View' cannot be used as a JSX component.
  Its type 'typeof View' is not a valid JSX element type.
    Type 'typeof View' is not assignable to type 'new (props: any) => Component<any, any, any>'.
      Construct signature return types 'View' and 'Component<any, any, any>' are incompatible.
        The types returned by 'render()' are incompatible between these types.
          Type 'import("C:/dev/Area-app/node_modules/@types/react/index").ReactNode' is not assignable to type 'React.ReactNode'.
            Type 'ReactElement<unknown, string | JSXElementConstructor<any>>' is not assignable to type 'ReactNode'.
              Property 'children' is missing in type 'ReactElement<unknown, string | JSXElementConstructor<any>>' but required in type 'ReactPortal'.
app/(tabs)/profile.tsx(119,12): error TS2786: 'ActivityIndicator' cannot be used as a JSX component.
  Its type 'typeof ActivityIndicator' is not a valid JSX element type.
    Type 'typeof ActivityIndicator' is not assignable to type 'new (props: any) => Component<any, any, any>'.
      Construct signature return types 'ActivityIndicator' and 'Component<any, any, any>' are incompatible.
        The types returned by 'render()' are incompatible between these types.
          Type 'import("C:/dev/Area-app/node_modules/@types/react/index").ReactNode' is not assignable to type 'React.ReactNode'.
            Type 'ReactElement<unknown, string | JSXElementConstructor<any>>' is not assignable to type 'ReactNode'.
              Property 'children' is missing in type 'ReactElement<unknown, string | JSXElementConstructor<any>>' but required in type 'ReactPortal'.
app/(tabs)/profile.tsx(120,12): error TS2786: 'Text' cannot be used as a JSX component.
  Its type 'typeof Text' is not a valid JSX element type.
    Type 'typeof Text' is not assignable to type 'new (props: any) => Component<any, any, any>'.
      Construct signature return types 'Text' and 'Component<any, any, any>' are incompatible.
        The types returned by 'render()' are incompatible between these types.
          Type 'import("C:/dev/Area-app/node_modules/@types/react/index").ReactNode' is not assignable to type 'React.ReactNode'.
            Type 'ReactElement<unknown, string | JSXElementConstructor<any>>' is not assignable to type 'ReactNode'.
              Property 'children' is missing in type 'ReactElement<unknown, string | JSXElementConstructor<any>>' but required in type 'ReactPortal'.
app/(tabs)/profile.tsx(127,6): error TS2786: 'TouchableOpacity' cannot be used as a JSX component.
  Its type 'ForwardRefExoticComponent<TouchableOpacityProps & RefAttributes<View>>' is not a valid JSX element type.
    Type 'ForwardRefExoticComponent<TouchableOpacityProps & RefAttributes<View>>' is not assignable to type '(props: any) => ReactNode | Promise<ReactNode>'.
      Type 'ReactNode' is not assignable to type 'ReactNode | Promise<ReactNode>'.
        Type 'ReactElement<unknown, string | JSXElementConstructor<any>>' is not assignable to type 'ReactNode | Promise<ReactNode>'.
          Property 'children' is missing in type 'ReactElement<unknown, string | JSXElementConstructor<any>>' but required in type 'ReactPortal'.
app/(tabs)/profile.tsx(131,8): error TS2786: 'Image' cannot be used as a JSX component.
  Its type 'typeof Image' is not a valid JSX element type.
    Type 'typeof Image' is not assignable to type 'new (props: any) => Component<any, any, any>'.
      Construct signature return types 'Image' and 'Component<any, any, any>' are incompatible.
        The types returned by 'render()' are incompatible between these types.
          Type 'import("C:/dev/Area-app/node_modules/@types/react/index").ReactNode' is not assignable to type 'React.ReactNode'.
            Type 'ReactElement<unknown, string | JSXElementConstructor<any>>' is not assignable to type 'ReactNode'.
              Property 'children' is missing in type 'ReactElement<unknown, string | JSXElementConstructor<any>>' but required in type 'ReactPortal'.
app/(tabs)/profile.tsx(132,8): error TS2786: 'View' cannot be used as a JSX component.
  Its type 'typeof View' is not a valid JSX element type.
    Type 'typeof View' is not assignable to type 'new (props: any) => Component<any, any, any>'.
      Construct signature return types 'View' and 'Component<any, any, any>' are incompatible.
        The types returned by 'render()' are incompatible between these types.
          Type 'import("C:/dev/Area-app/node_modules/@types/react/index").ReactNode' is not assignable to type 'React.ReactNode'.
            Type 'ReactElement<unknown, string | JSXElementConstructor<any>>' is not assignable to type 'ReactNode'.
              Property 'children' is missing in type 'ReactElement<unknown, string | JSXElementConstructor<any>>' but required in type 'ReactPortal'.
app/(tabs)/profile.tsx(133,10): error TS2786: 'View' cannot be used as a JSX component.
  Its type 'typeof View' is not a valid JSX element type.
    Type 'typeof View' is not assignable to type 'new (props: any) => Component<any, any, any>'.
      Construct signature return types 'View' and 'Component<any, any, any>' are incompatible.
        The types returned by 'render()' are incompatible between these types.
          Type 'import("C:/dev/Area-app/node_modules/@types/react/index").ReactNode' is not assignable to type 'React.ReactNode'.
            Type 'ReactElement<unknown, string | JSXElementConstructor<any>>' is not assignable to type 'ReactNode'.
              Property 'children' is missing in type 'ReactElement<unknown, string | JSXElementConstructor<any>>' but required in type 'ReactPortal'.
app/(tabs)/profile.tsx(134,12): error TS2786: 'Text' cannot be used as a JSX component.
  Its type 'typeof Text' is not a valid JSX element type.
    Type 'typeof Text' is not assignable to type 'new (props: any) => Component<any, any, any>'.
      Construct signature return types 'Text' and 'Component<any, any, any>' are incompatible.
        The types returned by 'render()' are incompatible between these types.
          Type 'import("C:/dev/Area-app/node_modules/@types/react/index").ReactNode' is not assignable to type 'React.ReactNode'.
            Type 'ReactElement<unknown, string | JSXElementConstructor<any>>' is not assignable to type 'ReactNode'.
              Property 'children' is missing in type 'ReactElement<unknown, string | JSXElementConstructor<any>>' but required in type 'ReactPortal'.
app/(tabs)/profile.tsx(135,12): error TS2786: 'View' cannot be used as a JSX component.
  Its type 'typeof View' is not a valid JSX element type.
    Type 'typeof View' is not assignable to type 'new (props: any) => Component<any, any, any>'.
      Construct signature return types 'View' and 'Component<any, any, any>' are incompatible.
        The types returned by 'render()' are incompatible between these types.
          Type 'import("C:/dev/Area-app/node_modules/@types/react/index").ReactNode' is not assignable to type 'React.ReactNode'.
            Type 'ReactElement<unknown, string | JSXElementConstructor<any>>' is not assignable to type 'ReactNode'.
              Property 'children' is missing in type 'ReactElement<unknown, string | JSXElementConstructor<any>>' but required in type 'ReactPortal'.
app/(tabs)/profile.tsx(136,14): error TS2786: 'TouchableOpacity' cannot be used as a JSX component.
  Its type 'ForwardRefExoticComponent<TouchableOpacityProps & RefAttributes<View>>' is not a valid JSX element type.
    Type 'ForwardRefExoticComponent<TouchableOpacityProps & RefAttributes<View>>' is not assignable to type '(props: any) => ReactNode | Promise<ReactNode>'.
      Type 'ReactNode' is not assignable to type 'ReactNode | Promise<ReactNode>'.
        Type 'ReactElement<unknown, string | JSXElementConstructor<any>>' is not assignable to type 'ReactNode | Promise<ReactNode>'.
          Property 'children' is missing in type 'ReactElement<unknown, string | JSXElementConstructor<any>>' but required in type 'ReactPortal'.
app/(tabs)/profile.tsx(140,16): error TS2786: 'Users' cannot be used as a JSX component.
  Its type 'LucideIcon' is not a valid JSX element type.
    Type 'ForwardRefExoticComponent<LucideProps>' is not assignable to type '(props: any) => ReactNode | Promise<ReactNode>'.
      Type 'ReactNode' is not assignable to type 'ReactNode | Promise<ReactNode>'.
        Type 'ReactElement<unknown, string | JSXElementConstructor<any>>' is not assignable to type 'ReactNode | Promise<ReactNode>'.
          Property 'children' is missing in type 'ReactElement<unknown, string | JSXElementConstructor<any>>' but required in type 'ReactPortal'.
app/(tabs)/profile.tsx(142,14): error TS2786: 'TouchableOpacity' cannot be used as a JSX component.
  Its type 'ForwardRefExoticComponent<TouchableOpacityProps & RefAttributes<View>>' is not a valid JSX element type.
    Type 'ForwardRefExoticComponent<TouchableOpacityProps & RefAttributes<View>>' is not assignable to type '(props: any) => ReactNode | Promise<ReactNode>'.
      Type 'ReactNode' is not assignable to type 'ReactNode | Promise<ReactNode>'.
        Type 'ReactElement<unknown, string | JSXElementConstructor<any>>' is not assignable to type 'ReactNode | Promise<ReactNode>'.
          Property 'children' is missing in type 'ReactElement<unknown, string | JSXElementConstructor<any>>' but required in type 'ReactPortal'.
app/(tabs)/profile.tsx(143,16): error TS2786: 'Eye' cannot be used as a JSX component.
  Its type 'LucideIcon' is not a valid JSX element type.
    Type 'ForwardRefExoticComponent<LucideProps>' is not assignable to type '(props: any) => ReactNode | Promise<ReactNode>'.
      Type 'ReactNode' is not assignable to type 'ReactNode | Promise<ReactNode>'.
        Type 'ReactElement<unknown, string | JSXElementConstructor<any>>' is not assignable to type 'ReactNode | Promise<ReactNode>'.
          Property 'children' is missing in type 'ReactElement<unknown, string | JSXElementConstructor<any>>' but required in type 'ReactPortal'.
app/(tabs)/profile.tsx(147,10): error TS2786: 'View' cannot be used as a JSX component.
  Its type 'typeof View' is not a valid JSX element type.
    Type 'typeof View' is not assignable to type 'new (props: any) => Component<any, any, any>'.
      Construct signature return types 'View' and 'Component<any, any, any>' are incompatible.
        The types returned by 'render()' are incompatible between these types.
          Type 'import("C:/dev/Area-app/node_modules/@types/react/index").ReactNode' is not assignable to type 'React.ReactNode'.
            Type 'ReactElement<unknown, string | JSXElementConstructor<any>>' is not assignable to type 'ReactNode'.
              Property 'children' is missing in type 'ReactElement<unknown, string | JSXElementConstructor<any>>' but required in type 'ReactPortal'.
app/(tabs)/profile.tsx(148,12): error TS2786: 'View' cannot be used as a JSX component.
  Its type 'typeof View' is not a valid JSX element type.
    Type 'typeof View' is not assignable to type 'new (props: any) => Component<any, any, any>'.
      Construct signature return types 'View' and 'Component<any, any, any>' are incompatible.
        The types returned by 'render()' are incompatible between these types.
          Type 'import("C:/dev/Area-app/node_modules/@types/react/index").ReactNode' is not assignable to type 'React.ReactNode'.
            Type 'ReactElement<unknown, string | JSXElementConstructor<any>>' is not assignable to type 'ReactNode'.
              Property 'children' is missing in type 'ReactElement<unknown, string | JSXElementConstructor<any>>' but required in type 'ReactPortal'.
app/(tabs)/profile.tsx(149,14): error TS2786: 'Users' cannot be used as a JSX component.
  Its type 'LucideIcon' is not a valid JSX element type.
    Type 'ForwardRefExoticComponent<LucideProps>' is not assignable to type '(props: any) => ReactNode | Promise<ReactNode>'.
      Type 'ReactNode' is not assignable to type 'ReactNode | Promise<ReactNode>'.
        Type 'ReactElement<unknown, string | JSXElementConstructor<any>>' is not assignable to type 'ReactNode | Promise<ReactNode>'.
          Property 'children' is missing in type 'ReactElement<unknown, string | JSXElementConstructor<any>>' but required in type 'ReactPortal'.
app/(tabs)/profile.tsx(150,14): error TS2786: 'Text' cannot be used as a JSX component.
  Its type 'typeof Text' is not a valid JSX element type.
    Type 'typeof Text' is not assignable to type 'new (props: any) => Component<any, any, any>'.
      Construct signature return types 'Text' and 'Component<any, any, any>' are incompatible.
        The types returned by 'render()' are incompatible between these types.
          Type 'import("C:/dev/Area-app/node_modules/@types/react/index").ReactNode' is not assignable to type 'React.ReactNode'.
            Type 'ReactElement<unknown, string | JSXElementConstructor<any>>' is not assignable to type 'ReactNode'.
              Property 'children' is missing in type 'ReactElement<unknown, string | JSXElementConstructor<any>>' but required in type 'ReactPortal'.
app/(tabs)/profile.tsx(152,12): error TS2786: 'View' cannot be used as a JSX component.
  Its type 'typeof View' is not a valid JSX element type.
    Type 'typeof View' is not assignable to type 'new (props: any) => Component<any, any, any>'.
      Construct signature return types 'View' and 'Component<any, any, any>' are incompatible.
        The types returned by 'render()' are incompatible between these types.
          Type 'import("C:/dev/Area-app/node_modules/@types/react/index").ReactNode' is not assignable to type 'React.ReactNode'.
            Type 'ReactElement<unknown, string | JSXElementConstructor<any>>' is not assignable to type 'ReactNode'.
              Property 'children' is missing in type 'ReactElement<unknown, string | JSXElementConstructor<any>>' but required in type 'ReactPortal'.
app/(tabs)/profile.tsx(153,14): error TS2786: 'View' cannot be used as a JSX component.
  Its type 'typeof View' is not a valid JSX element type.
    Type 'typeof View' is not assignable to type 'new (props: any) => Component<any, any, any>'.
      Construct signature return types 'View' and 'Component<any, any, any>' are incompatible.
        The types returned by 'render()' are incompatible between these types.
          Type 'import("C:/dev/Area-app/node_modules/@types/react/index").ReactNode' is not assignable to type 'React.ReactNode'.
            Type 'ReactElement<unknown, string | JSXElementConstructor<any>>' is not assignable to type 'ReactNode'.
              Property 'children' is missing in type 'ReactElement<unknown, string | JSXElementConstructor<any>>' but required in type 'ReactPortal'.
app/(tabs)/profile.tsx(154,14): error TS2786: 'Text' cannot be used as a JSX component.
  Its type 'typeof Text' is not a valid JSX element type.
    Type 'typeof Text' is not assignable to type 'new (props: any) => Component<any, any, any>'.
      Construct signature return types 'Text' and 'Component<any, any, any>' are incompatible.
        The types returned by 'render()' are incompatible between these types.
          Type 'import("C:/dev/Area-app/node_modules/@types/react/index").ReactNode' is not assignable to type 'React.ReactNode'.
            Type 'ReactElement<unknown, string | JSXElementConstructor<any>>' is not assignable to type 'ReactNode'.
              Property 'children' is missing in type 'ReactElement<unknown, string | JSXElementConstructor<any>>' but required in type 'ReactPortal'.
app/(tabs)/profile.tsx(162,6): error TS2786: 'SafeAreaView' cannot be used as a JSX component.
  Its type 'ForwardRefExoticComponent<NativeSafeAreaViewProps & RefAttributes<Component<NativeProps, {}, any> & Readonly<NativeMethods>>>' is not a valid JSX element type.
    Type 'ForwardRefExoticComponent<NativeSafeAreaViewProps & RefAttributes<Component<NativeProps, {}, any> & Readonly<NativeMethods>>>' is not assignable to type '(props: any) => ReactNode | Promise<ReactNode>'.
      Type 'ReactNode' is not assignable to type 'ReactNode | Promise<ReactNode>'.
        Type 'ReactElement<unknown, string | JSXElementConstructor<any>>' is not assignable to type 'ReactNode | Promise<ReactNode>'.
          Property 'children' is missing in type 'ReactElement<unknown, string | JSXElementConstructor<any>>' but required in type 'ReactPortal'.
app/(tabs)/profile.tsx(163,8): error TS2786: 'View' cannot be used as a JSX component.
  Its type 'typeof View' is not a valid JSX element type.
    Type 'typeof View' is not assignable to type 'new (props: any) => Component<any, any, any>'.
      Construct signature return types 'View' and 'Component<any, any, any>' are incompatible.
        The types returned by 'render()' are incompatible between these types.
          Type 'import("C:/dev/Area-app/node_modules/@types/react/index").ReactNode' is not assignable to type 'React.ReactNode'.
            Type 'ReactElement<unknown, string | JSXElementConstructor<any>>' is not assignable to type 'ReactNode'.
              Property 'children' is missing in type 'ReactElement<unknown, string | JSXElementConstructor<any>>' but required in type 'ReactPortal'.
app/(tabs)/profile.tsx(164,10): error TS2786: 'Text' cannot be used as a JSX component.
  Its type 'typeof Text' is not a valid JSX element type.
    Type 'typeof Text' is not assignable to type 'new (props: any) => Component<any, any, any>'.
      Construct signature return types 'Text' and 'Component<any, any, any>' are incompatible.
        The types returned by 'render()' are incompatible between these types.
          Type 'import("C:/dev/Area-app/node_modules/@types/react/index").ReactNode' is not assignable to type 'React.ReactNode'.
            Type 'ReactElement<unknown, string | JSXElementConstructor<any>>' is not assignable to type 'ReactNode'.
              Property 'children' is missing in type 'ReactElement<unknown, string | JSXElementConstructor<any>>' but required in type 'ReactPortal'.
app/(tabs)/profile.tsx(167,8): error TS2786: 'View' cannot be used as a JSX component.
  Its type 'typeof View' is not a valid JSX element type.
    Type 'typeof View' is not assignable to type 'new (props: any) => Component<any, any, any>'.
      Construct signature return types 'View' and 'Component<any, any, any>' are incompatible.
        The types returned by 'render()' are incompatible between these types.
          Type 'import("C:/dev/Area-app/node_modules/@types/react/index").ReactNode' is not assignable to type 'React.ReactNode'.
            Type 'ReactElement<unknown, string | JSXElementConstructor<any>>' is not assignable to type 'ReactNode'.
              Property 'children' is missing in type 'ReactElement<unknown, string | JSXElementConstructor<any>>' but required in type 'ReactPortal'.
app/(tabs)/profile.tsx(168,10): error TS2786: 'View' cannot be used as a JSX component.
  Its type 'typeof View' is not a valid JSX element type.
    Type 'typeof View' is not assignable to type 'new (props: any) => Component<any, any, any>'.
      Construct signature return types 'View' and 'Component<any, any, any>' are incompatible.
        The types returned by 'render()' are incompatible between these types.
          Type 'import("C:/dev/Area-app/node_modules/@types/react/index").ReactNode' is not assignable to type 'React.ReactNode'.
            Type 'ReactElement<unknown, string | JSXElementConstructor<any>>' is not assignable to type 'ReactNode'.
              Property 'children' is missing in type 'ReactElement<unknown, string | JSXElementConstructor<any>>' but required in type 'ReactPortal'.
app/(tabs)/profile.tsx(169,12): error TS2786: 'Image' cannot be used as a JSX component.
  Its type 'typeof Image' is not a valid JSX element type.
    Type 'typeof Image' is not assignable to type 'new (props: any) => Component<any, any, any>'.
      Construct signature return types 'Image' and 'Component<any, any, any>' are incompatible.
        The types returned by 'render()' are incompatible between these types.
          Type 'import("C:/dev/Area-app/node_modules/@types/react/index").ReactNode' is not assignable to type 'React.ReactNode'.
            Type 'ReactElement<unknown, string | JSXElementConstructor<any>>' is not assignable to type 'ReactNode'.
              Property 'children' is missing in type 'ReactElement<unknown, string | JSXElementConstructor<any>>' but required in type 'ReactPortal'.
app/(tabs)/profile.tsx(170,12): error TS2786: 'TouchableOpacity' cannot be used as a JSX component.
  Its type 'ForwardRefExoticComponent<TouchableOpacityProps & RefAttributes<View>>' is not a valid JSX element type.
    Type 'ForwardRefExoticComponent<TouchableOpacityProps & RefAttributes<View>>' is not assignable to type '(props: any) => ReactNode | Promise<ReactNode>'.
      Type 'ReactNode' is not assignable to type 'ReactNode | Promise<ReactNode>'.
        Type 'ReactElement<unknown, string | JSXElementConstructor<any>>' is not assignable to type 'ReactNode | Promise<ReactNode>'.
          Property 'children' is missing in type 'ReactElement<unknown, string | JSXElementConstructor<any>>' but required in type 'ReactPortal'.
app/(tabs)/profile.tsx(171,14): error TS2786: 'Camera' cannot be used as a JSX component.
  Its type 'LucideIcon' is not a valid JSX element type.
    Type 'ForwardRefExoticComponent<LucideProps>' is not assignable to type '(props: any) => ReactNode | Promise<ReactNode>'.
      Type 'ReactNode' is not assignable to type 'ReactNode | Promise<ReactNode>'.
        Type 'ReactElement<unknown, string | JSXElementConstructor<any>>' is not assignable to type 'ReactNode | Promise<ReactNode>'.
          Property 'children' is missing in type 'ReactElement<unknown, string | JSXElementConstructor<any>>' but required in type 'ReactPortal'.
app/(tabs)/profile.tsx(175,10): error TS2786: 'View' cannot be used as a JSX component.
  Its type 'typeof View' is not a valid JSX element type.
    Type 'typeof View' is not assignable to type 'new (props: any) => Component<any, any, any>'.
      Construct signature return types 'View' and 'Component<any, any, any>' are incompatible.
        The types returned by 'render()' are incompatible between these types.
          Type 'import("C:/dev/Area-app/node_modules/@types/react/index").ReactNode' is not assignable to type 'React.ReactNode'.
            Type 'ReactElement<unknown, string | JSXElementConstructor<any>>' is not assignable to type 'ReactNode'.
              Property 'children' is missing in type 'ReactElement<unknown, string | JSXElementConstructor<any>>' but required in type 'ReactPortal'.
app/(tabs)/profile.tsx(177,14): error TS2786: 'View' cannot be used as a JSX component.
  Its type 'typeof View' is not a valid JSX element type.
    Type 'typeof View' is not assignable to type 'new (props: any) => Component<any, any, any>'.
      Construct signature return types 'View' and 'Component<any, any, any>' are incompatible.
        The types returned by 'render()' are incompatible between these types.
          Type 'import("C:/dev/Area-app/node_modules/@types/react/index").ReactNode' is not assignable to type 'React.ReactNode'.
            Type 'ReactElement<unknown, string | JSXElementConstructor<any>>' is not assignable to type 'ReactNode'.
              Property 'children' is missing in type 'ReactElement<unknown, string | JSXElementConstructor<any>>' but required in type 'ReactPortal'.
app/(tabs)/profile.tsx(178,16): error TS2786: 'TextInput' cannot be used as a JSX component.
  Its type 'typeof TextInput' is not a valid JSX element type.
    Type 'typeof TextInput' is not assignable to type 'new (props: any) => Component<any, any, any>'.
      Construct signature return types 'TextInput' and 'Component<any, any, any>' are incompatible.
        The types returned by 'render()' are incompatible between these types.
          Type 'import("C:/dev/Area-app/node_modules/@types/react/index").ReactNode' is not assignable to type 'React.ReactNode'.
            Type 'ReactElement<unknown, string | JSXElementConstructor<any>>' is not assignable to type 'ReactNode'.
              Property 'children' is missing in type 'ReactElement<unknown, string | JSXElementConstructor<any>>' but required in type 'ReactPortal'.
app/(tabs)/profile.tsx(187,16): error TS2786: 'View' cannot be used as a JSX component.
  Its type 'typeof View' is not a valid JSX element type.
    Type 'typeof View' is not assignable to type 'new (props: any) => Component<any, any, any>'.
      Construct signature return types 'View' and 'Component<any, any, any>' are incompatible.
        The types returned by 'render()' are incompatible between these types.
          Type 'import("C:/dev/Area-app/node_modules/@types/react/index").ReactNode' is not assignable to type 'React.ReactNode'.
            Type 'ReactElement<unknown, string | JSXElementConstructor<any>>' is not assignable to type 'ReactNode'.
              Property 'children' is missing in type 'ReactElement<unknown, string | JSXElementConstructor<any>>' but required in type 'ReactPortal'.
app/(tabs)/profile.tsx(188,18): error TS2786: 'TouchableOpacity' cannot be used as a JSX component.
  Its type 'ForwardRefExoticComponent<TouchableOpacityProps & RefAttributes<View>>' is not a valid JSX element type.
    Type 'ForwardRefExoticComponent<TouchableOpacityProps & RefAttributes<View>>' is not assignable to type '(props: any) => ReactNode | Promise<ReactNode>'.
      Type 'ReactNode' is not assignable to type 'ReactNode | Promise<ReactNode>'.
        Type 'ReactElement<unknown, string | JSXElementConstructor<any>>' is not assignable to type 'ReactNode | Promise<ReactNode>'.
          Property 'children' is missing in type 'ReactElement<unknown, string | JSXElementConstructor<any>>' but required in type 'ReactPortal'.
app/(tabs)/profile.tsx(192,20): error TS2786: 'Text' cannot be used as a JSX component.
  Its type 'typeof Text' is not a valid JSX element type.
    Type 'typeof Text' is not assignable to type 'new (props: any) => Component<any, any, any>'.
      Construct signature return types 'Text' and 'Component<any, any, any>' are incompatible.
        The types returned by 'render()' are incompatible between these types.
          Type 'import("C:/dev/Area-app/node_modules/@types/react/index").ReactNode' is not assignable to type 'React.ReactNode'.
            Type 'ReactElement<unknown, string | JSXElementConstructor<any>>' is not assignable to type 'ReactNode'.
              Property 'children' is missing in type 'ReactElement<unknown, string | JSXElementConstructor<any>>' but required in type 'ReactPortal'.
app/(tabs)/profile.tsx(194,18): error TS2786: 'TouchableOpacity' cannot be used as a JSX component.
  Its type 'ForwardRefExoticComponent<TouchableOpacityProps & RefAttributes<View>>' is not a valid JSX element type.
    Type 'ForwardRefExoticComponent<TouchableOpacityProps & RefAttributes<View>>' is not assignable to type '(props: any) => ReactNode | Promise<ReactNode>'.
      Type 'ReactNode' is not assignable to type 'ReactNode | Promise<ReactNode>'.
        Type 'ReactElement<unknown, string | JSXElementConstructor<any>>' is not assignable to type 'ReactNode | Promise<ReactNode>'.
          Property 'children' is missing in type 'ReactElement<unknown, string | JSXElementConstructor<any>>' but required in type 'ReactPortal'.
app/(tabs)/profile.tsx(198,20): error TS2786: 'Text' cannot be used as a JSX component.
  Its type 'typeof Text' is not a valid JSX element type.
    Type 'typeof Text' is not assignable to type 'new (props: any) => Component<any, any, any>'.
      Construct signature return types 'Text' and 'Component<any, any, any>' are incompatible.
        The types returned by 'render()' are incompatible between these types.
          Type 'import("C:/dev/Area-app/node_modules/@types/react/index").ReactNode' is not assignable to type 'React.ReactNode'.
            Type 'ReactElement<unknown, string | JSXElementConstructor<any>>' is not assignable to type 'ReactNode'.
              Property 'children' is missing in type 'ReactElement<unknown, string | JSXElementConstructor<any>>' but required in type 'ReactPortal'.
app/(tabs)/profile.tsx(203,14): error TS2786: 'View' cannot be used as a JSX component.
  Its type 'typeof View' is not a valid JSX element type.
    Type 'typeof View' is not assignable to type 'new (props: any) => Component<any, any, any>'.
      Construct signature return types 'View' and 'Component<any, any, any>' are incompatible.
        The types returned by 'render()' are incompatible between these types.
          Type 'import("C:/dev/Area-app/node_modules/@types/react/index").ReactNode' is not assignable to type 'React.ReactNode'.
            Type 'ReactElement<unknown, string | JSXElementConstructor<any>>' is not assignable to type 'ReactNode'.
              Property 'children' is missing in type 'ReactElement<unknown, string | JSXElementConstructor<any>>' but required in type 'ReactPortal'.
app/(tabs)/profile.tsx(204,16): error TS2786: 'Text' cannot be used as a JSX component.
  Its type 'typeof Text' is not a valid JSX element type.
    Type 'typeof Text' is not assignable to type 'new (props: any) => Component<any, any, any>'.
      Construct signature return types 'Text' and 'Component<any, any, any>' are incompatible.
        The types returned by 'render()' are incompatible between these types.
          Type 'import("C:/dev/Area-app/node_modules/@types/react/index").ReactNode' is not assignable to type 'React.ReactNode'.
            Type 'ReactElement<unknown, string | JSXElementConstructor<any>>' is not assignable to type 'ReactNode'.
              Property 'children' is missing in type 'ReactElement<unknown, string | JSXElementConstructor<any>>' but required in type 'ReactPortal'.
app/(tabs)/profile.tsx(205,16): error TS2786: 'TouchableOpacity' cannot be used as a JSX component.
  Its type 'ForwardRefExoticComponent<TouchableOpacityProps & RefAttributes<View>>' is not a valid JSX element type.
    Type 'ForwardRefExoticComponent<TouchableOpacityProps & RefAttributes<View>>' is not assignable to type '(props: any) => ReactNode | Promise<ReactNode>'.
      Type 'ReactNode' is not assignable to type 'ReactNode | Promise<ReactNode>'.
        Type 'ReactElement<unknown, string | JSXElementConstructor<any>>' is not assignable to type 'ReactNode | Promise<ReactNode>'.
          Property 'children' is missing in type 'ReactElement<unknown, string | JSXElementConstructor<any>>' but required in type 'ReactPortal'.
app/(tabs)/profile.tsx(209,18): error TS2786: 'Edit2' cannot be used as a JSX component.
  Its type 'LucideIcon' is not a valid JSX element type.
    Type 'ForwardRefExoticComponent<LucideProps>' is not assignable to type '(props: any) => ReactNode | Promise<ReactNode>'.
      Type 'ReactNode' is not assignable to type 'ReactNode | Promise<ReactNode>'.
        Type 'ReactElement<unknown, string | JSXElementConstructor<any>>' is not assignable to type 'ReactNode | Promise<ReactNode>'.
          Property 'children' is missing in type 'ReactElement<unknown, string | JSXElementConstructor<any>>' but required in type 'ReactPortal'.
app/(tabs)/profile.tsx(214,12): error TS2786: 'View' cannot be used as a JSX component.
  Its type 'typeof View' is not a valid JSX element type.
    Type 'typeof View' is not assignable to type 'new (props: any) => Component<any, any, any>'.
      Construct signature return types 'View' and 'Component<any, any, any>' are incompatible.
        The types returned by 'render()' are incompatible between these types.
          Type 'import("C:/dev/Area-app/node_modules/@types/react/index").ReactNode' is not assignable to type 'React.ReactNode'.
            Type 'ReactElement<unknown, string | JSXElementConstructor<any>>' is not assignable to type 'ReactNode'.
              Property 'children' is missing in type 'ReactElement<unknown, string | JSXElementConstructor<any>>' but required in type 'ReactPortal'.
app/(tabs)/profile.tsx(215,14): error TS2786: 'Users' cannot be used as a JSX component.
  Its type 'LucideIcon' is not a valid JSX element type.
    Type 'ForwardRefExoticComponent<LucideProps>' is not assignable to type '(props: any) => ReactNode | Promise<ReactNode>'.
      Type 'ReactNode' is not assignable to type 'ReactNode | Promise<ReactNode>'.
        Type 'ReactElement<unknown, string | JSXElementConstructor<any>>' is not assignable to type 'ReactNode | Promise<ReactNode>'.
          Property 'children' is missing in type 'ReactElement<unknown, string | JSXElementConstructor<any>>' but required in type 'ReactPortal'.
app/(tabs)/profile.tsx(216,14): error TS2786: 'Text' cannot be used as a JSX component.
  Its type 'typeof Text' is not a valid JSX element type.
    Type 'typeof Text' is not assignable to type 'new (props: any) => Component<any, any, any>'.
      Construct signature return types 'Text' and 'Component<any, any, any>' are incompatible.
        The types returned by 'render()' are incompatible between these types.
          Type 'import("C:/dev/Area-app/node_modules/@types/react/index").ReactNode' is not assignable to type 'React.ReactNode'.
            Type 'ReactElement<unknown, string | JSXElementConstructor<any>>' is not assignable to type 'ReactNode'.
              Property 'children' is missing in type 'ReactElement<unknown, string | JSXElementConstructor<any>>' but required in type 'ReactPortal'.
app/(tabs)/profile.tsx(221,8): error TS2786: 'View' cannot be used as a JSX component.
  Its type 'typeof View' is not a valid JSX element type.
    Type 'typeof View' is not assignable to type 'new (props: any) => Component<any, any, any>'.
      Construct signature return types 'View' and 'Component<any, any, any>' are incompatible.
        The types returned by 'render()' are incompatible between these types.
          Type 'import("C:/dev/Area-app/node_modules/@types/react/index").ReactNode' is not assignable to type 'React.ReactNode'.
            Type 'ReactElement<unknown, string | JSXElementConstructor<any>>' is not assignable to type 'ReactNode'.
              Property 'children' is missing in type 'ReactElement<unknown, string | JSXElementConstructor<any>>' but required in type 'ReactPortal'.
app/(tabs)/profile.tsx(222,10): error TS2786: 'View' cannot be used as a JSX component.
  Its type 'typeof View' is not a valid JSX element type.
    Type 'typeof View' is not assignable to type 'new (props: any) => Component<any, any, any>'.
      Construct signature return types 'View' and 'Component<any, any, any>' are incompatible.
        The types returned by 'render()' are incompatible between these types.
          Type 'import("C:/dev/Area-app/node_modules/@types/react/index").ReactNode' is not assignable to type 'React.ReactNode'.
            Type 'ReactElement<unknown, string | JSXElementConstructor<any>>' is not assignable to type 'ReactNode'.
              Property 'children' is missing in type 'ReactElement<unknown, string | JSXElementConstructor<any>>' but required in type 'ReactPortal'.
app/(tabs)/profile.tsx(223,12): error TS2786: 'Text' cannot be used as a JSX component.
  Its type 'typeof Text' is not a valid JSX element type.
    Type 'typeof Text' is not assignable to type 'new (props: any) => Component<any, any, any>'.
      Construct signature return types 'Text' and 'Component<any, any, any>' are incompatible.
        The types returned by 'render()' are incompatible between these types.
          Type 'import("C:/dev/Area-app/node_modules/@types/react/index").ReactNode' is not assignable to type 'React.ReactNode'.
            Type 'ReactElement<unknown, string | JSXElementConstructor<any>>' is not assignable to type 'ReactNode'.
              Property 'children' is missing in type 'ReactElement<unknown, string | JSXElementConstructor<any>>' but required in type 'ReactPortal'.
app/(tabs)/profile.tsx(224,12): error TS2786: 'View' cannot be used as a JSX component.
  Its type 'typeof View' is not a valid JSX element type.
    Type 'typeof View' is not assignable to type 'new (props: any) => Component<any, any, any>'.
      Construct signature return types 'View' and 'Component<any, any, any>' are incompatible.
        The types returned by 'render()' are incompatible between these types.
          Type 'import("C:/dev/Area-app/node_modules/@types/react/index").ReactNode' is not assignable to type 'React.ReactNode'.
            Type 'ReactElement<unknown, string | JSXElementConstructor<any>>' is not assignable to type 'ReactNode'.
              Property 'children' is missing in type 'ReactElement<unknown, string | JSXElementConstructor<any>>' but required in type 'ReactPortal'.
app/(tabs)/profile.tsx(225,14): error TS2786: 'MapPin' cannot be used as a JSX component.
  Its type 'LucideIcon' is not a valid JSX element type.
    Type 'ForwardRefExoticComponent<LucideProps>' is not assignable to type '(props: any) => ReactNode | Promise<ReactNode>'.
      Type 'ReactNode' is not assignable to type 'ReactNode | Promise<ReactNode>'.
        Type 'ReactElement<unknown, string | JSXElementConstructor<any>>' is not assignable to type 'ReactNode | Promise<ReactNode>'.
          Property 'children' is missing in type 'ReactElement<unknown, string | JSXElementConstructor<any>>' but required in type 'ReactPortal'.
app/(tabs)/profile.tsx(226,14): error TS2786: 'Text' cannot be used as a JSX component.
  Its type 'typeof Text' is not a valid JSX element type.
    Type 'typeof Text' is not assignable to type 'new (props: any) => Component<any, any, any>'.
      Construct signature return types 'Text' and 'Component<any, any, any>' are incompatible.
        The types returned by 'render()' are incompatible between these types.
          Type 'import("C:/dev/Area-app/node_modules/@types/react/index").ReactNode' is not assignable to type 'React.ReactNode'.
            Type 'ReactElement<unknown, string | JSXElementConstructor<any>>' is not assignable to type 'ReactNode'.
              Property 'children' is missing in type 'ReactElement<unknown, string | JSXElementConstructor<any>>' but required in type 'ReactPortal'.
app/(tabs)/profile.tsx(230,10): error TS2786: 'FlatList' cannot be used as a JSX component.
  Its type 'typeof FlatList' is not a valid JSX element type.
    Type 'typeof FlatList' is not assignable to type 'new (props: any) => Component<any, any, any>'.
      Construct signature return types 'FlatList<any>' and 'Component<any, any, any>' are incompatible.
        The types returned by 'render()' are incompatible between these types.
          Type 'import("C:/dev/Area-app/node_modules/@types/react/index").ReactNode' is not assignable to type 'React.ReactNode'.
            Type 'ReactElement<unknown, string | JSXElementConstructor<any>>' is not assignable to type 'ReactNode'.
              Property 'children' is missing in type 'ReactElement<unknown, string | JSXElementConstructor<any>>' but required in type 'ReactPortal'.
app/(tabs)/profile.tsx(241,8): error TS2786: 'Modal' cannot be used as a JSX component.
  Its type 'typeof Modal' is not a valid JSX element type.
    Type 'typeof Modal' is not assignable to type 'new (props: any) => Component<any, any, any>'.
      Construct signature return types 'Modal' and 'Component<any, any, any>' are incompatible.
        The types returned by 'render()' are incompatible between these types.
          Type 'import("C:/dev/Area-app/node_modules/@types/react/index").ReactNode' is not assignable to type 'React.ReactNode'.
            Type 'ReactElement<unknown, string | JSXElementConstructor<any>>' is not assignable to type 'ReactNode'.
              Property 'children' is missing in type 'ReactElement<unknown, string | JSXElementConstructor<any>>' but required in type 'ReactPortal'.
app/(tabs)/profile.tsx(247,10): error TS2786: 'View' cannot be used as a JSX component.
  Its type 'typeof View' is not a valid JSX element type.
    Type 'typeof View' is not assignable to type 'new (props: any) => Component<any, any, any>'.
      Construct signature return types 'View' and 'Component<any, any, any>' are incompatible.
        The types returned by 'render()' are incompatible between these types.
          Type 'import("C:/dev/Area-app/node_modules/@types/react/index").ReactNode' is not assignable to type 'React.ReactNode'.
            Type 'ReactElement<unknown, string | JSXElementConstructor<any>>' is not assignable to type 'ReactNode'.
              Property 'children' is missing in type 'ReactElement<unknown, string | JSXElementConstructor<any>>' but required in type 'ReactPortal'.
app/(tabs)/profile.tsx(248,12): error TS2786: 'View' cannot be used as a JSX component.
  Its type 'typeof View' is not a valid JSX element type.
    Type 'typeof View' is not assignable to type 'new (props: any) => Component<any, any, any>'.
      Construct signature return types 'View' and 'Component<any, any, any>' are incompatible.
        The types returned by 'render()' are incompatible between these types.
          Type 'import("C:/dev/Area-app/node_modules/@types/react/index").ReactNode' is not assignable to type 'React.ReactNode'.
            Type 'ReactElement<unknown, string | JSXElementConstructor<any>>' is not assignable to type 'ReactNode'.
              Property 'children' is missing in type 'ReactElement<unknown, string | JSXElementConstructor<any>>' but required in type 'ReactPortal'.
app/(tabs)/profile.tsx(249,14): error TS2786: 'View' cannot be used as a JSX component.
  Its type 'typeof View' is not a valid JSX element type.
    Type 'typeof View' is not assignable to type 'new (props: any) => Component<any, any, any>'.
      Construct signature return types 'View' and 'Component<any, any, any>' are incompatible.
        The types returned by 'render()' are incompatible between these types.
          Type 'import("C:/dev/Area-app/node_modules/@types/react/index").ReactNode' is not assignable to type 'React.ReactNode'.
            Type 'ReactElement<unknown, string | JSXElementConstructor<any>>' is not assignable to type 'ReactNode'.
              Property 'children' is missing in type 'ReactElement<unknown, string | JSXElementConstructor<any>>' but required in type 'ReactPortal'.
app/(tabs)/profile.tsx(250,16): error TS2786: 'Text' cannot be used as a JSX component.
  Its type 'typeof Text' is not a valid JSX element type.
    Type 'typeof Text' is not assignable to type 'new (props: any) => Component<any, any, any>'.
      Construct signature return types 'Text' and 'Component<any, any, any>' are incompatible.
        The types returned by 'render()' are incompatible between these types.
          Type 'import("C:/dev/Area-app/node_modules/@types/react/index").ReactNode' is not assignable to type 'React.ReactNode'.
            Type 'ReactElement<unknown, string | JSXElementConstructor<any>>' is not assignable to type 'ReactNode'.
              Property 'children' is missing in type 'ReactElement<unknown, string | JSXElementConstructor<any>>' but required in type 'ReactPortal'.
app/(tabs)/profile.tsx(251,16): error TS2786: 'TouchableOpacity' cannot be used as a JSX component.
  Its type 'ForwardRefExoticComponent<TouchableOpacityProps & RefAttributes<View>>' is not a valid JSX element type.
    Type 'ForwardRefExoticComponent<TouchableOpacityProps & RefAttributes<View>>' is not assignable to type '(props: any) => ReactNode | Promise<ReactNode>'.
      Type 'ReactNode' is not assignable to type 'ReactNode | Promise<ReactNode>'.
        Type 'ReactElement<unknown, string | JSXElementConstructor<any>>' is not assignable to type 'ReactNode | Promise<ReactNode>'.
          Property 'children' is missing in type 'ReactElement<unknown, string | JSXElementConstructor<any>>' but required in type 'ReactPortal'.
app/(tabs)/profile.tsx(252,18): error TS2786: 'X' cannot be used as a JSX component.
  Its type 'LucideIcon' is not a valid JSX element type.
    Type 'ForwardRefExoticComponent<LucideProps>' is not assignable to type '(props: any) => ReactNode | Promise<ReactNode>'.
      Type 'ReactNode' is not assignable to type 'ReactNode | Promise<ReactNode>'.
        Type 'ReactElement<unknown, string | JSXElementConstructor<any>>' is not assignable to type 'ReactNode | Promise<ReactNode>'.
          Property 'children' is missing in type 'ReactElement<unknown, string | JSXElementConstructor<any>>' but required in type 'ReactPortal'.
app/(tabs)/profile.tsx(258,18): error TS2786: 'Image' cannot be used as a JSX component.
  Its type 'typeof Image' is not a valid JSX element type.
    Type 'typeof Image' is not assignable to type 'new (props: any) => Component<any, any, any>'.
      Construct signature return types 'Image' and 'Component<any, any, any>' are incompatible.
        The types returned by 'render()' are incompatible between these types.
          Type 'import("C:/dev/Area-app/node_modules/@types/react/index").ReactNode' is not assignable to type 'React.ReactNode'.
            Type 'ReactElement<unknown, string | JSXElementConstructor<any>>' is not assignable to type 'ReactNode'.
              Property 'children' is missing in type 'ReactElement<unknown, string | JSXElementConstructor<any>>' but required in type 'ReactPortal'.
app/(tabs)/profile.tsx(259,18): error TS2786: 'View' cannot be used as a JSX component.
  Its type 'typeof View' is not a valid JSX element type.
    Type 'typeof View' is not assignable to type 'new (props: any) => Component<any, any, any>'.
      Construct signature return types 'View' and 'Component<any, any, any>' are incompatible.
        The types returned by 'render()' are incompatible between these types.
          Type 'import("C:/dev/Area-app/node_modules/@types/react/index").ReactNode' is not assignable to type 'React.ReactNode'.
            Type 'ReactElement<unknown, string | JSXElementConstructor<any>>' is not assignable to type 'ReactNode'.
              Property 'children' is missing in type 'ReactElement<unknown, string | JSXElementConstructor<any>>' but required in type 'ReactPortal'.
app/(tabs)/profile.tsx(260,20): error TS2786: 'View' cannot be used as a JSX component.
  Its type 'typeof View' is not a valid JSX element type.
    Type 'typeof View' is not assignable to type 'new (props: any) => Component<any, any, any>'.
      Construct signature return types 'View' and 'Component<any, any, any>' are incompatible.
        The types returned by 'render()' are incompatible between these types.
          Type 'import("C:/dev/Area-app/node_modules/@types/react/index").ReactNode' is not assignable to type 'React.ReactNode'.
            Type 'ReactElement<unknown, string | JSXElementConstructor<any>>' is not assignable to type 'ReactNode'.
              Property 'children' is missing in type 'ReactElement<unknown, string | JSXElementConstructor<any>>' but required in type 'ReactPortal'.
app/(tabs)/profile.tsx(261,22): error TS2786: 'View' cannot be used as a JSX component.
  Its type 'typeof View' is not a valid JSX element type.
    Type 'typeof View' is not assignable to type 'new (props: any) => Component<any, any, any>'.
      Construct signature return types 'View' and 'Component<any, any, any>' are incompatible.
        The types returned by 'render()' are incompatible between these types.
          Type 'import("C:/dev/Area-app/node_modules/@types/react/index").ReactNode' is not assignable to type 'React.ReactNode'.
            Type 'ReactElement<unknown, string | JSXElementConstructor<any>>' is not assignable to type 'ReactNode'.
              Property 'children' is missing in type 'ReactElement<unknown, string | JSXElementConstructor<any>>' but required in type 'ReactPortal'.
app/(tabs)/profile.tsx(262,24): error TS2786: 'Users' cannot be used as a JSX component.
  Its type 'LucideIcon' is not a valid JSX element type.
    Type 'ForwardRefExoticComponent<LucideProps>' is not assignable to type '(props: any) => ReactNode | Promise<ReactNode>'.
      Type 'ReactNode' is not assignable to type 'ReactNode | Promise<ReactNode>'.
        Type 'ReactElement<unknown, string | JSXElementConstructor<any>>' is not assignable to type 'ReactNode | Promise<ReactNode>'.
          Property 'children' is missing in type 'ReactElement<unknown, string | JSXElementConstructor<any>>' but required in type 'ReactPortal'.
app/(tabs)/profile.tsx(263,24): error TS2786: 'Text' cannot be used as a JSX component.
  Its type 'typeof Text' is not a valid JSX element type.
    Type 'typeof Text' is not assignable to type 'new (props: any) => Component<any, any, any>'.
      Construct signature return types 'Text' and 'Component<any, any, any>' are incompatible.
        The types returned by 'render()' are incompatible between these types.
          Type 'import("C:/dev/Area-app/node_modules/@types/react/index").ReactNode' is not assignable to type 'React.ReactNode'.
            Type 'ReactElement<unknown, string | JSXElementConstructor<any>>' is not assignable to type 'ReactNode'.
              Property 'children' is missing in type 'ReactElement<unknown, string | JSXElementConstructor<any>>' but required in type 'ReactPortal'.
app/(tabs)/profile.tsx(267,22): error TS2786: 'View' cannot be used as a JSX component.
  Its type 'typeof View' is not a valid JSX element type.
    Type 'typeof View' is not assignable to type 'new (props: any) => Component<any, any, any>'.
      Construct signature return types 'View' and 'Component<any, any, any>' are incompatible.
        The types returned by 'render()' are incompatible between these types.
          Type 'import("C:/dev/Area-app/node_modules/@types/react/index").ReactNode' is not assignable to type 'React.ReactNode'.
            Type 'ReactElement<unknown, string | JSXElementConstructor<any>>' is not assignable to type 'ReactNode'.
              Property 'children' is missing in type 'ReactElement<unknown, string | JSXElementConstructor<any>>' but required in type 'ReactPortal'.
app/(tabs)/profile.tsx(268,24): error TS2786: 'View' cannot be used as a JSX component.
  Its type 'typeof View' is not a valid JSX element type.
    Type 'typeof View' is not assignable to type 'new (props: any) => Component<any, any, any>'.
      Construct signature return types 'View' and 'Component<any, any, any>' are incompatible.
        The types returned by 'render()' are incompatible between these types.
          Type 'import("C:/dev/Area-app/node_modules/@types/react/index").ReactNode' is not assignable to type 'React.ReactNode'.
            Type 'ReactElement<unknown, string | JSXElementConstructor<any>>' is not assignable to type 'ReactNode'.
              Property 'children' is missing in type 'ReactElement<unknown, string | JSXElementConstructor<any>>' but required in type 'ReactPortal'.
app/(tabs)/profile.tsx(269,24): error TS2786: 'Text' cannot be used as a JSX component.
  Its type 'typeof Text' is not a valid JSX element type.
    Type 'typeof Text' is not assignable to type 'new (props: any) => Component<any, any, any>'.
      Construct signature return types 'Text' and 'Component<any, any, any>' are incompatible.
        The types returned by 'render()' are incompatible between these types.
          Type 'import("C:/dev/Area-app/node_modules/@types/react/index").ReactNode' is not assignable to type 'React.ReactNode'.
            Type 'ReactElement<unknown, string | JSXElementConstructor<any>>' is not assignable to type 'ReactNode'.
              Property 'children' is missing in type 'ReactElement<unknown, string | JSXElementConstructor<any>>' but required in type 'ReactPortal'.
app/(tabs)/profile.tsx(274,20): error TS2786: 'Text' cannot be used as a JSX component.
  Its type 'typeof Text' is not a valid JSX element type.
    Type 'typeof Text' is not assignable to type 'new (props: any) => Component<any, any, any>'.
      Construct signature return types 'Text' and 'Component<any, any, any>' are incompatible.
        The types returned by 'render()' are incompatible between these types.
          Type 'import("C:/dev/Area-app/node_modules/@types/react/index").ReactNode' is not assignable to type 'React.ReactNode'.
            Type 'ReactElement<unknown, string | JSXElementConstructor<any>>' is not assignable to type 'ReactNode'.
              Property 'children' is missing in type 'ReactElement<unknown, string | JSXElementConstructor<any>>' but required in type 'ReactPortal'.
app/(tabs)/profile.tsx(286,8): error TS2786: 'Modal' cannot be used as a JSX component.
  Its type 'typeof Modal' is not a valid JSX element type.
    Type 'typeof Modal' is not assignable to type 'new (props: any) => Component<any, any, any>'.
      Construct signature return types 'Modal' and 'Component<any, any, any>' are incompatible.
        The types returned by 'render()' are incompatible between these types.
          Type 'import("C:/dev/Area-app/node_modules/@types/react/index").ReactNode' is not assignable to type 'React.ReactNode'.
            Type 'ReactElement<unknown, string | JSXElementConstructor<any>>' is not assignable to type 'ReactNode'.
              Property 'children' is missing in type 'ReactElement<unknown, string | JSXElementConstructor<any>>' but required in type 'ReactPortal'.
app/(tabs)/profile.tsx(292,10): error TS2786: 'View' cannot be used as a JSX component.
  Its type 'typeof View' is not a valid JSX element type.
    Type 'typeof View' is not assignable to type 'new (props: any) => Component<any, any, any>'.
      Construct signature return types 'View' and 'Component<any, any, any>' are incompatible.
        The types returned by 'render()' are incompatible between these types.
          Type 'import("C:/dev/Area-app/node_modules/@types/react/index").ReactNode' is not assignable to type 'React.ReactNode'.
            Type 'ReactElement<unknown, string | JSXElementConstructor<any>>' is not assignable to type 'ReactNode'.
              Property 'children' is missing in type 'ReactElement<unknown, string | JSXElementConstructor<any>>' but required in type 'ReactPortal'.
app/(tabs)/profile.tsx(293,12): error TS2786: 'View' cannot be used as a JSX component.
  Its type 'typeof View' is not a valid JSX element type.
    Type 'typeof View' is not assignable to type 'new (props: any) => Component<any, any, any>'.
      Construct signature return types 'View' and 'Component<any, any, any>' are incompatible.
        The types returned by 'render()' are incompatible between these types.
          Type 'import("C:/dev/Area-app/node_modules/@types/react/index").ReactNode' is not assignable to type 'React.ReactNode'.
            Type 'ReactElement<unknown, string | JSXElementConstructor<any>>' is not assignable to type 'ReactNode'.
              Property 'children' is missing in type 'ReactElement<unknown, string | JSXElementConstructor<any>>' but required in type 'ReactPortal'.
app/(tabs)/profile.tsx(294,14): error TS2786: 'View' cannot be used as a JSX component.
  Its type 'typeof View' is not a valid JSX element type.
    Type 'typeof View' is not assignable to type 'new (props: any) => Component<any, any, any>'.
      Construct signature return types 'View' and 'Component<any, any, any>' are incompatible.
        The types returned by 'render()' are incompatible between these types.
          Type 'import("C:/dev/Area-app/node_modules/@types/react/index").ReactNode' is not assignable to type 'React.ReactNode'.
            Type 'ReactElement<unknown, string | JSXElementConstructor<any>>' is not assignable to type 'ReactNode'.
              Property 'children' is missing in type 'ReactElement<unknown, string | JSXElementConstructor<any>>' but required in type 'ReactPortal'.
app/(tabs)/profile.tsx(295,16): error TS2786: 'Text' cannot be used as a JSX component.
  Its type 'typeof Text' is not a valid JSX element type.
    Type 'typeof Text' is not assignable to type 'new (props: any) => Component<any, any, any>'.
      Construct signature return types 'Text' and 'Component<any, any, any>' are incompatible.
        The types returned by 'render()' are incompatible between these types.
          Type 'import("C:/dev/Area-app/node_modules/@types/react/index").ReactNode' is not assignable to type 'React.ReactNode'.
            Type 'ReactElement<unknown, string | JSXElementConstructor<any>>' is not assignable to type 'ReactNode'.
              Property 'children' is missing in type 'ReactElement<unknown, string | JSXElementConstructor<any>>' but required in type 'ReactPortal'.
app/(tabs)/profile.tsx(298,16): error TS2786: 'TouchableOpacity' cannot be used as a JSX component.
  Its type 'ForwardRefExoticComponent<TouchableOpacityProps & RefAttributes<View>>' is not a valid JSX element type.
    Type 'ForwardRefExoticComponent<TouchableOpacityProps & RefAttributes<View>>' is not assignable to type '(props: any) => ReactNode | Promise<ReactNode>'.
      Type 'ReactNode' is not assignable to type 'ReactNode | Promise<ReactNode>'.
        Type 'ReactElement<unknown, string | JSXElementConstructor<any>>' is not assignable to type 'ReactNode | Promise<ReactNode>'.
          Property 'children' is missing in type 'ReactElement<unknown, string | JSXElementConstructor<any>>' but required in type 'ReactPortal'.
app/(tabs)/profile.tsx(299,18): error TS2786: 'X' cannot be used as a JSX component.
  Its type 'LucideIcon' is not a valid JSX element type.
    Type 'ForwardRefExoticComponent<LucideProps>' is not assignable to type '(props: any) => ReactNode | Promise<ReactNode>'.
      Type 'ReactNode' is not assignable to type 'ReactNode | Promise<ReactNode>'.
        Type 'ReactElement<unknown, string | JSXElementConstructor<any>>' is not assignable to type 'ReactNode | Promise<ReactNode>'.
          Property 'children' is missing in type 'ReactElement<unknown, string | JSXElementConstructor<any>>' but required in type 'ReactPortal'.
app/(tabs)/profile.tsx(303,14): error TS2786: 'View' cannot be used as a JSX component.
  Its type 'typeof View' is not a valid JSX element type.
    Type 'typeof View' is not assignable to type 'new (props: any) => Component<any, any, any>'.
      Construct signature return types 'View' and 'Component<any, any, any>' are incompatible.
        The types returned by 'render()' are incompatible between these types.
          Type 'import("C:/dev/Area-app/node_modules/@types/react/index").ReactNode' is not assignable to type 'React.ReactNode'.
            Type 'ReactElement<unknown, string | JSXElementConstructor<any>>' is not assignable to type 'ReactNode'.
              Property 'children' is missing in type 'ReactElement<unknown, string | JSXElementConstructor<any>>' but required in type 'ReactPortal'.
app/(tabs)/profile.tsx(304,16): error TS2786: 'Text' cannot be used as a JSX component.
  Its type 'typeof Text' is not a valid JSX element type.
    Type 'typeof Text' is not assignable to type 'new (props: any) => Component<any, any, any>'.
      Construct signature return types 'Text' and 'Component<any, any, any>' are incompatible.
        The types returned by 'render()' are incompatible between these types.
          Type 'import("C:/dev/Area-app/node_modules/@types/react/index").ReactNode' is not assignable to type 'React.ReactNode'.
            Type 'ReactElement<unknown, string | JSXElementConstructor<any>>' is not assignable to type 'ReactNode'.
              Property 'children' is missing in type 'ReactElement<unknown, string | JSXElementConstructor<any>>' but required in type 'ReactPortal'.
app/(tabs)/profile.tsx(305,16): error TS2786: 'View' cannot be used as a JSX component.
  Its type 'typeof View' is not a valid JSX element type.
    Type 'typeof View' is not assignable to type 'new (props: any) => Component<any, any, any>'.
      Construct signature return types 'View' and 'Component<any, any, any>' are incompatible.
        The types returned by 'render()' are incompatible between these types.
          Type 'import("C:/dev/Area-app/node_modules/@types/react/index").ReactNode' is not assignable to type 'React.ReactNode'.
            Type 'ReactElement<unknown, string | JSXElementConstructor<any>>' is not assignable to type 'ReactNode'.
              Property 'children' is missing in type 'ReactElement<unknown, string | JSXElementConstructor<any>>' but required in type 'ReactPortal'.
app/(tabs)/profile.tsx(306,18): error TS2786: 'Text' cannot be used as a JSX component.
  Its type 'typeof Text' is not a valid JSX element type.
    Type 'typeof Text' is not assignable to type 'new (props: any) => Component<any, any, any>'.
      Construct signature return types 'Text' and 'Component<any, any, any>' are incompatible.
        The types returned by 'render()' are incompatible between these types.
          Type 'import("C:/dev/Area-app/node_modules/@types/react/index").ReactNode' is not assignable to type 'React.ReactNode'.
            Type 'ReactElement<unknown, string | JSXElementConstructor<any>>' is not assignable to type 'ReactNode'.
              Property 'children' is missing in type 'ReactElement<unknown, string | JSXElementConstructor<any>>' but required in type 'ReactPortal'.
app/(tabs)/profile.tsx(307,18): error TS2786: 'TouchableOpacity' cannot be used as a JSX component.
  Its type 'ForwardRefExoticComponent<TouchableOpacityProps & RefAttributes<View>>' is not a valid JSX element type.
    Type 'ForwardRefExoticComponent<TouchableOpacityProps & RefAttributes<View>>' is not assignable to type '(props: any) => ReactNode | Promise<ReactNode>'.
      Type 'ReactNode' is not assignable to type 'ReactNode | Promise<ReactNode>'.
        Type 'ReactElement<unknown, string | JSXElementConstructor<any>>' is not assignable to type 'ReactNode | Promise<ReactNode>'.
          Property 'children' is missing in type 'ReactElement<unknown, string | JSXElementConstructor<any>>' but required in type 'ReactPortal'.
app/(tabs)/profile.tsx(308,20): error TS2786: 'Text' cannot be used as a JSX component.
  Its type 'typeof Text' is not a valid JSX element type.
    Type 'typeof Text' is not assignable to type 'new (props: any) => Component<any, any, any>'.
      Construct signature return types 'Text' and 'Component<any, any, any>' are incompatible.
        The types returned by 'render()' are incompatible between these types.
          Type 'import("C:/dev/Area-app/node_modules/@types/react/index").ReactNode' is not assignable to type 'React.ReactNode'.
            Type 'ReactElement<unknown, string | JSXElementConstructor<any>>' is not assignable to type 'ReactNode'.
              Property 'children' is missing in type 'ReactElement<unknown, string | JSXElementConstructor<any>>' but required in type 'ReactPortal'.
app/(tabs)/profile.tsx(311,16): error TS2786: 'View' cannot be used as a JSX component.
  Its type 'typeof View' is not a valid JSX element type.
    Type 'typeof View' is not assignable to type 'new (props: any) => Component<any, any, any>'.
      Construct signature return types 'View' and 'Component<any, any, any>' are incompatible.
        The types returned by 'render()' are incompatible between these types.
          Type 'import("C:/dev/Area-app/node_modules/@types/react/index").ReactNode' is not assignable to type 'React.ReactNode'.
            Type 'ReactElement<unknown, string | JSXElementConstructor<any>>' is not assignable to type 'ReactNode'.
              Property 'children' is missing in type 'ReactElement<unknown, string | JSXElementConstructor<any>>' but required in type 'ReactPortal'.
app/(tabs)/profile.tsx(312,18): error TS2786: 'Text' cannot be used as a JSX component.
  Its type 'typeof Text' is not a valid JSX element type.
    Type 'typeof Text' is not assignable to type 'new (props: any) => Component<any, any, any>'.
      Construct signature return types 'Text' and 'Component<any, any, any>' are incompatible.
        The types returned by 'render()' are incompatible between these types.
          Type 'import("C:/dev/Area-app/node_modules/@types/react/index").ReactNode' is not assignable to type 'React.ReactNode'.
            Type 'ReactElement<unknown, string | JSXElementConstructor<any>>' is not assignable to type 'ReactNode'.
              Property 'children' is missing in type 'ReactElement<unknown, string | JSXElementConstructor<any>>' but required in type 'ReactPortal'.
app/(tabs)/profile.tsx(313,18): error TS2786: 'TouchableOpacity' cannot be used as a JSX component.
  Its type 'ForwardRefExoticComponent<TouchableOpacityProps & RefAttributes<View>>' is not a valid JSX element type.
    Type 'ForwardRefExoticComponent<TouchableOpacityProps & RefAttributes<View>>' is not assignable to type '(props: any) => ReactNode | Promise<ReactNode>'.
      Type 'ReactNode' is not assignable to type 'ReactNode | Promise<ReactNode>'.
        Type 'ReactElement<unknown, string | JSXElementConstructor<any>>' is not assignable to type 'ReactNode | Promise<ReactNode>'.
          Property 'children' is missing in type 'ReactElement<unknown, string | JSXElementConstructor<any>>' but required in type 'ReactPortal'.
app/(tabs)/profile.tsx(314,20): error TS2786: 'Text' cannot be used as a JSX component.
  Its type 'typeof Text' is not a valid JSX element type.
    Type 'typeof Text' is not assignable to type 'new (props: any) => Component<any, any, any>'.
      Construct signature return types 'Text' and 'Component<any, any, any>' are incompatible.
        The types returned by 'render()' are incompatible between these types.
          Type 'import("C:/dev/Area-app/node_modules/@types/react/index").ReactNode' is not assignable to type 'React.ReactNode'.
            Type 'ReactElement<unknown, string | JSXElementConstructor<any>>' is not assignable to type 'ReactNode'.
              Property 'children' is missing in type 'ReactElement<unknown, string | JSXElementConstructor<any>>' but required in type 'ReactPortal'.
app/+not-found.tsx(8,8): error TS2786: 'View' cannot be used as a JSX component.
  Its type 'typeof View' is not a valid JSX element type.
    Type 'typeof View' is not assignable to type 'new (props: any) => Component<any, any, any>'.
      Construct signature return types 'View' and 'Component<any, any, any>' are incompatible.
        The types returned by 'render()' are incompatible between these types.
          Type 'import("C:/dev/Area-app/node_modules/@types/react/index").ReactNode' is not assignable to type 'React.ReactNode'.
            Type 'ReactElement<unknown, string | JSXElementConstructor<any>>' is not assignable to type 'ReactNode'.
              Property 'children' is missing in type 'ReactElement<unknown, string | JSXElementConstructor<any>>' but required in type 'ReactPortal'.
app/+not-found.tsx(9,10): error TS2786: 'Text' cannot be used as a JSX component.
  Its type 'typeof Text' is not a valid JSX element type.
    Type 'typeof Text' is not assignable to type 'new (props: any) => Component<any, any, any>'.
      Construct signature return types 'Text' and 'Component<any, any, any>' are incompatible.
        The types returned by 'render()' are incompatible between these types.
          Type 'import("C:/dev/Area-app/node_modules/@types/react/index").ReactNode' is not assignable to type 'React.ReactNode'.
            Type 'ReactElement<unknown, string | JSXElementConstructor<any>>' is not assignable to type 'ReactNode'.
              Property 'children' is missing in type 'ReactElement<unknown, string | JSXElementConstructor<any>>' but required in type 'ReactPortal'.
app/+not-found.tsx(11,12): error TS2786: 'Text' cannot be used as a JSX component.
  Its type 'typeof Text' is not a valid JSX element type.
    Type 'typeof Text' is not assignable to type 'new (props: any) => Component<any, any, any>'.
      Construct signature return types 'Text' and 'Component<any, any, any>' are incompatible.
        The types returned by 'render()' are incompatible between these types.
          Type 'import("C:/dev/Area-app/node_modules/@types/react/index").ReactNode' is not assignable to type 'React.ReactNode'.
            Type 'ReactElement<unknown, string | JSXElementConstructor<any>>' is not assignable to type 'ReactNode'.
              Property 'children' is missing in type 'ReactElement<unknown, string | JSXElementConstructor<any>>' but required in type 'ReactPortal'.
app/login.tsx(31,6): error TS2786: 'SafeAreaView' cannot be used as a JSX component.
  Its type 'ForwardRefExoticComponent<NativeSafeAreaViewProps & RefAttributes<Component<NativeProps, {}, any> & Readonly<NativeMethods>>>' is not a valid JSX element type.
    Type 'ForwardRefExoticComponent<NativeSafeAreaViewProps & RefAttributes<Component<NativeProps, {}, any> & Readonly<NativeMethods>>>' is not assignable to type '(props: any) => ReactNode | Promise<ReactNode>'.
      Type 'ReactNode' is not assignable to type 'ReactNode | Promise<ReactNode>'.
        Type 'ReactElement<unknown, string | JSXElementConstructor<any>>' is not assignable to type 'ReactNode | Promise<ReactNode>'.
          Property 'children' is missing in type 'ReactElement<unknown, string | JSXElementConstructor<any>>' but required in type 'ReactPortal'.
app/login.tsx(32,8): error TS2786: 'View' cannot be used as a JSX component.
  Its type 'typeof View' is not a valid JSX element type.
    Type 'typeof View' is not assignable to type 'new (props: any) => Component<any, any, any>'.
      Construct signature return types 'View' and 'Component<any, any, any>' are incompatible.
        The types returned by 'render()' are incompatible between these types.
          Type 'import("C:/dev/Area-app/node_modules/@types/react/index").ReactNode' is not assignable to type 'React.ReactNode'.
            Type 'ReactElement<unknown, string | JSXElementConstructor<any>>' is not assignable to type 'ReactNode'.
              Property 'children' is missing in type 'ReactElement<unknown, string | JSXElementConstructor<any>>' but required in type 'ReactPortal'.
app/login.tsx(33,10): error TS2786: 'Text' cannot be used as a JSX component.
  Its type 'typeof Text' is not a valid JSX element type.
    Type 'typeof Text' is not assignable to type 'new (props: any) => Component<any, any, any>'.
      Construct signature return types 'Text' and 'Component<any, any, any>' are incompatible.
        The types returned by 'render()' are incompatible between these types.
          Type 'import("C:/dev/Area-app/node_modules/@types/react/index").ReactNode' is not assignable to type 'React.ReactNode'.
            Type 'ReactElement<unknown, string | JSXElementConstructor<any>>' is not assignable to type 'ReactNode'.
              Property 'children' is missing in type 'ReactElement<unknown, string | JSXElementConstructor<any>>' but required in type 'ReactPortal'.
app/login.tsx(35,10): error TS2786: 'View' cannot be used as a JSX component.
  Its type 'typeof View' is not a valid JSX element type.
    Type 'typeof View' is not assignable to type 'new (props: any) => Component<any, any, any>'.
      Construct signature return types 'View' and 'Component<any, any, any>' are incompatible.
        The types returned by 'render()' are incompatible between these types.
          Type 'import("C:/dev/Area-app/node_modules/@types/react/index").ReactNode' is not assignable to type 'React.ReactNode'.
            Type 'ReactElement<unknown, string | JSXElementConstructor<any>>' is not assignable to type 'ReactNode'.
              Property 'children' is missing in type 'ReactElement<unknown, string | JSXElementConstructor<any>>' but required in type 'ReactPortal'.
app/login.tsx(36,12): error TS2786: 'Text' cannot be used as a JSX component.
  Its type 'typeof Text' is not a valid JSX element type.
    Type 'typeof Text' is not assignable to type 'new (props: any) => Component<any, any, any>'.
      Construct signature return types 'Text' and 'Component<any, any, any>' are incompatible.
        The types returned by 'render()' are incompatible between these types.
          Type 'import("C:/dev/Area-app/node_modules/@types/react/index").ReactNode' is not assignable to type 'React.ReactNode'.
            Type 'ReactElement<unknown, string | JSXElementConstructor<any>>' is not assignable to type 'ReactNode'.
              Property 'children' is missing in type 'ReactElement<unknown, string | JSXElementConstructor<any>>' but required in type 'ReactPortal'.
app/login.tsx(37,12): error TS2786: 'TextInput' cannot be used as a JSX component.
  Its type 'typeof TextInput' is not a valid JSX element type.
    Type 'typeof TextInput' is not assignable to type 'new (props: any) => Component<any, any, any>'.
      Construct signature return types 'TextInput' and 'Component<any, any, any>' are incompatible.
        The types returned by 'render()' are incompatible between these types.
          Type 'import("C:/dev/Area-app/node_modules/@types/react/index").ReactNode' is not assignable to type 'React.ReactNode'.
            Type 'ReactElement<unknown, string | JSXElementConstructor<any>>' is not assignable to type 'ReactNode'.
              Property 'children' is missing in type 'ReactElement<unknown, string | JSXElementConstructor<any>>' but required in type 'ReactPortal'.
app/login.tsx(46,12): error TS2786: 'Text' cannot be used as a JSX component.
  Its type 'typeof Text' is not a valid JSX element type.
    Type 'typeof Text' is not assignable to type 'new (props: any) => Component<any, any, any>'.
      Construct signature return types 'Text' and 'Component<any, any, any>' are incompatible.
        The types returned by 'render()' are incompatible between these types.
          Type 'import("C:/dev/Area-app/node_modules/@types/react/index").ReactNode' is not assignable to type 'React.ReactNode'.
            Type 'ReactElement<unknown, string | JSXElementConstructor<any>>' is not assignable to type 'ReactNode'.
              Property 'children' is missing in type 'ReactElement<unknown, string | JSXElementConstructor<any>>' but required in type 'ReactPortal'.
app/login.tsx(47,12): error TS2786: 'TextInput' cannot be used as a JSX component.
  Its type 'typeof TextInput' is not a valid JSX element type.
    Type 'typeof TextInput' is not assignable to type 'new (props: any) => Component<any, any, any>'.
      Construct signature return types 'TextInput' and 'Component<any, any, any>' are incompatible.
        The types returned by 'render()' are incompatible between these types.
          Type 'import("C:/dev/Area-app/node_modules/@types/react/index").ReactNode' is not assignable to type 'React.ReactNode'.
            Type 'ReactElement<unknown, string | JSXElementConstructor<any>>' is not assignable to type 'ReactNode'.
              Property 'children' is missing in type 'ReactElement<unknown, string | JSXElementConstructor<any>>' but required in type 'ReactPortal'.
app/login.tsx(55,12): error TS2786: 'TouchableOpacity' cannot be used as a JSX component.
  Its type 'ForwardRefExoticComponent<TouchableOpacityProps & RefAttributes<View>>' is not a valid JSX element type.
    Type 'ForwardRefExoticComponent<TouchableOpacityProps & RefAttributes<View>>' is not assignable to type '(props: any) => ReactNode | Promise<ReactNode>'.
      Type 'ReactNode' is not assignable to type 'ReactNode | Promise<ReactNode>'.
        Type 'ReactElement<unknown, string | JSXElementConstructor<any>>' is not assignable to type 'ReactNode | Promise<ReactNode>'.
          Property 'children' is missing in type 'ReactElement<unknown, string | JSXElementConstructor<any>>' but required in type 'ReactPortal'.
app/login.tsx(60,14): error TS2786: 'Text' cannot be used as a JSX component.
  Its type 'typeof Text' is not a valid JSX element type.
    Type 'typeof Text' is not assignable to type 'new (props: any) => Component<any, any, any>'.
      Construct signature return types 'Text' and 'Component<any, any, any>' are incompatible.
        The types returned by 'render()' are incompatible between these types.
          Type 'import("C:/dev/Area-app/node_modules/@types/react/index").ReactNode' is not assignable to type 'React.ReactNode'.
            Type 'ReactElement<unknown, string | JSXElementConstructor<any>>' is not assignable to type 'ReactNode'.
              Property 'children' is missing in type 'ReactElement<unknown, string | JSXElementConstructor<any>>' but required in type 'ReactPortal'.
app/login.tsx(65,12): error TS2786: 'TouchableOpacity' cannot be used as a JSX component.
  Its type 'ForwardRefExoticComponent<TouchableOpacityProps & RefAttributes<View>>' is not a valid JSX element type.
    Type 'ForwardRefExoticComponent<TouchableOpacityProps & RefAttributes<View>>' is not assignable to type '(props: any) => ReactNode | Promise<ReactNode>'.
      Type 'ReactNode' is not assignable to type 'ReactNode | Promise<ReactNode>'.
        Type 'ReactElement<unknown, string | JSXElementConstructor<any>>' is not assignable to type 'ReactNode | Promise<ReactNode>'.
          Property 'children' is missing in type 'ReactElement<unknown, string | JSXElementConstructor<any>>' but required in type 'ReactPortal'.
app/login.tsx(68,14): error TS2786: 'Text' cannot be used as a JSX component.
  Its type 'typeof Text' is not a valid JSX element type.
    Type 'typeof Text' is not assignable to type 'new (props: any) => Component<any, any, any>'.
      Construct signature return types 'Text' and 'Component<any, any, any>' are incompatible.
        The types returned by 'render()' are incompatible between these types.
          Type 'import("C:/dev/Area-app/node_modules/@types/react/index").ReactNode' is not assignable to type 'React.ReactNode'.
            Type 'ReactElement<unknown, string | JSXElementConstructor<any>>' is not assignable to type 'ReactNode'.
              Property 'children' is missing in type 'ReactElement<unknown, string | JSXElementConstructor<any>>' but required in type 'ReactPortal'.
app/register.tsx(39,6): error TS2786: 'SafeAreaView' cannot be used as a JSX component.
  Its type 'ForwardRefExoticComponent<NativeSafeAreaViewProps & RefAttributes<Component<NativeProps, {}, any> & Readonly<NativeMethods>>>' is not a valid JSX element type.
    Type 'ForwardRefExoticComponent<NativeSafeAreaViewProps & RefAttributes<Component<NativeProps, {}, any> & Readonly<NativeMethods>>>' is not assignable to type '(props: any) => ReactNode | Promise<ReactNode>'.
      Type 'ReactNode' is not assignable to type 'ReactNode | Promise<ReactNode>'.
        Type 'ReactElement<unknown, string | JSXElementConstructor<any>>' is not assignable to type 'ReactNode | Promise<ReactNode>'.
          Property 'children' is missing in type 'ReactElement<unknown, string | JSXElementConstructor<any>>' but required in type 'ReactPortal'.
app/register.tsx(40,8): error TS2786: 'View' cannot be used as a JSX component.
  Its type 'typeof View' is not a valid JSX element type.
    Type 'typeof View' is not assignable to type 'new (props: any) => Component<any, any, any>'.
      Construct signature return types 'View' and 'Component<any, any, any>' are incompatible.
        The types returned by 'render()' are incompatible between these types.
          Type 'import("C:/dev/Area-app/node_modules/@types/react/index").ReactNode' is not assignable to type 'React.ReactNode'.
            Type 'ReactElement<unknown, string | JSXElementConstructor<any>>' is not assignable to type 'ReactNode'.
              Property 'children' is missing in type 'ReactElement<unknown, string | JSXElementConstructor<any>>' but required in type 'ReactPortal'.
app/register.tsx(41,10): error TS2786: 'Text' cannot be used as a JSX component.
  Its type 'typeof Text' is not a valid JSX element type.
    Type 'typeof Text' is not assignable to type 'new (props: any) => Component<any, any, any>'.
      Construct signature return types 'Text' and 'Component<any, any, any>' are incompatible.
        The types returned by 'render()' are incompatible between these types.
          Type 'import("C:/dev/Area-app/node_modules/@types/react/index").ReactNode' is not assignable to type 'React.ReactNode'.
            Type 'ReactElement<unknown, string | JSXElementConstructor<any>>' is not assignable to type 'ReactNode'.
              Property 'children' is missing in type 'ReactElement<unknown, string | JSXElementConstructor<any>>' but required in type 'ReactPortal'.
app/register.tsx(43,10): error TS2786: 'View' cannot be used as a JSX component.
  Its type 'typeof View' is not a valid JSX element type.
    Type 'typeof View' is not assignable to type 'new (props: any) => Component<any, any, any>'.
      Construct signature return types 'View' and 'Component<any, any, any>' are incompatible.
        The types returned by 'render()' are incompatible between these types.
          Type 'import("C:/dev/Area-app/node_modules/@types/react/index").ReactNode' is not assignable to type 'React.ReactNode'.
            Type 'ReactElement<unknown, string | JSXElementConstructor<any>>' is not assignable to type 'ReactNode'.
              Property 'children' is missing in type 'ReactElement<unknown, string | JSXElementConstructor<any>>' but required in type 'ReactPortal'.
app/register.tsx(44,12): error TS2786: 'Text' cannot be used as a JSX component.
  Its type 'typeof Text' is not a valid JSX element type.
    Type 'typeof Text' is not assignable to type 'new (props: any) => Component<any, any, any>'.
      Construct signature return types 'Text' and 'Component<any, any, any>' are incompatible.
        The types returned by 'render()' are incompatible between these types.
          Type 'import("C:/dev/Area-app/node_modules/@types/react/index").ReactNode' is not assignable to type 'React.ReactNode'.
            Type 'ReactElement<unknown, string | JSXElementConstructor<any>>' is not assignable to type 'ReactNode'.
              Property 'children' is missing in type 'ReactElement<unknown, string | JSXElementConstructor<any>>' but required in type 'ReactPortal'.
app/register.tsx(45,12): error TS2786: 'TextInput' cannot be used as a JSX component.
  Its type 'typeof TextInput' is not a valid JSX element type.
    Type 'typeof TextInput' is not assignable to type 'new (props: any) => Component<any, any, any>'.
      Construct signature return types 'TextInput' and 'Component<any, any, any>' are incompatible.
        The types returned by 'render()' are incompatible between these types.
          Type 'import("C:/dev/Area-app/node_modules/@types/react/index").ReactNode' is not assignable to type 'React.ReactNode'.
            Type 'ReactElement<unknown, string | JSXElementConstructor<any>>' is not assignable to type 'ReactNode'.
              Property 'children' is missing in type 'ReactElement<unknown, string | JSXElementConstructor<any>>' but required in type 'ReactPortal'.
app/register.tsx(53,12): error TS2786: 'Text' cannot be used as a JSX component.
  Its type 'typeof Text' is not a valid JSX element type.
    Type 'typeof Text' is not assignable to type 'new (props: any) => Component<any, any, any>'.
      Construct signature return types 'Text' and 'Component<any, any, any>' are incompatible.
        The types returned by 'render()' are incompatible between these types.
          Type 'import("C:/dev/Area-app/node_modules/@types/react/index").ReactNode' is not assignable to type 'React.ReactNode'.
            Type 'ReactElement<unknown, string | JSXElementConstructor<any>>' is not assignable to type 'ReactNode'.
              Property 'children' is missing in type 'ReactElement<unknown, string | JSXElementConstructor<any>>' but required in type 'ReactPortal'.
app/register.tsx(54,12): error TS2786: 'TextInput' cannot be used as a JSX component.
  Its type 'typeof TextInput' is not a valid JSX element type.
    Type 'typeof TextInput' is not assignable to type 'new (props: any) => Component<any, any, any>'.
      Construct signature return types 'TextInput' and 'Component<any, any, any>' are incompatible.
        The types returned by 'render()' are incompatible between these types.
          Type 'import("C:/dev/Area-app/node_modules/@types/react/index").ReactNode' is not assignable to type 'React.ReactNode'.
            Type 'ReactElement<unknown, string | JSXElementConstructor<any>>' is not assignable to type 'ReactNode'.
              Property 'children' is missing in type 'ReactElement<unknown, string | JSXElementConstructor<any>>' but required in type 'ReactPortal'.
app/register.tsx(61,12): error TS2786: 'Text' cannot be used as a JSX component.
  Its type 'typeof Text' is not a valid JSX element type.
    Type 'typeof Text' is not assignable to type 'new (props: any) => Component<any, any, any>'.
      Construct signature return types 'Text' and 'Component<any, any, any>' are incompatible.
        The types returned by 'render()' are incompatible between these types.
          Type 'import("C:/dev/Area-app/node_modules/@types/react/index").ReactNode' is not assignable to type 'React.ReactNode'.
            Type 'ReactElement<unknown, string | JSXElementConstructor<any>>' is not assignable to type 'ReactNode'.
              Property 'children' is missing in type 'ReactElement<unknown, string | JSXElementConstructor<any>>' but required in type 'ReactPortal'.
app/register.tsx(62,12): error TS2786: 'TextInput' cannot be used as a JSX component.
  Its type 'typeof TextInput' is not a valid JSX element type.
    Type 'typeof TextInput' is not assignable to type 'new (props: any) => Component<any, any, any>'.
      Construct signature return types 'TextInput' and 'Component<any, any, any>' are incompatible.
        The types returned by 'render()' are incompatible between these types.
          Type 'import("C:/dev/Area-app/node_modules/@types/react/index").ReactNode' is not assignable to type 'React.ReactNode'.
            Type 'ReactElement<unknown, string | JSXElementConstructor<any>>' is not assignable to type 'ReactNode'.
              Property 'children' is missing in type 'ReactElement<unknown, string | JSXElementConstructor<any>>' but required in type 'ReactPortal'.
app/register.tsx(71,12): error TS2786: 'Text' cannot be used as a JSX component.
  Its type 'typeof Text' is not a valid JSX element type.
    Type 'typeof Text' is not assignable to type 'new (props: any) => Component<any, any, any>'.
      Construct signature return types 'Text' and 'Component<any, any, any>' are incompatible.
        The types returned by 'render()' are incompatible between these types.
          Type 'import("C:/dev/Area-app/node_modules/@types/react/index").ReactNode' is not assignable to type 'React.ReactNode'.
            Type 'ReactElement<unknown, string | JSXElementConstructor<any>>' is not assignable to type 'ReactNode'.
              Property 'children' is missing in type 'ReactElement<unknown, string | JSXElementConstructor<any>>' but required in type 'ReactPortal'.
app/register.tsx(72,12): error TS2786: 'TextInput' cannot be used as a JSX component.
  Its type 'typeof TextInput' is not a valid JSX element type.
    Type 'typeof TextInput' is not assignable to type 'new (props: any) => Component<any, any, any>'.
      Construct signature return types 'TextInput' and 'Component<any, any, any>' are incompatible.
        The types returned by 'render()' are incompatible between these types.
          Type 'import("C:/dev/Area-app/node_modules/@types/react/index").ReactNode' is not assignable to type 'React.ReactNode'.
            Type 'ReactElement<unknown, string | JSXElementConstructor<any>>' is not assignable to type 'ReactNode'.
              Property 'children' is missing in type 'ReactElement<unknown, string | JSXElementConstructor<any>>' but required in type 'ReactPortal'.
app/register.tsx(80,12): error TS2786: 'Text' cannot be used as a JSX component.
  Its type 'typeof Text' is not a valid JSX element type.
    Type 'typeof Text' is not assignable to type 'new (props: any) => Component<any, any, any>'.
      Construct signature return types 'Text' and 'Component<any, any, any>' are incompatible.
        The types returned by 'render()' are incompatible between these types.
          Type 'import("C:/dev/Area-app/node_modules/@types/react/index").ReactNode' is not assignable to type 'React.ReactNode'.
            Type 'ReactElement<unknown, string | JSXElementConstructor<any>>' is not assignable to type 'ReactNode'.
              Property 'children' is missing in type 'ReactElement<unknown, string | JSXElementConstructor<any>>' but required in type 'ReactPortal'.
app/register.tsx(81,12): error TS2786: 'TextInput' cannot be used as a JSX component.
  Its type 'typeof TextInput' is not a valid JSX element type.
    Type 'typeof TextInput' is not assignable to type 'new (props: any) => Component<any, any, any>'.
      Construct signature return types 'TextInput' and 'Component<any, any, any>' are incompatible.
        The types returned by 'render()' are incompatible between these types.
          Type 'import("C:/dev/Area-app/node_modules/@types/react/index").ReactNode' is not assignable to type 'React.ReactNode'.
            Type 'ReactElement<unknown, string | JSXElementConstructor<any>>' is not assignable to type 'ReactNode'.
              Property 'children' is missing in type 'ReactElement<unknown, string | JSXElementConstructor<any>>' but required in type 'ReactPortal'.
app/register.tsx(89,12): error TS2786: 'TouchableOpacity' cannot be used as a JSX component.
  Its type 'ForwardRefExoticComponent<TouchableOpacityProps & RefAttributes<View>>' is not a valid JSX element type.
    Type 'ForwardRefExoticComponent<TouchableOpacityProps & RefAttributes<View>>' is not assignable to type '(props: any) => ReactNode | Promise<ReactNode>'.
      Type 'ReactNode' is not assignable to type 'ReactNode | Promise<ReactNode>'.
        Type 'ReactElement<unknown, string | JSXElementConstructor<any>>' is not assignable to type 'ReactNode | Promise<ReactNode>'.
          Property 'children' is missing in type 'ReactElement<unknown, string | JSXElementConstructor<any>>' but required in type 'ReactPortal'.
app/register.tsx(94,14): error TS2786: 'Text' cannot be used as a JSX component.
  Its type 'typeof Text' is not a valid JSX element type.
    Type 'typeof Text' is not assignable to type 'new (props: any) => Component<any, any, any>'.
      Construct signature return types 'Text' and 'Component<any, any, any>' are incompatible.
        The types returned by 'render()' are incompatible between these types.
          Type 'import("C:/dev/Area-app/node_modules/@types/react/index").ReactNode' is not assignable to type 'React.ReactNode'.
            Type 'ReactElement<unknown, string | JSXElementConstructor<any>>' is not assignable to type 'ReactNode'.
              Property 'children' is missing in type 'ReactElement<unknown, string | JSXElementConstructor<any>>' but required in type 'ReactPortal'.
app/register.tsx(99,12): error TS2786: 'TouchableOpacity' cannot be used as a JSX component.
  Its type 'ForwardRefExoticComponent<TouchableOpacityProps & RefAttributes<View>>' is not a valid JSX element type.
    Type 'ForwardRefExoticComponent<TouchableOpacityProps & RefAttributes<View>>' is not assignable to type '(props: any) => ReactNode | Promise<ReactNode>'.
      Type 'ReactNode' is not assignable to type 'ReactNode | Promise<ReactNode>'.
        Type 'ReactElement<unknown, string | JSXElementConstructor<any>>' is not assignable to type 'ReactNode | Promise<ReactNode>'.
          Property 'children' is missing in type 'ReactElement<unknown, string | JSXElementConstructor<any>>' but required in type 'ReactPortal'.
app/register.tsx(102,14): error TS2786: 'Text' cannot be used as a JSX component.
  Its type 'typeof Text' is not a valid JSX element type.
    Type 'typeof Text' is not assignable to type 'new (props: any) => Component<any, any, any>'.
      Construct signature return types 'Text' and 'Component<any, any, any>' are incompatible.
        The types returned by 'render()' are incompatible between these types.
          Type 'import("C:/dev/Area-app/node_modules/@types/react/index").ReactNode' is not assignable to type 'React.ReactNode'.
            Type 'ReactElement<unknown, string | JSXElementConstructor<any>>' is not assignable to type 'ReactNode'.
              Property 'children' is missing in type 'ReactElement<unknown, string | JSXElementConstructor<any>>' but required in type 'ReactPortal'.
app/start.tsx(8,6): error TS2786: 'SafeAreaView' cannot be used as a JSX component.
  Its type 'ForwardRefExoticComponent<NativeSafeAreaViewProps & RefAttributes<Component<NativeProps, {}, any> & Readonly<NativeMethods>>>' is not a valid JSX element type.
    Type 'ForwardRefExoticComponent<NativeSafeAreaViewProps & RefAttributes<Component<NativeProps, {}, any> & Readonly<NativeMethods>>>' is not assignable to type '(props: any) => ReactNode | Promise<ReactNode>'.
      Type 'ReactNode' is not assignable to type 'ReactNode | Promise<ReactNode>'.
        Type 'ReactElement<unknown, string | JSXElementConstructor<any>>' is not assignable to type 'ReactNode | Promise<ReactNode>'.
          Property 'children' is missing in type 'ReactElement<unknown, string | JSXElementConstructor<any>>' but required in type 'ReactPortal'.
app/start.tsx(9,8): error TS2786: 'View' cannot be used as a JSX component.
  Its type 'typeof View' is not a valid JSX element type.
    Type 'typeof View' is not assignable to type 'new (props: any) => Component<any, any, any>'.
      Construct signature return types 'View' and 'Component<any, any, any>' are incompatible.
        The types returned by 'render()' are incompatible between these types.
          Type 'import("C:/dev/Area-app/node_modules/@types/react/index").ReactNode' is not assignable to type 'React.ReactNode'.
            Type 'ReactElement<unknown, string | JSXElementConstructor<any>>' is not assignable to type 'ReactNode'.
              Property 'children' is missing in type 'ReactElement<unknown, string | JSXElementConstructor<any>>' but required in type 'ReactPortal'.
app/start.tsx(10,10): error TS2786: 'Text' cannot be used as a JSX component.
  Its type 'typeof Text' is not a valid JSX element type.
    Type 'typeof Text' is not assignable to type 'new (props: any) => Component<any, any, any>'.
      Construct signature return types 'Text' and 'Component<any, any, any>' are incompatible.
        The types returned by 'render()' are incompatible between these types.
          Type 'import("C:/dev/Area-app/node_modules/@types/react/index").ReactNode' is not assignable to type 'React.ReactNode'.
            Type 'ReactElement<unknown, string | JSXElementConstructor<any>>' is not assignable to type 'ReactNode'.
              Property 'children' is missing in type 'ReactElement<unknown, string | JSXElementConstructor<any>>' but required in type 'ReactPortal'.
app/start.tsx(11,10): error TS2786: 'Text' cannot be used as a JSX component.
  Its type 'typeof Text' is not a valid JSX element type.
    Type 'typeof Text' is not assignable to type 'new (props: any) => Component<any, any, any>'.
      Construct signature return types 'Text' and 'Component<any, any, any>' are incompatible.
        The types returned by 'render()' are incompatible between these types.
          Type 'import("C:/dev/Area-app/node_modules/@types/react/index").ReactNode' is not assignable to type 'React.ReactNode'.
            Type 'ReactElement<unknown, string | JSXElementConstructor<any>>' is not assignable to type 'ReactNode'.
              Property 'children' is missing in type 'ReactElement<unknown, string | JSXElementConstructor<any>>' but required in type 'ReactPortal'.
app/start.tsx(13,10): error TS2786: 'View' cannot be used as a JSX component.
  Its type 'typeof View' is not a valid JSX element type.
    Type 'typeof View' is not assignable to type 'new (props: any) => Component<any, any, any>'.
      Construct signature return types 'View' and 'Component<any, any, any>' are incompatible.
        The types returned by 'render()' are incompatible between these types.
          Type 'import("C:/dev/Area-app/node_modules/@types/react/index").ReactNode' is not assignable to type 'React.ReactNode'.
            Type 'ReactElement<unknown, string | JSXElementConstructor<any>>' is not assignable to type 'ReactNode'.
              Property 'children' is missing in type 'ReactElement<unknown, string | JSXElementConstructor<any>>' but required in type 'ReactPortal'.
app/start.tsx(15,14): error TS2786: 'TouchableOpacity' cannot be used as a JSX component.
  Its type 'ForwardRefExoticComponent<TouchableOpacityProps & RefAttributes<View>>' is not a valid JSX element type.
    Type 'ForwardRefExoticComponent<TouchableOpacityProps & RefAttributes<View>>' is not assignable to type '(props: any) => ReactNode | Promise<ReactNode>'.
      Type 'ReactNode' is not assignable to type 'ReactNode | Promise<ReactNode>'.
        Type 'ReactElement<unknown, string | JSXElementConstructor<any>>' is not assignable to type 'ReactNode | Promise<ReactNode>'.
          Property 'children' is missing in type 'ReactElement<unknown, string | JSXElementConstructor<any>>' but required in type 'ReactPortal'.
app/start.tsx(16,16): error TS2786: 'Text' cannot be used as a JSX component.
  Its type 'typeof Text' is not a valid JSX element type.
    Type 'typeof Text' is not assignable to type 'new (props: any) => Component<any, any, any>'.
      Construct signature return types 'Text' and 'Component<any, any, any>' are incompatible.
        The types returned by 'render()' are incompatible between these types.
          Type 'import("C:/dev/Area-app/node_modules/@types/react/index").ReactNode' is not assignable to type 'React.ReactNode'.
            Type 'ReactElement<unknown, string | JSXElementConstructor<any>>' is not assignable to type 'ReactNode'.
              Property 'children' is missing in type 'ReactElement<unknown, string | JSXElementConstructor<any>>' but required in type 'ReactPortal'.
app/start.tsx(21,14): error TS2786: 'TouchableOpacity' cannot be used as a JSX component.
  Its type 'ForwardRefExoticComponent<TouchableOpacityProps & RefAttributes<View>>' is not a valid JSX element type.
    Type 'ForwardRefExoticComponent<TouchableOpacityProps & RefAttributes<View>>' is not assignable to type '(props: any) => ReactNode | Promise<ReactNode>'.
      Type 'ReactNode' is not assignable to type 'ReactNode | Promise<ReactNode>'.
        Type 'ReactElement<unknown, string | JSXElementConstructor<any>>' is not assignable to type 'ReactNode | Promise<ReactNode>'.
          Property 'children' is missing in type 'ReactElement<unknown, string | JSXElementConstructor<any>>' but required in type 'ReactPortal'.
app/start.tsx(22,16): error TS2786: 'Text' cannot be used as a JSX component.
  Its type 'typeof Text' is not a valid JSX element type.
    Type 'typeof Text' is not assignable to type 'new (props: any) => Component<any, any, any>'.
      Construct signature return types 'Text' and 'Component<any, any, any>' are incompatible.
        The types returned by 'render()' are incompatible between these types.
          Type 'import("C:/dev/Area-app/node_modules/@types/react/index").ReactNode' is not assignable to type 'React.ReactNode'.
            Type 'ReactElement<unknown, string | JSXElementConstructor<any>>' is not assignable to type 'ReactNode'.
              Property 'children' is missing in type 'ReactElement<unknown, string | JSXElementConstructor<any>>' but required in type 'ReactPortal'.
